******************************************************************************
                  TI ARM Linker PC v20.2.4                     
******************************************************************************
>> Linked Wed Oct 11 16:32:30 2023

OUTPUT FILE NAME:   <Lab6_Assignment_1.out>
ENTRY POINT SYMBOL: "_c_int00_noargs"  address: 00003145


MEMORY CONFIGURATION

         name            origin    length      used     unused   attr    fill
----------------------  --------  ---------  --------  --------  ----  --------
  FLASH                 00000000   00100000  000035d8  000fca28  R  X
  SRAM                  20000000   00040000  0000c72c  000338d4  RW X


SEGMENT ALLOCATION MAP

run origin  load origin   length   init length attrs members
----------  ----------- ---------- ----------- ----- -------
00000000    00000000    000035d8   000035d8    r-x
  00000000    00000000    00000208   00000208    r-- .intvecs
  00000208    00000208    00003090   00003090    r-x .text
  00003298    00003298    00000300   00000300    r-- .const
  00003598    00003598    00000040   00000040    r-- .cinit
20000000    20000000    0000c730   00000000    rw-
  20000000    20000000    0000c4d4   00000000    rw- .bss
  2000c4d8    2000c4d8    00000200   00000000    rw- .stack
  2000c6d8    2000c6d8    00000058   00000000    rw- .data


SECTION ALLOCATION MAP

 output                                  attributes/
section   page    origin      length       input sections
--------  ----  ----------  ----------   ----------------
.intvecs   0    00000000    00000208     
                  00000000    00000208     tm4c129encpdt_startup_ccs.obj (.intvecs)

.text      0    00000208    00003090     
                  00000208    00001180     tasks.obj (.text)
                  00001388    000006c4     queue.obj (.text)
                  00001a4c    00000408     uartstdio.obj (.text)
                  00001e54    0000038c     timers.obj (.text)
                  000021e0    000002f4     pinout.obj (.text)
                  000024d4    00000200     driverlib.lib : sysctl.obj (.text:SysCtlClockFreqSet)
                  000026d4    000001bc     main.obj (.text)
                  00002890    0000016c     driverlib.lib : gpio.obj (.text:GPIOPadConfigSet)
                  000029fc    00000118     heap_2.obj (.text)
                  00002b14    000000dc     port.obj (.text)
                  00002bf0    000000d2     portasm.obj (.text)
                  00002cc2    00000002     rtsv7M4_T_le_v4SPD16_eabi.lib : _lock.c.obj (.text:_nop)
                  00002cc4    000000cc     buttons.obj (.text)
                  00002d90    0000009c     rtsv7M4_T_le_v4SPD16_eabi.lib : memcpy_t2.asm.obj (.text)
                  00002e2c    0000008c     list.obj (.text)
                  00002eb8    0000007a     rtsv7M4_T_le_v4SPD16_eabi.lib : memset_t2.asm.obj (.text)
                  00002f32    00000068                                   : copy_decompress_lzss.c.obj (.text:decompress:lzss:__TI_decompress_lzss)
                  00002f9a    0000005e                                   : i_divt2.asm.obj (.text)
                  00002ff8    0000004c     driverlib.lib : gpio.obj (.text:GPIOPinConfigure)
                  00003044    00000048                   : sysctl.obj (.text:_SysCtlFrequencyGet)
                  0000308c    00000044     rtsv7M4_T_le_v4SPD16_eabi.lib : autoinit.c.obj (.text:__TI_auto_init_nobinit_nopinit:__TI_auto_init_nobinit_nopinit)
                  000030d0    00000040                                   : u_divt2.asm.obj (.text)
                  00003110    00000034     driverlib.lib : sysctl.obj (.text:SysCtlPeripheralEnable)
                  00003144    00000034     rtsv7M4_T_le_v4SPD16_eabi.lib : boot_cortex_m.c.obj (.text:_c_int00_noargs:_c_int00_noargs)
                  00003178    00000034                                   : rand.c.obj (.text:rand)
                  000031ac    0000002c     driverlib.lib : gpio.obj (.text:GPIODirModeSet)
                  000031d8    00000024     rtsv7M4_T_le_v4SPD16_eabi.lib : rand.c.obj (.text:srand)
                  000031fc    00000020     driverlib.lib : sysctl.obj (.text:_SysCtlMemTimingGet)
                  0000321c    0000001a                   : gpio.obj (.text:GPIOPinTypeGPIOOutput)
                  00003236    00000016                   : gpio.obj (.text:GPIOPinTypeEthernetLED)
                  0000324c    00000016                   : gpio.obj (.text:GPIOPinTypeUART)
                  00003262    0000000e     rtsv7M4_T_le_v4SPD16_eabi.lib : copy_decompress_none.c.obj (.text:decompress:none:__TI_decompress_none)
                  00003270    0000000c                                   : copy_zero_init.c.obj (.text:decompress:ZI:__TI_zero_init)
                  0000327c    0000000c     tm4c129encpdt_startup_ccs.obj (.text)
                  00003288    00000006     driverlib.lib : uart.obj (.text:UARTClockSourceSet)
                  0000328e    00000004     rtsv7M4_T_le_v4SPD16_eabi.lib : pre_init.c.obj (.text:_system_pre_init)
                  00003292    00000004                                   : exit.c.obj (.text:abort:abort)
                  00003296    00000002                                   : div0.asm.obj (.text)

.const     0    00003298    00000300     
                  00003298    000001b0     driverlib.lib : sysctl.obj (.const:g_pppui32XTALtoVCO)
                  00003448    00000090                   : gpio.obj (.const:g_pui32GPIOBaseAddrs)
                  000034d8    0000006c                   : sysctl.obj (.const:g_pui32Xtals)
                  00003544    00000030                   : sysctl.obj (.const:g_sXTALtoMEMTIM)
                  00003574    0000000c     uartstdio.obj (.const:g_ui32UARTBase)
                  00003580    0000000c     uartstdio.obj (.const:g_ui32UARTPeriph)
                  0000358c    00000008     driverlib.lib : sysctl.obj (.const:g_pui32VCOFrequencies)
                  00003594    00000004     port.obj (.const)

.cinit     0    00003598    00000040     
                  00003598    0000001b     (.cinit..data.load) [load image, compression = lzss]
                  000035b3    00000001     --HOLE-- [fill = 0]
                  000035b4    0000000c     (__TI_handler_table)
                  000035c0    00000008     (.cinit..bss.load) [load image, compression = zero_init]
                  000035c8    00000010     (__TI_cinit_table)

.init_array 
*          0    00000000    00000000     UNINITIALIZED

.bss       0    20000000    0000c4d4     UNINITIALIZED
                  20000000    0000c350     heap_2.obj (.bss:ucHeap)
                  2000c350    00000064     tasks.obj (.bss:pxReadyTasksLists)
                  2000c3b4    00000040     (.common:xQueueRegistry)
                  2000c3f4    0000002c     (.common:gData)
                  2000c420    00000014     timers.obj (.bss:xActiveTimerList1)
                  2000c434    00000014     timers.obj (.bss:xActiveTimerList2)
                  2000c448    00000014     tasks.obj (.bss:xDelayedTaskList1)
                  2000c45c    00000014     tasks.obj (.bss:xDelayedTaskList2)
                  2000c470    00000014     tasks.obj (.bss:xPendingReadyList)
                  2000c484    00000014     tasks.obj (.bss:xSuspendedTaskList)
                  2000c498    00000014     tasks.obj (.bss:xTasksWaitingTermination)
                  2000c4ac    00000008     tasks.obj (.bss)
                  2000c4b4    00000008     timers.obj (.bss)
                  2000c4bc    00000008     heap_2.obj (.bss:xEnd)
                  2000c4c4    00000008     heap_2.obj (.bss:xStart)
                  2000c4cc    00000004     (.common:gConsumerTask)
                  2000c4d0    00000004     (.common:gProducerTask)

.data      0    2000c6d8    00000058     UNINITIALIZED
                  2000c6d8    00000030     tasks.obj (.data)
                  2000c708    00000008     rtsv7M4_T_le_v4SPD16_eabi.lib : _lock.c.obj (.data:$O1$$)
                  2000c710    00000008     heap_2.obj (.data)
                  2000c718    00000008     timers.obj (.data)
                  2000c720    00000005     uartstdio.obj (.data)
                  2000c725    00000003     buttons.obj (.data)
                  2000c728    00000004     port.obj (.data)
                  2000c72c    00000004     rtsv7M4_T_le_v4SPD16_eabi.lib : rand.c.obj (.data)

.stack     0    2000c4d8    00000200     UNINITIALIZED
                  2000c4d8    00000004     rtsv7M4_T_le_v4SPD16_eabi.lib : boot_cortex_m.c.obj (.stack)
                  2000c4dc    000001fc     --HOLE--

__llvm_prf_cnts 
*          0    20000000    00000000     UNINITIALIZED

MODULE SUMMARY

       Module                          code    ro data   rw data
       ------                          ----    -------   -------
    .\
       tm4c129encpdt_startup_ccs.obj   12      520       0      
       main.obj                        444     0         52     
    +--+-------------------------------+-------+---------+---------+
       Total:                          456     520       52     
                                                                
    .\Drivers\
       uartstdio.obj                   1032    24        5      
       pinout.obj                      756     0         0      
       buttons.obj                     204     0         3      
    +--+-------------------------------+-------+---------+---------+
       Total:                          1992    24        8      
                                                                
    .\FreeRTOS\
       tasks.obj                       4480    0         256    
       queue.obj                       1732    0         64     
       timers.obj                      908     0         56     
       list.obj                        140     0         0      
    +--+-------------------------------+-------+---------+---------+
       Total:                          7260    0         376    
                                                                
    .\FreeRTOS\portable\CCS\ARM_CM4F\
       port.obj                        220     4         4      
       portasm.obj                     210     0         0      
    +--+-------------------------------+-------+---------+---------+
       Total:                          430     4         4      
                                                                
    .\FreeRTOS\portable\MemMang\
       heap_2.obj                      280     0         50024  
    +--+-------------------------------+-------+---------+---------+
       Total:                          280     0         50024  
                                                                
    C:/ti/TivaWare_C_Series-2.2.0.295/driverlib/ccs/Debug/driverlib.lib
       sysctl.obj                      668     596       0      
       gpio.obj                        554     144       0      
       uart.obj                        6       0         0      
    +--+-------------------------------+-------+---------+---------+
       Total:                          1228    740       0      
                                                                
    C:\ti\ccs1031\ccs\tools\compiler\ti-cgt-arm_20.2.4.LTS\lib\rtsv7M4_T_le_v4SPD16_eabi.lib
       memcpy_t2.asm.obj               156     0         0      
       memset_t2.asm.obj               122     0         0      
       copy_decompress_lzss.c.obj      104     0         0      
       i_divt2.asm.obj                 94      0         0      
       rand.c.obj                      88      0         4      
       autoinit.c.obj                  68      0         0      
       u_divt2.asm.obj                 64      0         0      
       boot_cortex_m.c.obj             52      0         0      
       copy_decompress_none.c.obj      14      0         0      
       copy_zero_init.c.obj            12      0         0      
       _lock.c.obj                     2       0         8      
       exit.c.obj                      4       0         0      
       pre_init.c.obj                  4       0         0      
       div0.asm.obj                    2       0         0      
    +--+-------------------------------+-------+---------+---------+
       Total:                          786     0         12     
                                                                
       Stack:                          0       0         512    
       Linker Generated:               0       63        0      
    +--+-------------------------------+-------+---------+---------+
       Grand Total:                    12432   1351      50988  


LINKER GENERATED COPY TABLES

__TI_cinit_table @ 000035c8 records: 2, size/record: 8, table size: 16
	.data: load addr=00003598, load size=0000001b bytes, run addr=2000c6d8, run size=00000058 bytes, compression=lzss
	.bss: load addr=000035c0, load size=00000008 bytes, run addr=20000000, run size=0000c4d4 bytes, compression=zero_init


LINKER GENERATED HANDLER TABLE

__TI_handler_table @ 000035b4 records: 3, size/record: 4, table size: 12
	index: 0, handler: __TI_decompress_lzss
	index: 1, handler: __TI_decompress_none
	index: 2, handler: __TI_zero_init


GLOBAL SYMBOLS: SORTED ALPHABETICALLY BY Name 

address   name                             
-------   ----                             
00002d39  ButtonsInit                      
00002cc5  ButtonsPoll                      
00003293  C$$EXIT                          
000026d5  ConfigureUART                    
000027cf  Consumer                         
000031ad  GPIODirModeSet                   
00002891  GPIOPadConfigSet                 
00002ff9  GPIOPinConfigure                 
00003237  GPIOPinTypeEthernetLED           
0000321d  GPIOPinTypeGPIOOutput            
0000324d  GPIOPinTypeUART                  
00002433  LEDRead                          
000023bd  LEDWrite                         
000021e1  PinoutSet                        
0000277d  Producer                         
0000327d  ResetISR                         
00002711  SetClockFrequency                
000024d5  SysCtlClockFreqSet               
00003111  SysCtlPeripheralEnable           
00003289  UARTClockSourceSet               
00001dad  UARTStdioConfig                  
00001d99  UARTgetc                         
00001ca9  UARTgets                         
00001c8f  UARTprintf                       
00001ab3  UARTvprintf                      
00001a4d  UARTwrite                        
2000c6d8  __STACK_END                      
00000200  __STACK_SIZE                     
2000c6d8  __STACK_TOP                      
000035c8  __TI_CINIT_Base                  
000035d8  __TI_CINIT_Limit                 
000035b4  __TI_Handler_Table_Base          
000035c0  __TI_Handler_Table_Limit         
0000308d  __TI_auto_init_nobinit_nopinit   
00002f33  __TI_decompress_lzss             
00003263  __TI_decompress_none             
ffffffff  __TI_pprof_out_hndl              
ffffffff  __TI_prof_data_size              
ffffffff  __TI_prof_data_start             
00000000  __TI_static_base__               
00003271  __TI_zero_init                   
00002f9b  __aeabi_idiv                     
00003297  __aeabi_idiv0                    
00002f9b  __aeabi_idivmod                  
00003297  __aeabi_ldiv0                    
00002eb9  __aeabi_memclr                   
00002eb9  __aeabi_memclr4                  
00002eb9  __aeabi_memclr8                  
00002d91  __aeabi_memcpy                   
00002d91  __aeabi_memcpy4                  
00002d91  __aeabi_memcpy8                  
00002ebb  __aeabi_memset                   
00002ebb  __aeabi_memset4                  
00002ebb  __aeabi_memset8                  
000030d1  __aeabi_uidiv                    
000030d1  __aeabi_uidivmod                 
ffffffff  __binit__                        
ffffffff  __c_args__                       
0000277b  __error__                        
UNDEFED   __mpu_init                       
2000c4d8  __stack                          
20000000  __start___llvm_prf_cnts          
20000000  __stop___llvm_prf_cnts           
00003145  _c_int00_noargs                  
2000c708  _lock                            
00002cc3  _nop                             
UNDEFED   _system_post_cinit               
0000328f  _system_pre_init                 
2000c70c  _unlock                          
00003293  abort                            
ffffffff  binit                            
2000c4cc  gConsumerTask                    
2000c3f4  gData                            
2000c4d0  gProducerTask                    
00000000  g_pfnVectors                     
00002719  main                             
00002d91  memcpy                           
00002ec1  memset                           
000021b9  pcTimerGetTimerName              
00002a65  pvPortMalloc                     
000012bf  pvTaskIncrementMutexHeldCount    
00001f6b  pvTimerGetTimerID                
2000c6d8  pxCurrentTCB                     
00002bab  pxPortInitialiseStack            
00003179  rand                             
000031d9  srand                            
00001a3f  ucQueueGetQueueType              
00003594  ulMaxSyscallInterruptPriority    
00002c01  ulPortGetIPSR                    
00001231  ulTaskNotifyTake                 
00002e99  uxListRemove                     
00001a3b  uxQueueGetQueueNumber            
00001a29  uxQueueMessagesWaiting           
00001a25  uxQueueMessagesWaitingFromISR    
00001a11  uxQueueSpacesAvailable           
00001211  uxTaskGetNumberOfTasks           
0000118d  uxTaskGetSystemState             
000010e5  uxTaskGetTaskNumber              
000010c9  uxTaskPriorityGet                
000010a9  uxTaskPriorityGetFromISR         
00001095  uxTaskResetEventItemValue        
00002e83  vListInitialise                  
00002e7d  vListInitialiseItem              
00002e45  vListInsert                      
00002e2d  vListInsertEnd                   
00002cb5  vPortEnableVFP                   
00002ba9  vPortEndScheduler                
00002b91  vPortEnterCritical               
00002b7f  vPortExitCritical                
00002a05  vPortFree                        
00002a03  vPortInitialiseBlocks            
00002c79  vPortSVCHandler                  
00002b3b  vPortSetupTimerInterrupt         
00002c99  vPortStartFirstTask              
000019f5  vQueueAddToRegistry              
000019e5  vQueueDelete                     
000019e1  vQueueSetQueueNumber             
000019c7  vQueueUnregisterQueue            
00001987  vQueueWaitForMessageRestricted   
00001049  vTaskDelay                       
00000fcb  vTaskDelayUntil                  
00000f39  vTaskDelete                      
00000f21  vTaskEndScheduler                
00000f19  vTaskMissedYield                 
00000e99  vTaskNotifyGiveFromISR           
00000e35  vTaskPlaceOnEventList            
00000dd5  vTaskPlaceOnEventListRestricted  
00000d71  vTaskPlaceOnUnorderedEventList   
00000ced  vTaskPriorityInherit             
00000c1d  vTaskPrioritySet                 
00000bb1  vTaskResume                      
00000b95  vTaskSetTaskNumber               
000009f9  vTaskSetTimeOutState             
00000b47  vTaskStartScheduler              
00000ab5  vTaskSuspend                     
00000aa5  vTaskSuspendAll                  
00000a53  vTaskSwitchContext               
00001f55  vTimerSetTimerID                 
000029fd  xPortGetFreeHeapSize             
00002c19  xPortPendSVHandler               
00002b47  xPortStartScheduler              
00002b15  xPortSysTickHandler              
00001973  xQueueCreateCountingSemaphore    
00001925  xQueueCreateMutex                
000018e9  xQueueGenericCreate              
0000142b  xQueueGenericReceive             
0000186b  xQueueGenericReset               
000016a3  xQueueGenericSend                
0000180f  xQueueGenericSendFromISR         
000017b9  xQueueGiveFromISR                
0000178d  xQueueGiveMutexRecursive         
00001609  xQueueIsQueueEmptyFromISR        
000015fb  xQueueIsQueueFullFromISR         
000015c9  xQueuePeekFromISR                
0000156d  xQueueReceiveFromISR             
2000c3b4  xQueueRegistry                   
0000153d  xQueueTakeMutexRecursive         
00000a07  xTaskCheckForTimeOut             
0000090d  xTaskGenericCreate               
00000791  xTaskGenericNotify               
000006e1  xTaskGenericNotifyFromISR        
000006d5  xTaskGetCurrentTaskHandle        
000006bd  xTaskGetSchedulerState           
000006b1  xTaskGetTickCount                
000006ab  xTaskGetTickCountFromISR         
000002ad  xTaskIncrementTick               
00000681  xTaskNotifyStateClear            
000005c5  xTaskNotifyWait                  
000004f9  xTaskPriorityDisinherit          
00000495  xTaskRemoveFromEventList         
00000445  xTaskRemoveFromUnorderedEventList
00000389  xTaskResumeAll                   
00000223  xTaskResumeFromISR               
00001f1b  xTimerCreate                     
00001ee9  xTimerCreateTimerTask            
00001e6d  xTimerGenericCommand             
00001e55  xTimerIsTimerActive              


GLOBAL SYMBOLS: SORTED BY Symbol Address 

address   name                             
-------   ----                             
00000000  __TI_static_base__               
00000000  g_pfnVectors                     
00000200  __STACK_SIZE                     
00000223  xTaskResumeFromISR               
000002ad  xTaskIncrementTick               
00000389  xTaskResumeAll                   
00000445  xTaskRemoveFromUnorderedEventList
00000495  xTaskRemoveFromEventList         
000004f9  xTaskPriorityDisinherit          
000005c5  xTaskNotifyWait                  
00000681  xTaskNotifyStateClear            
000006ab  xTaskGetTickCountFromISR         
000006b1  xTaskGetTickCount                
000006bd  xTaskGetSchedulerState           
000006d5  xTaskGetCurrentTaskHandle        
000006e1  xTaskGenericNotifyFromISR        
00000791  xTaskGenericNotify               
0000090d  xTaskGenericCreate               
000009f9  vTaskSetTimeOutState             
00000a07  xTaskCheckForTimeOut             
00000a53  vTaskSwitchContext               
00000aa5  vTaskSuspendAll                  
00000ab5  vTaskSuspend                     
00000b47  vTaskStartScheduler              
00000b95  vTaskSetTaskNumber               
00000bb1  vTaskResume                      
00000c1d  vTaskPrioritySet                 
00000ced  vTaskPriorityInherit             
00000d71  vTaskPlaceOnUnorderedEventList   
00000dd5  vTaskPlaceOnEventListRestricted  
00000e35  vTaskPlaceOnEventList            
00000e99  vTaskNotifyGiveFromISR           
00000f19  vTaskMissedYield                 
00000f21  vTaskEndScheduler                
00000f39  vTaskDelete                      
00000fcb  vTaskDelayUntil                  
00001049  vTaskDelay                       
00001095  uxTaskResetEventItemValue        
000010a9  uxTaskPriorityGetFromISR         
000010c9  uxTaskPriorityGet                
000010e5  uxTaskGetTaskNumber              
0000118d  uxTaskGetSystemState             
00001211  uxTaskGetNumberOfTasks           
00001231  ulTaskNotifyTake                 
000012bf  pvTaskIncrementMutexHeldCount    
0000142b  xQueueGenericReceive             
0000153d  xQueueTakeMutexRecursive         
0000156d  xQueueReceiveFromISR             
000015c9  xQueuePeekFromISR                
000015fb  xQueueIsQueueFullFromISR         
00001609  xQueueIsQueueEmptyFromISR        
000016a3  xQueueGenericSend                
0000178d  xQueueGiveMutexRecursive         
000017b9  xQueueGiveFromISR                
0000180f  xQueueGenericSendFromISR         
0000186b  xQueueGenericReset               
000018e9  xQueueGenericCreate              
00001925  xQueueCreateMutex                
00001973  xQueueCreateCountingSemaphore    
00001987  vQueueWaitForMessageRestricted   
000019c7  vQueueUnregisterQueue            
000019e1  vQueueSetQueueNumber             
000019e5  vQueueDelete                     
000019f5  vQueueAddToRegistry              
00001a11  uxQueueSpacesAvailable           
00001a25  uxQueueMessagesWaitingFromISR    
00001a29  uxQueueMessagesWaiting           
00001a3b  uxQueueGetQueueNumber            
00001a3f  ucQueueGetQueueType              
00001a4d  UARTwrite                        
00001ab3  UARTvprintf                      
00001c8f  UARTprintf                       
00001ca9  UARTgets                         
00001d99  UARTgetc                         
00001dad  UARTStdioConfig                  
00001e55  xTimerIsTimerActive              
00001e6d  xTimerGenericCommand             
00001ee9  xTimerCreateTimerTask            
00001f1b  xTimerCreate                     
00001f55  vTimerSetTimerID                 
00001f6b  pvTimerGetTimerID                
000021b9  pcTimerGetTimerName              
000021e1  PinoutSet                        
000023bd  LEDWrite                         
00002433  LEDRead                          
000024d5  SysCtlClockFreqSet               
000026d5  ConfigureUART                    
00002711  SetClockFrequency                
00002719  main                             
0000277b  __error__                        
0000277d  Producer                         
000027cf  Consumer                         
00002891  GPIOPadConfigSet                 
000029fd  xPortGetFreeHeapSize             
00002a03  vPortInitialiseBlocks            
00002a05  vPortFree                        
00002a65  pvPortMalloc                     
00002b15  xPortSysTickHandler              
00002b3b  vPortSetupTimerInterrupt         
00002b47  xPortStartScheduler              
00002b7f  vPortExitCritical                
00002b91  vPortEnterCritical               
00002ba9  vPortEndScheduler                
00002bab  pxPortInitialiseStack            
00002c01  ulPortGetIPSR                    
00002c19  xPortPendSVHandler               
00002c79  vPortSVCHandler                  
00002c99  vPortStartFirstTask              
00002cb5  vPortEnableVFP                   
00002cc3  _nop                             
00002cc5  ButtonsPoll                      
00002d39  ButtonsInit                      
00002d91  __aeabi_memcpy                   
00002d91  __aeabi_memcpy4                  
00002d91  __aeabi_memcpy8                  
00002d91  memcpy                           
00002e2d  vListInsertEnd                   
00002e45  vListInsert                      
00002e7d  vListInitialiseItem              
00002e83  vListInitialise                  
00002e99  uxListRemove                     
00002eb9  __aeabi_memclr                   
00002eb9  __aeabi_memclr4                  
00002eb9  __aeabi_memclr8                  
00002ebb  __aeabi_memset                   
00002ebb  __aeabi_memset4                  
00002ebb  __aeabi_memset8                  
00002ec1  memset                           
00002f33  __TI_decompress_lzss             
00002f9b  __aeabi_idiv                     
00002f9b  __aeabi_idivmod                  
00002ff9  GPIOPinConfigure                 
0000308d  __TI_auto_init_nobinit_nopinit   
000030d1  __aeabi_uidiv                    
000030d1  __aeabi_uidivmod                 
00003111  SysCtlPeripheralEnable           
00003145  _c_int00_noargs                  
00003179  rand                             
000031ad  GPIODirModeSet                   
000031d9  srand                            
0000321d  GPIOPinTypeGPIOOutput            
00003237  GPIOPinTypeEthernetLED           
0000324d  GPIOPinTypeUART                  
00003263  __TI_decompress_none             
00003271  __TI_zero_init                   
0000327d  ResetISR                         
00003289  UARTClockSourceSet               
0000328f  _system_pre_init                 
00003293  C$$EXIT                          
00003293  abort                            
00003297  __aeabi_idiv0                    
00003297  __aeabi_ldiv0                    
00003594  ulMaxSyscallInterruptPriority    
000035b4  __TI_Handler_Table_Base          
000035c0  __TI_Handler_Table_Limit         
000035c8  __TI_CINIT_Base                  
000035d8  __TI_CINIT_Limit                 
20000000  __start___llvm_prf_cnts          
20000000  __stop___llvm_prf_cnts           
2000c3b4  xQueueRegistry                   
2000c3f4  gData                            
2000c4cc  gConsumerTask                    
2000c4d0  gProducerTask                    
2000c4d8  __stack                          
2000c6d8  __STACK_END                      
2000c6d8  __STACK_TOP                      
2000c6d8  pxCurrentTCB                     
2000c708  _lock                            
2000c70c  _unlock                          
ffffffff  __TI_pprof_out_hndl              
ffffffff  __TI_prof_data_size              
ffffffff  __TI_prof_data_start             
ffffffff  __binit__                        
ffffffff  __c_args__                       
ffffffff  binit                            
UNDEFED   __mpu_init                       
UNDEFED   _system_post_cinit               

[177 symbols]
