******************************************************************************
                  TI ARM Linker PC v20.2.4                     
******************************************************************************
>> Linked Tue Oct 10 14:55:37 2023

OUTPUT FILE NAME:   <Lab5_FreeRTOS_Optional.out>
ENTRY POINT SYMBOL: "_c_int00_noargs"  address: 00003009


MEMORY CONFIGURATION

         name            origin    length      used     unused   attr    fill
----------------------  --------  ---------  --------  --------  ----  --------
  FLASH                 00000000   00100000  0000343a  000fcbc6  R  X
  SRAM                  20000000   00040000  0000c6ec  00033914  RW X


SEGMENT ALLOCATION MAP

run origin  load origin   length   init length attrs members
----------  ----------- ---------- ----------- ----- -------
00000000    00000000    00003440   00003440    r-x
  00000000    00000000    00000208   00000208    r-- .intvecs
  00000208    00000208    00002efa   00002efa    r-x .text
  00003104    00003104    00000300   00000300    r-- .const
  00003408    00003408    00000038   00000038    r-- .cinit
20000000    20000000    0000c6ec   00000000    rw-
  20000000    20000000    0000c4a0   00000000    rw- .bss
  2000c4a0    2000c4a0    00000200   00000000    rw- .stack
  2000c6a0    2000c6a0    0000004c   00000000    rw- .data


SECTION ALLOCATION MAP

 output                                  attributes/
section   page    origin      length       input sections
--------  ----  ----------  ----------   ----------------
.intvecs   0    00000000    00000208     
                  00000000    00000208     tm4c129encpdt_startup_ccs.obj (.intvecs)

.text      0    00000208    00002efa     
                  00000208    00001180     tasks.obj (.text)
                  00001388    000006c4     queue.obj (.text)
                  00001a4c    00000408     uartstdio.obj (.text)
                  00001e54    0000038c     timers.obj (.text)
                  000021e0    000002f4     pinout.obj (.text)
                  000024d4    00000200     driverlib.lib : sysctl.obj (.text:SysCtlClockFreqSet)
                  000026d4    0000016c                   : gpio.obj (.text:GPIOPadConfigSet)
                  00002840    00000118     heap_2.obj (.text)
                  00002958    000000dc     main.obj (.text)
                  00002a34    000000dc     port.obj (.text)
                  00002b10    000000d2     portasm.obj (.text)
                  00002be2    00000002     rtsv7M4_T_le_v4SPD16_eabi.lib : div0.asm.obj (.text)
                  00002be4    000000cc     buttons.obj (.text)
                  00002cb0    0000009c     rtsv7M4_T_le_v4SPD16_eabi.lib : memcpy_t2.asm.obj (.text)
                  00002d4c    0000008c     list.obj (.text)
                  00002dd8    0000007a     rtsv7M4_T_le_v4SPD16_eabi.lib : memset_t2.asm.obj (.text)
                  00002e52    00000068                                   : copy_decompress_lzss.c.obj (.text:decompress:lzss:__TI_decompress_lzss)
                  00002eba    00000002     --HOLE-- [fill = 0]
                  00002ebc    0000004c     driverlib.lib : gpio.obj (.text:GPIOPinConfigure)
                  00002f08    00000048                   : sysctl.obj (.text:_SysCtlFrequencyGet)
                  00002f50    00000044     rtsv7M4_T_le_v4SPD16_eabi.lib : autoinit.c.obj (.text:__TI_auto_init_nobinit_nopinit:__TI_auto_init_nobinit_nopinit)
                  00002f94    00000040                                   : u_divt2.asm.obj (.text)
                  00002fd4    00000034     driverlib.lib : sysctl.obj (.text:SysCtlPeripheralEnable)
                  00003008    00000034     rtsv7M4_T_le_v4SPD16_eabi.lib : boot_cortex_m.c.obj (.text:_c_int00_noargs:_c_int00_noargs)
                  0000303c    0000002c     driverlib.lib : gpio.obj (.text:GPIODirModeSet)
                  00003068    00000020                   : sysctl.obj (.text:_SysCtlMemTimingGet)
                  00003088    0000001a                   : gpio.obj (.text:GPIOPinTypeGPIOOutput)
                  000030a2    00000016                   : gpio.obj (.text:GPIOPinTypeEthernetLED)
                  000030b8    00000016                   : gpio.obj (.text:GPIOPinTypeUART)
                  000030ce    0000000e     rtsv7M4_T_le_v4SPD16_eabi.lib : copy_decompress_none.c.obj (.text:decompress:none:__TI_decompress_none)
                  000030dc    0000000c                                   : copy_zero_init.c.obj (.text:decompress:ZI:__TI_zero_init)
                  000030e8    0000000c     tm4c129encpdt_startup_ccs.obj (.text)
                  000030f4    00000006     driverlib.lib : uart.obj (.text:UARTClockSourceSet)
                  000030fa    00000004     rtsv7M4_T_le_v4SPD16_eabi.lib : pre_init.c.obj (.text:_system_pre_init)
                  000030fe    00000004                                   : exit.c.obj (.text:abort:abort)

.const     0    00003104    00000300     
                  00003104    000001b0     driverlib.lib : sysctl.obj (.const:g_pppui32XTALtoVCO)
                  000032b4    00000090                   : gpio.obj (.const:g_pui32GPIOBaseAddrs)
                  00003344    0000006c                   : sysctl.obj (.const:g_pui32Xtals)
                  000033b0    00000030                   : sysctl.obj (.const:g_sXTALtoMEMTIM)
                  000033e0    0000000c     uartstdio.obj (.const:g_ui32UARTBase)
                  000033ec    0000000c     uartstdio.obj (.const:g_ui32UARTPeriph)
                  000033f8    00000008     driverlib.lib : sysctl.obj (.const:g_pui32VCOFrequencies)
                  00003400    00000004     port.obj (.const)

.cinit     0    00003408    00000038     
                  00003408    00000014     (.cinit..data.load) [load image, compression = lzss]
                  0000341c    0000000c     (__TI_handler_table)
                  00003428    00000008     (.cinit..bss.load) [load image, compression = zero_init]
                  00003430    00000010     (__TI_cinit_table)

.init_array 
*          0    00000000    00000000     UNINITIALIZED

.bss       0    20000000    0000c4a0     UNINITIALIZED
                  20000000    0000c350     heap_2.obj (.bss:ucHeap)
                  2000c350    00000064     tasks.obj (.bss:pxReadyTasksLists)
                  2000c3b4    00000040     (.common:xQueueRegistry)
                  2000c3f4    00000014     timers.obj (.bss:xActiveTimerList1)
                  2000c408    00000014     timers.obj (.bss:xActiveTimerList2)
                  2000c41c    00000014     tasks.obj (.bss:xDelayedTaskList1)
                  2000c430    00000014     tasks.obj (.bss:xDelayedTaskList2)
                  2000c444    00000014     tasks.obj (.bss:xPendingReadyList)
                  2000c458    00000014     tasks.obj (.bss:xSuspendedTaskList)
                  2000c46c    00000014     tasks.obj (.bss:xTasksWaitingTermination)
                  2000c480    00000008     tasks.obj (.bss)
                  2000c488    00000008     timers.obj (.bss)
                  2000c490    00000008     heap_2.obj (.bss:xEnd)
                  2000c498    00000008     heap_2.obj (.bss:xStart)

.data      0    2000c6a0    0000004c     UNINITIALIZED
                  2000c6a0    00000030     tasks.obj (.data)
                  2000c6d0    00000008     heap_2.obj (.data)
                  2000c6d8    00000008     timers.obj (.data)
                  2000c6e0    00000005     uartstdio.obj (.data)
                  2000c6e5    00000003     buttons.obj (.data)
                  2000c6e8    00000004     port.obj (.data)

.stack     0    2000c4a0    00000200     UNINITIALIZED
                  2000c4a0    00000004     rtsv7M4_T_le_v4SPD16_eabi.lib : boot_cortex_m.c.obj (.stack)
                  2000c4a4    000001fc     --HOLE--

__llvm_prf_cnts 
*          0    20000000    00000000     UNINITIALIZED

MODULE SUMMARY

       Module                          code    ro data   rw data
       ------                          ----    -------   -------
    .\
       tm4c129encpdt_startup_ccs.obj   12      520       0      
       main.obj                        220     0         0      
    +--+-------------------------------+-------+---------+---------+
       Total:                          232     520       0      
                                                                
    .\Drivers\
       uartstdio.obj                   1032    24        5      
       pinout.obj                      756     0         0      
       buttons.obj                     204     0         3      
    +--+-------------------------------+-------+---------+---------+
       Total:                          1992    24        8      
                                                                
    .\FreeRTOS\
       tasks.obj                       4480    0         256    
       queue.obj                       1732    0         64     
       timers.obj                      908     0         56     
       list.obj                        140     0         0      
    +--+-------------------------------+-------+---------+---------+
       Total:                          7260    0         376    
                                                                
    .\FreeRTOS\portable\CCS\ARM_CM4F\
       port.obj                        220     4         4      
       portasm.obj                     210     0         0      
    +--+-------------------------------+-------+---------+---------+
       Total:                          430     4         4      
                                                                
    .\FreeRTOS\portable\MemMang\
       heap_2.obj                      280     0         50024  
    +--+-------------------------------+-------+---------+---------+
       Total:                          280     0         50024  
                                                                
    C:/ti/TivaWare_C_Series-2.2.0.295/driverlib/ccs/Debug/driverlib.lib
       sysctl.obj                      668     596       0      
       gpio.obj                        554     144       0      
       uart.obj                        6       0         0      
    +--+-------------------------------+-------+---------+---------+
       Total:                          1228    740       0      
                                                                
    C:\ti\ccs1031\ccs\tools\compiler\ti-cgt-arm_20.2.4.LTS\lib\rtsv7M4_T_le_v4SPD16_eabi.lib
       memcpy_t2.asm.obj               156     0         0      
       memset_t2.asm.obj               122     0         0      
       copy_decompress_lzss.c.obj      104     0         0      
       autoinit.c.obj                  68      0         0      
       u_divt2.asm.obj                 64      0         0      
       boot_cortex_m.c.obj             52      0         0      
       copy_decompress_none.c.obj      14      0         0      
       copy_zero_init.c.obj            12      0         0      
       exit.c.obj                      4       0         0      
       pre_init.c.obj                  4       0         0      
       div0.asm.obj                    2       0         0      
    +--+-------------------------------+-------+---------+---------+
       Total:                          602     0         0      
                                                                
       Stack:                          0       0         512    
       Linker Generated:               0       56        0      
    +--+-------------------------------+-------+---------+---------+
       Grand Total:                    12024   1344      50924  


LINKER GENERATED COPY TABLES

__TI_cinit_table @ 00003430 records: 2, size/record: 8, table size: 16
	.data: load addr=00003408, load size=00000014 bytes, run addr=2000c6a0, run size=0000004c bytes, compression=lzss
	.bss: load addr=00003428, load size=00000008 bytes, run addr=20000000, run size=0000c4a0 bytes, compression=zero_init


LINKER GENERATED HANDLER TABLE

__TI_handler_table @ 0000341c records: 3, size/record: 4, table size: 12
	index: 0, handler: __TI_decompress_lzss
	index: 1, handler: __TI_decompress_none
	index: 2, handler: __TI_zero_init


GLOBAL SYMBOLS: SORTED ALPHABETICALLY BY Name 

address   name                             
-------   ----                             
00002c59  ButtonsInit                      
00002be5  ButtonsPoll                      
000030ff  C$$EXIT                          
00002959  ConfigureUART                    
0000303d  GPIODirModeSet                   
000026d5  GPIOPadConfigSet                 
00002ebd  GPIOPinConfigure                 
000030a3  GPIOPinTypeEthernetLED           
00003089  GPIOPinTypeGPIOOutput            
000030b9  GPIOPinTypeUART                  
00002433  LEDRead                          
000023bd  LEDWrite                         
000021e1  PinoutSet                        
000030e9  ResetISR                         
00002995  SetClockFrequency                
000024d5  SysCtlClockFreqSet               
00002fd5  SysCtlPeripheralEnable           
000029f9  Task                             
000030f5  UARTClockSourceSet               
00001dad  UARTStdioConfig                  
00001d99  UARTgetc                         
00001ca9  UARTgets                         
00001c8f  UARTprintf                       
00001ab3  UARTvprintf                      
00001a4d  UARTwrite                        
2000c6a0  __STACK_END                      
00000200  __STACK_SIZE                     
2000c6a0  __STACK_TOP                      
00003430  __TI_CINIT_Base                  
00003440  __TI_CINIT_Limit                 
0000341c  __TI_Handler_Table_Base          
00003428  __TI_Handler_Table_Limit         
00002f51  __TI_auto_init_nobinit_nopinit   
00002e53  __TI_decompress_lzss             
000030cf  __TI_decompress_none             
ffffffff  __TI_pprof_out_hndl              
ffffffff  __TI_prof_data_size              
ffffffff  __TI_prof_data_start             
00000000  __TI_static_base__               
000030dd  __TI_zero_init                   
00002be3  __aeabi_idiv0                    
00002be3  __aeabi_ldiv0                    
00002dd9  __aeabi_memclr                   
00002dd9  __aeabi_memclr4                  
00002dd9  __aeabi_memclr8                  
00002cb1  __aeabi_memcpy                   
00002cb1  __aeabi_memcpy4                  
00002cb1  __aeabi_memcpy8                  
00002ddb  __aeabi_memset                   
00002ddb  __aeabi_memset4                  
00002ddb  __aeabi_memset8                  
00002f95  __aeabi_uidiv                    
00002f95  __aeabi_uidivmod                 
ffffffff  __binit__                        
ffffffff  __c_args__                       
000029f7  __error__                        
UNDEFED   __mpu_init                       
2000c4a0  __stack                          
20000000  __start___llvm_prf_cnts          
20000000  __stop___llvm_prf_cnts           
00003009  _c_int00_noargs                  
UNDEFED   _system_post_cinit               
000030fb  _system_pre_init                 
000030ff  abort                            
ffffffff  binit                            
00000000  g_pfnVectors                     
0000299d  main                             
00002cb1  memcpy                           
00002de1  memset                           
000021b9  pcTimerGetTimerName              
000028a9  pvPortMalloc                     
000012bf  pvTaskIncrementMutexHeldCount    
00001f6b  pvTimerGetTimerID                
2000c6a0  pxCurrentTCB                     
00002acb  pxPortInitialiseStack            
00001a3f  ucQueueGetQueueType              
00003400  ulMaxSyscallInterruptPriority    
00002b21  ulPortGetIPSR                    
00001231  ulTaskNotifyTake                 
00002db9  uxListRemove                     
00001a3b  uxQueueGetQueueNumber            
00001a29  uxQueueMessagesWaiting           
00001a25  uxQueueMessagesWaitingFromISR    
00001a11  uxQueueSpacesAvailable           
00001211  uxTaskGetNumberOfTasks           
0000118d  uxTaskGetSystemState             
000010e5  uxTaskGetTaskNumber              
000010c9  uxTaskPriorityGet                
000010a9  uxTaskPriorityGetFromISR         
00001095  uxTaskResetEventItemValue        
00002da3  vListInitialise                  
00002d9d  vListInitialiseItem              
00002d65  vListInsert                      
00002d4d  vListInsertEnd                   
00002bd5  vPortEnableVFP                   
00002ac9  vPortEndScheduler                
00002ab1  vPortEnterCritical               
00002a9f  vPortExitCritical                
00002849  vPortFree                        
00002847  vPortInitialiseBlocks            
00002b99  vPortSVCHandler                  
00002a5b  vPortSetupTimerInterrupt         
00002bb9  vPortStartFirstTask              
000019f5  vQueueAddToRegistry              
000019e5  vQueueDelete                     
000019e1  vQueueSetQueueNumber             
000019c7  vQueueUnregisterQueue            
00001987  vQueueWaitForMessageRestricted   
00001049  vTaskDelay                       
00000fcb  vTaskDelayUntil                  
00000f39  vTaskDelete                      
00000f21  vTaskEndScheduler                
00000f19  vTaskMissedYield                 
00000e99  vTaskNotifyGiveFromISR           
00000e35  vTaskPlaceOnEventList            
00000dd5  vTaskPlaceOnEventListRestricted  
00000d71  vTaskPlaceOnUnorderedEventList   
00000ced  vTaskPriorityInherit             
00000c1d  vTaskPrioritySet                 
00000bb1  vTaskResume                      
00000b95  vTaskSetTaskNumber               
000009f9  vTaskSetTimeOutState             
00000b47  vTaskStartScheduler              
00000ab5  vTaskSuspend                     
00000aa5  vTaskSuspendAll                  
00000a53  vTaskSwitchContext               
00001f55  vTimerSetTimerID                 
00002841  xPortGetFreeHeapSize             
00002b39  xPortPendSVHandler               
00002a67  xPortStartScheduler              
00002a35  xPortSysTickHandler              
00001973  xQueueCreateCountingSemaphore    
00001925  xQueueCreateMutex                
000018e9  xQueueGenericCreate              
0000142b  xQueueGenericReceive             
0000186b  xQueueGenericReset               
000016a3  xQueueGenericSend                
0000180f  xQueueGenericSendFromISR         
000017b9  xQueueGiveFromISR                
0000178d  xQueueGiveMutexRecursive         
00001609  xQueueIsQueueEmptyFromISR        
000015fb  xQueueIsQueueFullFromISR         
000015c9  xQueuePeekFromISR                
0000156d  xQueueReceiveFromISR             
2000c3b4  xQueueRegistry                   
0000153d  xQueueTakeMutexRecursive         
00000a07  xTaskCheckForTimeOut             
0000090d  xTaskGenericCreate               
00000791  xTaskGenericNotify               
000006e1  xTaskGenericNotifyFromISR        
000006d5  xTaskGetCurrentTaskHandle        
000006bd  xTaskGetSchedulerState           
000006b1  xTaskGetTickCount                
000006ab  xTaskGetTickCountFromISR         
000002ad  xTaskIncrementTick               
00000681  xTaskNotifyStateClear            
000005c5  xTaskNotifyWait                  
000004f9  xTaskPriorityDisinherit          
00000495  xTaskRemoveFromEventList         
00000445  xTaskRemoveFromUnorderedEventList
00000389  xTaskResumeAll                   
00000223  xTaskResumeFromISR               
00001f1b  xTimerCreate                     
00001ee9  xTimerCreateTimerTask            
00001e6d  xTimerGenericCommand             
00001e55  xTimerIsTimerActive              


GLOBAL SYMBOLS: SORTED BY Symbol Address 

address   name                             
-------   ----                             
00000000  __TI_static_base__               
00000000  g_pfnVectors                     
00000200  __STACK_SIZE                     
00000223  xTaskResumeFromISR               
000002ad  xTaskIncrementTick               
00000389  xTaskResumeAll                   
00000445  xTaskRemoveFromUnorderedEventList
00000495  xTaskRemoveFromEventList         
000004f9  xTaskPriorityDisinherit          
000005c5  xTaskNotifyWait                  
00000681  xTaskNotifyStateClear            
000006ab  xTaskGetTickCountFromISR         
000006b1  xTaskGetTickCount                
000006bd  xTaskGetSchedulerState           
000006d5  xTaskGetCurrentTaskHandle        
000006e1  xTaskGenericNotifyFromISR        
00000791  xTaskGenericNotify               
0000090d  xTaskGenericCreate               
000009f9  vTaskSetTimeOutState             
00000a07  xTaskCheckForTimeOut             
00000a53  vTaskSwitchContext               
00000aa5  vTaskSuspendAll                  
00000ab5  vTaskSuspend                     
00000b47  vTaskStartScheduler              
00000b95  vTaskSetTaskNumber               
00000bb1  vTaskResume                      
00000c1d  vTaskPrioritySet                 
00000ced  vTaskPriorityInherit             
00000d71  vTaskPlaceOnUnorderedEventList   
00000dd5  vTaskPlaceOnEventListRestricted  
00000e35  vTaskPlaceOnEventList            
00000e99  vTaskNotifyGiveFromISR           
00000f19  vTaskMissedYield                 
00000f21  vTaskEndScheduler                
00000f39  vTaskDelete                      
00000fcb  vTaskDelayUntil                  
00001049  vTaskDelay                       
00001095  uxTaskResetEventItemValue        
000010a9  uxTaskPriorityGetFromISR         
000010c9  uxTaskPriorityGet                
000010e5  uxTaskGetTaskNumber              
0000118d  uxTaskGetSystemState             
00001211  uxTaskGetNumberOfTasks           
00001231  ulTaskNotifyTake                 
000012bf  pvTaskIncrementMutexHeldCount    
0000142b  xQueueGenericReceive             
0000153d  xQueueTakeMutexRecursive         
0000156d  xQueueReceiveFromISR             
000015c9  xQueuePeekFromISR                
000015fb  xQueueIsQueueFullFromISR         
00001609  xQueueIsQueueEmptyFromISR        
000016a3  xQueueGenericSend                
0000178d  xQueueGiveMutexRecursive         
000017b9  xQueueGiveFromISR                
0000180f  xQueueGenericSendFromISR         
0000186b  xQueueGenericReset               
000018e9  xQueueGenericCreate              
00001925  xQueueCreateMutex                
00001973  xQueueCreateCountingSemaphore    
00001987  vQueueWaitForMessageRestricted   
000019c7  vQueueUnregisterQueue            
000019e1  vQueueSetQueueNumber             
000019e5  vQueueDelete                     
000019f5  vQueueAddToRegistry              
00001a11  uxQueueSpacesAvailable           
00001a25  uxQueueMessagesWaitingFromISR    
00001a29  uxQueueMessagesWaiting           
00001a3b  uxQueueGetQueueNumber            
00001a3f  ucQueueGetQueueType              
00001a4d  UARTwrite                        
00001ab3  UARTvprintf                      
00001c8f  UARTprintf                       
00001ca9  UARTgets                         
00001d99  UARTgetc                         
00001dad  UARTStdioConfig                  
00001e55  xTimerIsTimerActive              
00001e6d  xTimerGenericCommand             
00001ee9  xTimerCreateTimerTask            
00001f1b  xTimerCreate                     
00001f55  vTimerSetTimerID                 
00001f6b  pvTimerGetTimerID                
000021b9  pcTimerGetTimerName              
000021e1  PinoutSet                        
000023bd  LEDWrite                         
00002433  LEDRead                          
000024d5  SysCtlClockFreqSet               
000026d5  GPIOPadConfigSet                 
00002841  xPortGetFreeHeapSize             
00002847  vPortInitialiseBlocks            
00002849  vPortFree                        
000028a9  pvPortMalloc                     
00002959  ConfigureUART                    
00002995  SetClockFrequency                
0000299d  main                             
000029f7  __error__                        
000029f9  Task                             
00002a35  xPortSysTickHandler              
00002a5b  vPortSetupTimerInterrupt         
00002a67  xPortStartScheduler              
00002a9f  vPortExitCritical                
00002ab1  vPortEnterCritical               
00002ac9  vPortEndScheduler                
00002acb  pxPortInitialiseStack            
00002b21  ulPortGetIPSR                    
00002b39  xPortPendSVHandler               
00002b99  vPortSVCHandler                  
00002bb9  vPortStartFirstTask              
00002bd5  vPortEnableVFP                   
00002be3  __aeabi_idiv0                    
00002be3  __aeabi_ldiv0                    
00002be5  ButtonsPoll                      
00002c59  ButtonsInit                      
00002cb1  __aeabi_memcpy                   
00002cb1  __aeabi_memcpy4                  
00002cb1  __aeabi_memcpy8                  
00002cb1  memcpy                           
00002d4d  vListInsertEnd                   
00002d65  vListInsert                      
00002d9d  vListInitialiseItem              
00002da3  vListInitialise                  
00002db9  uxListRemove                     
00002dd9  __aeabi_memclr                   
00002dd9  __aeabi_memclr4                  
00002dd9  __aeabi_memclr8                  
00002ddb  __aeabi_memset                   
00002ddb  __aeabi_memset4                  
00002ddb  __aeabi_memset8                  
00002de1  memset                           
00002e53  __TI_decompress_lzss             
00002ebd  GPIOPinConfigure                 
00002f51  __TI_auto_init_nobinit_nopinit   
00002f95  __aeabi_uidiv                    
00002f95  __aeabi_uidivmod                 
00002fd5  SysCtlPeripheralEnable           
00003009  _c_int00_noargs                  
0000303d  GPIODirModeSet                   
00003089  GPIOPinTypeGPIOOutput            
000030a3  GPIOPinTypeEthernetLED           
000030b9  GPIOPinTypeUART                  
000030cf  __TI_decompress_none             
000030dd  __TI_zero_init                   
000030e9  ResetISR                         
000030f5  UARTClockSourceSet               
000030fb  _system_pre_init                 
000030ff  C$$EXIT                          
000030ff  abort                            
00003400  ulMaxSyscallInterruptPriority    
0000341c  __TI_Handler_Table_Base          
00003428  __TI_Handler_Table_Limit         
00003430  __TI_CINIT_Base                  
00003440  __TI_CINIT_Limit                 
20000000  __start___llvm_prf_cnts          
20000000  __stop___llvm_prf_cnts           
2000c3b4  xQueueRegistry                   
2000c4a0  __stack                          
2000c6a0  __STACK_END                      
2000c6a0  __STACK_TOP                      
2000c6a0  pxCurrentTCB                     
ffffffff  __TI_pprof_out_hndl              
ffffffff  __TI_prof_data_size              
ffffffff  __TI_prof_data_start             
ffffffff  __binit__                        
ffffffff  __c_args__                       
ffffffff  binit                            
UNDEFED   __mpu_init                       
UNDEFED   _system_post_cinit               

[166 symbols]
