******************************************************************************
                  TI ARM Linker PC v20.2.4                     
******************************************************************************
>> Linked Fri Oct 13 14:09:38 2023

OUTPUT FILE NAME:   <Lab5_FreeRTOS_Assignment_2.out>
ENTRY POINT SYMBOL: "_c_int00_noargs"  address: 00003355


MEMORY CONFIGURATION

         name            origin    length      used     unused   attr    fill
----------------------  --------  ---------  --------  --------  ----  --------
  FLASH                 00000000   00100000  0000378c  000fc874  R  X
  SRAM                  20000000   00040000  0000c6fc  00033904  RW X


SEGMENT ALLOCATION MAP

run origin  load origin   length   init length attrs members
----------  ----------- ---------- ----------- ----- -------
00000000    00000000    00003790   00003790    r-x
  00000000    00000000    00000208   00000208    r-- .intvecs
  00000208    00000208    0000324c   0000324c    r-x .text
  00003454    00003454    00000300   00000300    r-- .const
  00003758    00003758    00000038   00000038    r-- .cinit
20000000    20000000    0000c6fc   00000000    rw-
  20000000    20000000    0000c4a0   00000000    rw- .bss
  2000c4a0    2000c4a0    00000200   00000000    rw- .stack
  2000c6a0    2000c6a0    0000005c   00000000    rw- .data


SECTION ALLOCATION MAP

 output                                  attributes/
section   page    origin      length       input sections
--------  ----  ----------  ----------   ----------------
.intvecs   0    00000000    00000208     
                  00000000    00000208     tm4c129encpdt_startup_ccs.obj (.intvecs)

.text      0    00000208    0000324c     
                  00000208    00001180     tasks.obj (.text)
                  00001388    000006c4     queue.obj (.text)
                  00001a4c    00000428     main.obj (.text)
                  00001e74    00000408     uartstdio.obj (.text)
                  0000227c    0000038c     timers.obj (.text)
                  00002608    000002f4     pinout.obj (.text)
                  000028fc    00000200     driverlib.lib : sysctl.obj (.text:SysCtlClockFreqSet)
                  00002afc    0000016c                   : gpio.obj (.text:GPIOPadConfigSet)
                  00002c68    00000118     heap_2.obj (.text)
                  00002d80    000000dc     port.obj (.text)
                  00002e5c    000000d2     portasm.obj (.text)
                  00002f2e    00000002     rtsv7M4_T_le_v4SPD16_eabi.lib : div0.asm.obj (.text)
                  00002f30    000000cc     buttons.obj (.text)
                  00002ffc    0000009c     rtsv7M4_T_le_v4SPD16_eabi.lib : memcpy_t2.asm.obj (.text)
                  00003098    0000008c     list.obj (.text)
                  00003124    0000007a     rtsv7M4_T_le_v4SPD16_eabi.lib : memset_t2.asm.obj (.text)
                  0000319e    00000068                                   : copy_decompress_lzss.c.obj (.text:decompress:lzss:__TI_decompress_lzss)
                  00003206    00000002     --HOLE-- [fill = 0]
                  00003208    0000004c     driverlib.lib : gpio.obj (.text:GPIOPinConfigure)
                  00003254    00000048                   : sysctl.obj (.text:_SysCtlFrequencyGet)
                  0000329c    00000044     rtsv7M4_T_le_v4SPD16_eabi.lib : autoinit.c.obj (.text:__TI_auto_init_nobinit_nopinit:__TI_auto_init_nobinit_nopinit)
                  000032e0    00000040                                   : u_divt2.asm.obj (.text)
                  00003320    00000034     driverlib.lib : sysctl.obj (.text:SysCtlPeripheralEnable)
                  00003354    00000034     rtsv7M4_T_le_v4SPD16_eabi.lib : boot_cortex_m.c.obj (.text:_c_int00_noargs:_c_int00_noargs)
                  00003388    0000002c     driverlib.lib : gpio.obj (.text:GPIODirModeSet)
                  000033b4    00000020                   : sysctl.obj (.text:_SysCtlMemTimingGet)
                  000033d4    0000001a                   : gpio.obj (.text:GPIOPinTypeGPIOOutput)
                  000033ee    00000016                   : gpio.obj (.text:GPIOPinTypeEthernetLED)
                  00003404    00000016                   : gpio.obj (.text:GPIOPinTypeUART)
                  0000341a    0000000e     rtsv7M4_T_le_v4SPD16_eabi.lib : copy_decompress_none.c.obj (.text:decompress:none:__TI_decompress_none)
                  00003428    0000000c                                   : copy_zero_init.c.obj (.text:decompress:ZI:__TI_zero_init)
                  00003434    0000000c     tm4c129encpdt_startup_ccs.obj (.text)
                  00003440    00000006     driverlib.lib : sysctl.obj (.text:SysCtlDelay)
                  00003446    00000006                   : uart.obj (.text:UARTClockSourceSet)
                  0000344c    00000004     rtsv7M4_T_le_v4SPD16_eabi.lib : pre_init.c.obj (.text:_system_pre_init)
                  00003450    00000004                                   : exit.c.obj (.text:abort:abort)

.const     0    00003454    00000300     
                  00003454    000001b0     driverlib.lib : sysctl.obj (.const:g_pppui32XTALtoVCO)
                  00003604    00000090                   : gpio.obj (.const:g_pui32GPIOBaseAddrs)
                  00003694    0000006c                   : sysctl.obj (.const:g_pui32Xtals)
                  00003700    00000030                   : sysctl.obj (.const:g_sXTALtoMEMTIM)
                  00003730    0000000c     uartstdio.obj (.const:g_ui32UARTBase)
                  0000373c    0000000c     uartstdio.obj (.const:g_ui32UARTPeriph)
                  00003748    00000008     driverlib.lib : sysctl.obj (.const:g_pui32VCOFrequencies)
                  00003750    00000004     port.obj (.const)

.cinit     0    00003758    00000038     
                  00003758    00000014     (.cinit..data.load) [load image, compression = lzss]
                  0000376c    0000000c     (__TI_handler_table)
                  00003778    00000008     (.cinit..bss.load) [load image, compression = zero_init]
                  00003780    00000010     (__TI_cinit_table)

.init_array 
*          0    00000000    00000000     UNINITIALIZED

.bss       0    20000000    0000c4a0     UNINITIALIZED
                  20000000    0000c350     heap_2.obj (.bss:ucHeap)
                  2000c350    00000064     tasks.obj (.bss:pxReadyTasksLists)
                  2000c3b4    00000040     (.common:xQueueRegistry)
                  2000c3f4    00000014     timers.obj (.bss:xActiveTimerList1)
                  2000c408    00000014     timers.obj (.bss:xActiveTimerList2)
                  2000c41c    00000014     tasks.obj (.bss:xDelayedTaskList1)
                  2000c430    00000014     tasks.obj (.bss:xDelayedTaskList2)
                  2000c444    00000014     tasks.obj (.bss:xPendingReadyList)
                  2000c458    00000014     tasks.obj (.bss:xSuspendedTaskList)
                  2000c46c    00000014     tasks.obj (.bss:xTasksWaitingTermination)
                  2000c480    00000008     tasks.obj (.bss)
                  2000c488    00000008     timers.obj (.bss)
                  2000c490    00000008     heap_2.obj (.bss:xEnd)
                  2000c498    00000008     heap_2.obj (.bss:xStart)

.data      0    2000c6a0    0000005c     UNINITIALIZED
                  2000c6a0    00000030     tasks.obj (.data)
                  2000c6d0    00000010     main.obj (.data)
                  2000c6e0    00000008     heap_2.obj (.data)
                  2000c6e8    00000008     timers.obj (.data)
                  2000c6f0    00000005     uartstdio.obj (.data)
                  2000c6f5    00000003     buttons.obj (.data)
                  2000c6f8    00000004     port.obj (.data)

.stack     0    2000c4a0    00000200     UNINITIALIZED
                  2000c4a0    00000004     rtsv7M4_T_le_v4SPD16_eabi.lib : boot_cortex_m.c.obj (.stack)
                  2000c4a4    000001fc     --HOLE--

__llvm_prf_cnts 
*          0    20000000    00000000     UNINITIALIZED

MODULE SUMMARY

       Module                          code    ro data   rw data
       ------                          ----    -------   -------
    .\
       main.obj                        1064    0         16     
       tm4c129encpdt_startup_ccs.obj   12      520       0      
    +--+-------------------------------+-------+---------+---------+
       Total:                          1076    520       16     
                                                                
    .\Drivers\
       uartstdio.obj                   1032    24        5      
       pinout.obj                      756     0         0      
       buttons.obj                     204     0         3      
    +--+-------------------------------+-------+---------+---------+
       Total:                          1992    24        8      
                                                                
    .\FreeRTOS\
       tasks.obj                       4480    0         256    
       queue.obj                       1732    0         64     
       timers.obj                      908     0         56     
       list.obj                        140     0         0      
    +--+-------------------------------+-------+---------+---------+
       Total:                          7260    0         376    
                                                                
    .\FreeRTOS\portable\CCS\ARM_CM4F\
       port.obj                        220     4         4      
       portasm.obj                     210     0         0      
    +--+-------------------------------+-------+---------+---------+
       Total:                          430     4         4      
                                                                
    .\FreeRTOS\portable\MemMang\
       heap_2.obj                      280     0         50024  
    +--+-------------------------------+-------+---------+---------+
       Total:                          280     0         50024  
                                                                
    C:/ti/TivaWare_C_Series-2.2.0.295/driverlib/ccs/Debug/driverlib.lib
       sysctl.obj                      674     596       0      
       gpio.obj                        554     144       0      
       uart.obj                        6       0         0      
    +--+-------------------------------+-------+---------+---------+
       Total:                          1234    740       0      
                                                                
    C:\ti\ccs1031\ccs\tools\compiler\ti-cgt-arm_20.2.4.LTS\lib\rtsv7M4_T_le_v4SPD16_eabi.lib
       memcpy_t2.asm.obj               156     0         0      
       memset_t2.asm.obj               122     0         0      
       copy_decompress_lzss.c.obj      104     0         0      
       autoinit.c.obj                  68      0         0      
       u_divt2.asm.obj                 64      0         0      
       boot_cortex_m.c.obj             52      0         0      
       copy_decompress_none.c.obj      14      0         0      
       copy_zero_init.c.obj            12      0         0      
       exit.c.obj                      4       0         0      
       pre_init.c.obj                  4       0         0      
       div0.asm.obj                    2       0         0      
    +--+-------------------------------+-------+---------+---------+
       Total:                          602     0         0      
                                                                
       Stack:                          0       0         512    
       Linker Generated:               0       56        0      
    +--+-------------------------------+-------+---------+---------+
       Grand Total:                    12874   1344      50940  


LINKER GENERATED COPY TABLES

__TI_cinit_table @ 00003780 records: 2, size/record: 8, table size: 16
	.data: load addr=00003758, load size=00000014 bytes, run addr=2000c6a0, run size=0000005c bytes, compression=lzss
	.bss: load addr=00003778, load size=00000008 bytes, run addr=20000000, run size=0000c4a0 bytes, compression=zero_init


LINKER GENERATED HANDLER TABLE

__TI_handler_table @ 0000376c records: 3, size/record: 4, table size: 12
	index: 0, handler: __TI_decompress_lzss
	index: 1, handler: __TI_decompress_none
	index: 2, handler: __TI_zero_init


GLOBAL SYMBOLS: SORTED ALPHABETICALLY BY Name 

address   name                             
-------   ----                             
00002fa5  ButtonsInit                      
00002f31  ButtonsPoll                      
00003451  C$$EXIT                          
00001a4d  ConfigureUART                    
00003389  GPIODirModeSet                   
00002afd  GPIOPadConfigSet                 
00003209  GPIOPinConfigure                 
000033ef  GPIOPinTypeEthernetLED           
000033d5  GPIOPinTypeGPIOOutput            
00003405  GPIOPinTypeUART                  
0000285b  LEDRead                          
000027e5  LEDWrite                         
00002609  PinoutSet                        
00001b53  PrintMissedDeadline              
00003435  ResetISR                         
00001a89  SetClockFrequency                
000028fd  SysCtlClockFreqSet               
00003441  SysCtlDelay                      
00003321  SysCtlPeripheralEnable           
00001bed  Task_HighPriority                
2000c6d0  Task_High_Priority_Handle        
00001b5f  Task_LowPriority                 
2000c6d8  Task_Low_Priority_Handle         
00001b1d  Task_MediumPriority              
2000c6d4  Task_Medium_Priority_Handle      
00003447  UARTClockSourceSet               
000021d5  UARTStdioConfig                  
000021c1  UARTgetc                         
000020d1  UARTgets                         
000020b7  UARTprintf                       
00001edb  UARTvprintf                      
00001e75  UARTwrite                        
2000c6a0  __STACK_END                      
00000200  __STACK_SIZE                     
2000c6a0  __STACK_TOP                      
00003780  __TI_CINIT_Base                  
00003790  __TI_CINIT_Limit                 
0000376c  __TI_Handler_Table_Base          
00003778  __TI_Handler_Table_Limit         
0000329d  __TI_auto_init_nobinit_nopinit   
0000319f  __TI_decompress_lzss             
0000341b  __TI_decompress_none             
ffffffff  __TI_pprof_out_hndl              
ffffffff  __TI_prof_data_size              
ffffffff  __TI_prof_data_start             
00000000  __TI_static_base__               
00003429  __TI_zero_init                   
00002f2f  __aeabi_idiv0                    
00002f2f  __aeabi_ldiv0                    
00003125  __aeabi_memclr                   
00003125  __aeabi_memclr4                  
00003125  __aeabi_memclr8                  
00002ffd  __aeabi_memcpy                   
00002ffd  __aeabi_memcpy4                  
00002ffd  __aeabi_memcpy8                  
00003127  __aeabi_memset                   
00003127  __aeabi_memset4                  
00003127  __aeabi_memset8                  
000032e1  __aeabi_uidiv                    
000032e1  __aeabi_uidivmod                 
ffffffff  __binit__                        
ffffffff  __c_args__                       
00001b1b  __error__                        
UNDEFED   __mpu_init                       
2000c4a0  __stack                          
20000000  __start___llvm_prf_cnts          
20000000  __stop___llvm_prf_cnts           
00003355  _c_int00_noargs                  
UNDEFED   _system_post_cinit               
0000344d  _system_pre_init                 
00003451  abort                            
ffffffff  binit                            
00000000  g_pfnVectors                     
00001a91  main                             
00002ffd  memcpy                           
0000312d  memset                           
000025e1  pcTimerGetTimerName              
00002cd1  pvPortMalloc                     
000012bf  pvTaskIncrementMutexHeldCount    
00002393  pvTimerGetTimerID                
2000c6a0  pxCurrentTCB                     
00002e17  pxPortInitialiseStack            
2000c6dc  semaphore                        
00001a3f  ucQueueGetQueueType              
00003750  ulMaxSyscallInterruptPriority    
00002e6d  ulPortGetIPSR                    
00001231  ulTaskNotifyTake                 
00003105  uxListRemove                     
00001a3b  uxQueueGetQueueNumber            
00001a29  uxQueueMessagesWaiting           
00001a25  uxQueueMessagesWaitingFromISR    
00001a11  uxQueueSpacesAvailable           
00001211  uxTaskGetNumberOfTasks           
0000118d  uxTaskGetSystemState             
000010e5  uxTaskGetTaskNumber              
000010c9  uxTaskPriorityGet                
000010a9  uxTaskPriorityGetFromISR         
00001095  uxTaskResetEventItemValue        
000030ef  vListInitialise                  
000030e9  vListInitialiseItem              
000030b1  vListInsert                      
00003099  vListInsertEnd                   
00002f21  vPortEnableVFP                   
00002e15  vPortEndScheduler                
00002dfd  vPortEnterCritical               
00002deb  vPortExitCritical                
00002c71  vPortFree                        
00002c6f  vPortInitialiseBlocks            
00002ee5  vPortSVCHandler                  
00002da7  vPortSetupTimerInterrupt         
00002f05  vPortStartFirstTask              
000019f5  vQueueAddToRegistry              
000019e5  vQueueDelete                     
000019e1  vQueueSetQueueNumber             
000019c7  vQueueUnregisterQueue            
00001987  vQueueWaitForMessageRestricted   
00001049  vTaskDelay                       
00000fcb  vTaskDelayUntil                  
00000f39  vTaskDelete                      
00000f21  vTaskEndScheduler                
00000f19  vTaskMissedYield                 
00000e99  vTaskNotifyGiveFromISR           
00000e35  vTaskPlaceOnEventList            
00000dd5  vTaskPlaceOnEventListRestricted  
00000d71  vTaskPlaceOnUnorderedEventList   
00000ced  vTaskPriorityInherit             
00000c1d  vTaskPrioritySet                 
00000bb1  vTaskResume                      
00000b95  vTaskSetTaskNumber               
000009f9  vTaskSetTimeOutState             
00000b47  vTaskStartScheduler              
00000ab5  vTaskSuspend                     
00000aa5  vTaskSuspendAll                  
00000a53  vTaskSwitchContext               
0000237d  vTimerSetTimerID                 
00002c69  xPortGetFreeHeapSize             
00002e85  xPortPendSVHandler               
00002db3  xPortStartScheduler              
00002d81  xPortSysTickHandler              
00001973  xQueueCreateCountingSemaphore    
00001925  xQueueCreateMutex                
000018e9  xQueueGenericCreate              
0000142b  xQueueGenericReceive             
0000186b  xQueueGenericReset               
000016a3  xQueueGenericSend                
0000180f  xQueueGenericSendFromISR         
000017b9  xQueueGiveFromISR                
0000178d  xQueueGiveMutexRecursive         
00001609  xQueueIsQueueEmptyFromISR        
000015fb  xQueueIsQueueFullFromISR         
000015c9  xQueuePeekFromISR                
0000156d  xQueueReceiveFromISR             
2000c3b4  xQueueRegistry                   
0000153d  xQueueTakeMutexRecursive         
00000a07  xTaskCheckForTimeOut             
0000090d  xTaskGenericCreate               
00000791  xTaskGenericNotify               
000006e1  xTaskGenericNotifyFromISR        
000006d5  xTaskGetCurrentTaskHandle        
000006bd  xTaskGetSchedulerState           
000006b1  xTaskGetTickCount                
000006ab  xTaskGetTickCountFromISR         
000002ad  xTaskIncrementTick               
00000681  xTaskNotifyStateClear            
000005c5  xTaskNotifyWait                  
000004f9  xTaskPriorityDisinherit          
00000495  xTaskRemoveFromEventList         
00000445  xTaskRemoveFromUnorderedEventList
00000389  xTaskResumeAll                   
00000223  xTaskResumeFromISR               
00002343  xTimerCreate                     
00002311  xTimerCreateTimerTask            
00002295  xTimerGenericCommand             
0000227d  xTimerIsTimerActive              


GLOBAL SYMBOLS: SORTED BY Symbol Address 

address   name                             
-------   ----                             
00000000  __TI_static_base__               
00000000  g_pfnVectors                     
00000200  __STACK_SIZE                     
00000223  xTaskResumeFromISR               
000002ad  xTaskIncrementTick               
00000389  xTaskResumeAll                   
00000445  xTaskRemoveFromUnorderedEventList
00000495  xTaskRemoveFromEventList         
000004f9  xTaskPriorityDisinherit          
000005c5  xTaskNotifyWait                  
00000681  xTaskNotifyStateClear            
000006ab  xTaskGetTickCountFromISR         
000006b1  xTaskGetTickCount                
000006bd  xTaskGetSchedulerState           
000006d5  xTaskGetCurrentTaskHandle        
000006e1  xTaskGenericNotifyFromISR        
00000791  xTaskGenericNotify               
0000090d  xTaskGenericCreate               
000009f9  vTaskSetTimeOutState             
00000a07  xTaskCheckForTimeOut             
00000a53  vTaskSwitchContext               
00000aa5  vTaskSuspendAll                  
00000ab5  vTaskSuspend                     
00000b47  vTaskStartScheduler              
00000b95  vTaskSetTaskNumber               
00000bb1  vTaskResume                      
00000c1d  vTaskPrioritySet                 
00000ced  vTaskPriorityInherit             
00000d71  vTaskPlaceOnUnorderedEventList   
00000dd5  vTaskPlaceOnEventListRestricted  
00000e35  vTaskPlaceOnEventList            
00000e99  vTaskNotifyGiveFromISR           
00000f19  vTaskMissedYield                 
00000f21  vTaskEndScheduler                
00000f39  vTaskDelete                      
00000fcb  vTaskDelayUntil                  
00001049  vTaskDelay                       
00001095  uxTaskResetEventItemValue        
000010a9  uxTaskPriorityGetFromISR         
000010c9  uxTaskPriorityGet                
000010e5  uxTaskGetTaskNumber              
0000118d  uxTaskGetSystemState             
00001211  uxTaskGetNumberOfTasks           
00001231  ulTaskNotifyTake                 
000012bf  pvTaskIncrementMutexHeldCount    
0000142b  xQueueGenericReceive             
0000153d  xQueueTakeMutexRecursive         
0000156d  xQueueReceiveFromISR             
000015c9  xQueuePeekFromISR                
000015fb  xQueueIsQueueFullFromISR         
00001609  xQueueIsQueueEmptyFromISR        
000016a3  xQueueGenericSend                
0000178d  xQueueGiveMutexRecursive         
000017b9  xQueueGiveFromISR                
0000180f  xQueueGenericSendFromISR         
0000186b  xQueueGenericReset               
000018e9  xQueueGenericCreate              
00001925  xQueueCreateMutex                
00001973  xQueueCreateCountingSemaphore    
00001987  vQueueWaitForMessageRestricted   
000019c7  vQueueUnregisterQueue            
000019e1  vQueueSetQueueNumber             
000019e5  vQueueDelete                     
000019f5  vQueueAddToRegistry              
00001a11  uxQueueSpacesAvailable           
00001a25  uxQueueMessagesWaitingFromISR    
00001a29  uxQueueMessagesWaiting           
00001a3b  uxQueueGetQueueNumber            
00001a3f  ucQueueGetQueueType              
00001a4d  ConfigureUART                    
00001a89  SetClockFrequency                
00001a91  main                             
00001b1b  __error__                        
00001b1d  Task_MediumPriority              
00001b53  PrintMissedDeadline              
00001b5f  Task_LowPriority                 
00001bed  Task_HighPriority                
00001e75  UARTwrite                        
00001edb  UARTvprintf                      
000020b7  UARTprintf                       
000020d1  UARTgets                         
000021c1  UARTgetc                         
000021d5  UARTStdioConfig                  
0000227d  xTimerIsTimerActive              
00002295  xTimerGenericCommand             
00002311  xTimerCreateTimerTask            
00002343  xTimerCreate                     
0000237d  vTimerSetTimerID                 
00002393  pvTimerGetTimerID                
000025e1  pcTimerGetTimerName              
00002609  PinoutSet                        
000027e5  LEDWrite                         
0000285b  LEDRead                          
000028fd  SysCtlClockFreqSet               
00002afd  GPIOPadConfigSet                 
00002c69  xPortGetFreeHeapSize             
00002c6f  vPortInitialiseBlocks            
00002c71  vPortFree                        
00002cd1  pvPortMalloc                     
00002d81  xPortSysTickHandler              
00002da7  vPortSetupTimerInterrupt         
00002db3  xPortStartScheduler              
00002deb  vPortExitCritical                
00002dfd  vPortEnterCritical               
00002e15  vPortEndScheduler                
00002e17  pxPortInitialiseStack            
00002e6d  ulPortGetIPSR                    
00002e85  xPortPendSVHandler               
00002ee5  vPortSVCHandler                  
00002f05  vPortStartFirstTask              
00002f21  vPortEnableVFP                   
00002f2f  __aeabi_idiv0                    
00002f2f  __aeabi_ldiv0                    
00002f31  ButtonsPoll                      
00002fa5  ButtonsInit                      
00002ffd  __aeabi_memcpy                   
00002ffd  __aeabi_memcpy4                  
00002ffd  __aeabi_memcpy8                  
00002ffd  memcpy                           
00003099  vListInsertEnd                   
000030b1  vListInsert                      
000030e9  vListInitialiseItem              
000030ef  vListInitialise                  
00003105  uxListRemove                     
00003125  __aeabi_memclr                   
00003125  __aeabi_memclr4                  
00003125  __aeabi_memclr8                  
00003127  __aeabi_memset                   
00003127  __aeabi_memset4                  
00003127  __aeabi_memset8                  
0000312d  memset                           
0000319f  __TI_decompress_lzss             
00003209  GPIOPinConfigure                 
0000329d  __TI_auto_init_nobinit_nopinit   
000032e1  __aeabi_uidiv                    
000032e1  __aeabi_uidivmod                 
00003321  SysCtlPeripheralEnable           
00003355  _c_int00_noargs                  
00003389  GPIODirModeSet                   
000033d5  GPIOPinTypeGPIOOutput            
000033ef  GPIOPinTypeEthernetLED           
00003405  GPIOPinTypeUART                  
0000341b  __TI_decompress_none             
00003429  __TI_zero_init                   
00003435  ResetISR                         
00003441  SysCtlDelay                      
00003447  UARTClockSourceSet               
0000344d  _system_pre_init                 
00003451  C$$EXIT                          
00003451  abort                            
00003750  ulMaxSyscallInterruptPriority    
0000376c  __TI_Handler_Table_Base          
00003778  __TI_Handler_Table_Limit         
00003780  __TI_CINIT_Base                  
00003790  __TI_CINIT_Limit                 
20000000  __start___llvm_prf_cnts          
20000000  __stop___llvm_prf_cnts           
2000c3b4  xQueueRegistry                   
2000c4a0  __stack                          
2000c6a0  __STACK_END                      
2000c6a0  __STACK_TOP                      
2000c6a0  pxCurrentTCB                     
2000c6d0  Task_High_Priority_Handle        
2000c6d4  Task_Medium_Priority_Handle      
2000c6d8  Task_Low_Priority_Handle         
2000c6dc  semaphore                        
ffffffff  __TI_pprof_out_hndl              
ffffffff  __TI_prof_data_size              
ffffffff  __TI_prof_data_start             
ffffffff  __binit__                        
ffffffff  __c_args__                       
ffffffff  binit                            
UNDEFED   __mpu_init                       
UNDEFED   _system_post_cinit               

[174 symbols]
