******************************************************************************
                  TI ARM Linker PC v20.2.4                     
******************************************************************************
>> Linked Tue Sep  5 14:55:12 2023

OUTPUT FILE NAME:   <Labb_1_Part_2.out>
ENTRY POINT SYMBOL: "_c_int00_noargs"  address: 000008d1


MEMORY CONFIGURATION

         name            origin    length      used     unused   attr    fill
----------------------  --------  ---------  --------  --------  ----  --------
  FLASH                 00000000   00100000  0000099a  000ff666  R  X
  SRAM                  20000000   00040000  00000203  0003fdfd  RW X


SEGMENT ALLOCATION MAP

run origin  load origin   length   init length attrs members
----------  ----------- ---------- ----------- ----- -------
00000000    00000000    000009a0   000009a0    r-x
  00000000    00000000    00000208   00000208    r-- .intvecs
  00000208    00000208    0000077a   0000077a    r-x .text
  00000988    00000988    00000018   00000018    r-- .cinit
20000000    20000000    00000203   00000000    rw-
  20000000    20000000    00000200   00000000    rw- .stack
  20000200    20000200    00000003   00000000    rw- .data


SECTION ALLOCATION MAP

 output                                  attributes/
section   page    origin      length       input sections
--------  ----  ----------  ----------   ----------------
.intvecs   0    00000000    00000208     
                  00000000    00000208     tm4c129encpdt_startup_ccs.obj (.intvecs)

.text      0    00000208    0000077a     
                  00000208    000002f4     pinout.obj (.text)
                  000004fc    0000016c     driverlib.lib : gpio.obj (.text:GPIOPadConfigSet)
                  00000668    000000cc     buttons.obj (.text)
                  00000734    0000009c     rtsv7M4_T_le_v4SPD16_eabi.lib : memcpy_t2.asm.obj (.text)
                  000007d0    00000068                                   : copy_decompress_lzss.c.obj (.text:decompress:lzss:__TI_decompress_lzss)
                  00000838    00000054     main.obj (.text)
                  0000088c    00000044     rtsv7M4_T_le_v4SPD16_eabi.lib : autoinit.c.obj (.text:__TI_auto_init_nobinit_nopinit:__TI_auto_init_nobinit_nopinit)
                  000008d0    00000034                                   : boot_cortex_m.c.obj (.text:_c_int00_noargs:_c_int00_noargs)
                  00000904    0000002c     driverlib.lib : gpio.obj (.text:GPIODirModeSet)
                  00000930    0000001a                   : gpio.obj (.text:GPIOPinTypeGPIOOutput)
                  0000094a    00000016                   : gpio.obj (.text:GPIOPinTypeEthernetLED)
                  00000960    0000000e     rtsv7M4_T_le_v4SPD16_eabi.lib : copy_decompress_none.c.obj (.text:decompress:none:__TI_decompress_none)
                  0000096e    0000000c     tm4c129encpdt_startup_ccs.obj (.text)
                  0000097a    00000004     rtsv7M4_T_le_v4SPD16_eabi.lib : pre_init.c.obj (.text:_system_pre_init)
                  0000097e    00000004                                   : exit.c.obj (.text:abort:abort)

.cinit     0    00000988    00000018     
                  00000988    00000008     (__TI_handler_table)
                  00000990    00000007     (.cinit..data.load) [load image, compression = lzss]
                  00000997    00000001     --HOLE-- [fill = 0]
                  00000998    00000008     (__TI_cinit_table)

.init_array 
*          0    00000000    00000000     UNINITIALIZED

.data      0    20000200    00000003     UNINITIALIZED
                  20000200    00000003     buttons.obj (.data)

.stack     0    20000000    00000200     UNINITIALIZED
                  20000000    00000004     rtsv7M4_T_le_v4SPD16_eabi.lib : boot_cortex_m.c.obj (.stack)
                  20000004    000001fc     --HOLE--

__llvm_prf_cnts 
*          0    20000000    00000000     UNINITIALIZED

MODULE SUMMARY

       Module                          code   ro data   rw data
       ------                          ----   -------   -------
    .\
       tm4c129encpdt_startup_ccs.obj   12     520       0      
       main.obj                        84     0         0      
    +--+-------------------------------+------+---------+---------+
       Total:                          96     520       0      
                                                               
    .\drivers\
       pinout.obj                      756    0         0      
       buttons.obj                     204    0         3      
    +--+-------------------------------+------+---------+---------+
       Total:                          960    0         3      
                                                               
    C:/ti/TivaWare_C_Series-2.2.0.295/driverlib/ccs/Debug/driverlib.lib
       gpio.obj                        456    0         0      
    +--+-------------------------------+------+---------+---------+
       Total:                          456    0         0      
                                                               
    C:\ti\ccs1031\ccs\tools\compiler\ti-cgt-arm_20.2.4.LTS\lib\rtsv7M4_T_le_v4SPD16_eabi.lib
       memcpy_t2.asm.obj               156    0         0      
       copy_decompress_lzss.c.obj      104    0         0      
       autoinit.c.obj                  68     0         0      
       boot_cortex_m.c.obj             52     0         0      
       copy_decompress_none.c.obj      14     0         0      
       exit.c.obj                      4      0         0      
       pre_init.c.obj                  4      0         0      
    +--+-------------------------------+------+---------+---------+
       Total:                          402    0         0      
                                                               
       Stack:                          0      0         512    
       Linker Generated:               0      23        0      
    +--+-------------------------------+------+---------+---------+
       Grand Total:                    1914   543       515    


LINKER GENERATED COPY TABLES

__TI_cinit_table @ 00000998 records: 1, size/record: 8, table size: 8
	.data: load addr=00000990, load size=00000007 bytes, run addr=20000200, run size=00000003 bytes, compression=lzss


LINKER GENERATED HANDLER TABLE

__TI_handler_table @ 00000988 records: 2, size/record: 4, table size: 8
	index: 0, handler: __TI_decompress_lzss
	index: 1, handler: __TI_decompress_none


GLOBAL SYMBOLS: SORTED ALPHABETICALLY BY Name 

address   name                          
-------   ----                          
000006dd  ButtonsInit                   
00000669  ButtonsPoll                   
0000097f  C$$EXIT                       
00000905  GPIODirModeSet                
000004fd  GPIOPadConfigSet              
0000094b  GPIOPinTypeEthernetLED        
00000931  GPIOPinTypeGPIOOutput         
0000045b  LEDRead                       
000003e5  LEDWrite                      
00000209  PinoutSet                     
0000096f  ResetISR                      
20000200  __STACK_END                   
00000200  __STACK_SIZE                  
20000200  __STACK_TOP                   
00000998  __TI_CINIT_Base               
000009a0  __TI_CINIT_Limit              
00000988  __TI_Handler_Table_Base       
00000990  __TI_Handler_Table_Limit      
0000088d  __TI_auto_init_nobinit_nopinit
000007d1  __TI_decompress_lzss          
00000961  __TI_decompress_none          
ffffffff  __TI_pprof_out_hndl           
ffffffff  __TI_prof_data_size           
ffffffff  __TI_prof_data_start          
00000000  __TI_static_base__            
00000735  __aeabi_memcpy                
00000735  __aeabi_memcpy4               
00000735  __aeabi_memcpy8               
ffffffff  __binit__                     
ffffffff  __c_args__                    
UNDEFED   __mpu_init                    
20000000  __stack                       
20000000  __start___llvm_prf_cnts       
20000000  __stop___llvm_prf_cnts        
000008d1  _c_int00_noargs               
UNDEFED   _system_post_cinit            
0000097b  _system_pre_init              
0000097f  abort                         
ffffffff  binit                         
00000000  g_pfnVectors                  
00000839  main                          
00000735  memcpy                        


GLOBAL SYMBOLS: SORTED BY Symbol Address 

address   name                          
-------   ----                          
00000000  __TI_static_base__            
00000000  g_pfnVectors                  
00000200  __STACK_SIZE                  
00000209  PinoutSet                     
000003e5  LEDWrite                      
0000045b  LEDRead                       
000004fd  GPIOPadConfigSet              
00000669  ButtonsPoll                   
000006dd  ButtonsInit                   
00000735  __aeabi_memcpy                
00000735  __aeabi_memcpy4               
00000735  __aeabi_memcpy8               
00000735  memcpy                        
000007d1  __TI_decompress_lzss          
00000839  main                          
0000088d  __TI_auto_init_nobinit_nopinit
000008d1  _c_int00_noargs               
00000905  GPIODirModeSet                
00000931  GPIOPinTypeGPIOOutput         
0000094b  GPIOPinTypeEthernetLED        
00000961  __TI_decompress_none          
0000096f  ResetISR                      
0000097b  _system_pre_init              
0000097f  C$$EXIT                       
0000097f  abort                         
00000988  __TI_Handler_Table_Base       
00000990  __TI_Handler_Table_Limit      
00000998  __TI_CINIT_Base               
000009a0  __TI_CINIT_Limit              
20000000  __stack                       
20000000  __start___llvm_prf_cnts       
20000000  __stop___llvm_prf_cnts        
20000200  __STACK_END                   
20000200  __STACK_TOP                   
ffffffff  __TI_pprof_out_hndl           
ffffffff  __TI_prof_data_size           
ffffffff  __TI_prof_data_start          
ffffffff  __binit__                     
ffffffff  __c_args__                    
ffffffff  binit                         
UNDEFED   __mpu_init                    
UNDEFED   _system_post_cinit            

[42 symbols]
