******************************************************************************
                  TI ARM Linker PC v20.2.4                     
******************************************************************************
>> Linked Fri Oct  6 13:50:03 2023

OUTPUT FILE NAME:   <lab3_DVA454.out>
ENTRY POINT SYMBOL: "_c_int00_noargs"  address: 00001671


MEMORY CONFIGURATION

         name            origin    length      used     unused   attr    fill
----------------------  --------  ---------  --------  --------  ----  --------
  FLASH                 00000000   00100000  00001c92  000fe36e  R  X
  SRAM                  20000000   00040000  00000498  0003fb68  RW X


SEGMENT ALLOCATION MAP

run origin  load origin   length   init length attrs members
----------  ----------- ---------- ----------- ----- -------
00000000    00000000    00001c98   00001c98    r-x
  00000000    00000000    00000208   00000208    r-- .intvecs
  00000208    00000208    000015a2   000015a2    r-x .text
  000017ac    000017ac    000004a8   000004a8    r-- .const
  00001c58    00001c58    00000040   00000040    r-- .cinit
20000000    20000000    0000049c   00000000    rw-
  20000000    20000000    0000026c   00000000    rw- .vtable
  20000270    20000270    00000200   00000000    rw- .stack
  20000470    20000470    00000020   00000000    rw- .bss
  20000490    20000490    0000000c   00000000    rw- .data


SECTION ALLOCATION MAP

 output                                  attributes/
section   page    origin      length       input sections
--------  ----  ----------  ----------   ----------------
.intvecs   0    00000000    00000208     
                  00000000    00000208     tm4c129encpdt_startup_ccs.obj (.intvecs)

.text      0    00000208    000015a2     
                  00000208    000003d8     main.obj (.text)
                  000005e0    00000358     uartstdio.obj (.text)
                  00000938    000002f0     timer.obj (.text)
                  00000c28    000002a4     interrupt.obj (.text)
                  00000ecc    00000200     driverlib.lib : sysctl.obj (.text:SysCtlClockFreqSet)
                  000010cc    000001b0     stopwatch.obj (.text)
                  0000127c    0000016c     driverlib.lib : gpio.obj (.text:GPIOPadConfigSet)
                  000013e8    0000009c     rtsv7M4_T_le_v4SPD16_eabi.lib : memcpy_t2.asm.obj (.text)
                  00001484    00000068                                   : copy_decompress_lzss.c.obj (.text:decompress:lzss:__TI_decompress_lzss)
                  000014ec    0000004c     driverlib.lib : gpio.obj (.text:GPIOPinConfigure)
                  00001538    00000048                   : sysctl.obj (.text:_SysCtlFrequencyGet)
                  00001580    00000044     rtsv7M4_T_le_v4SPD16_eabi.lib : autoinit.c.obj (.text:__TI_auto_init_nobinit_nopinit:__TI_auto_init_nobinit_nopinit)
                  000015c4    00000040                                   : u_divt2.asm.obj (.text)
                  00001604    00000038     driverlib.lib : sysctl.obj (.text:SysCtlPeripheralReady)
                  0000163c    00000034                   : sysctl.obj (.text:SysCtlPeripheralEnable)
                  00001670    00000034     rtsv7M4_T_le_v4SPD16_eabi.lib : boot_cortex_m.c.obj (.text:_c_int00_noargs:_c_int00_noargs)
                  000016a4    0000002c     driverlib.lib : gpio.obj (.text:GPIODirModeSet)
                  000016d0    00000020                   : sysctl.obj (.text:_SysCtlMemTimingGet)
                  000016f0    0000001c     rtsv7M4_T_le_v4SPD16_eabi.lib : copy_zero_init.c.obj (.text:decompress:ZI:__TI_zero_init_nomemset:__TI_zero_init_nomemset)
                  0000170c    00000016     driverlib.lib : gpio.obj (.text:GPIOPinTypeUART)
                  00001722    0000000e                   : uart.obj (.text:UARTCharGetNonBlocking)
                  00001730    0000000e                   : uart.obj (.text:UARTCharsAvail)
                  0000173e    0000000e     rtsv7M4_T_le_v4SPD16_eabi.lib : copy_decompress_none.c.obj (.text:decompress:none:__TI_decompress_none)
                  0000174c    0000000c     driverlib.lib : cpu.obj (.text:CPUcpsid)
                  00001758    0000000c                   : cpu.obj (.text:CPUcpsie)
                  00001764    0000000c     tm4c129encpdt_startup_ccs.obj (.text)
                  00001770    0000000a     driverlib.lib : uart.obj (.text:UARTCharGet)
                  0000177a    0000000a                   : uart.obj (.text:UARTCharPut)
                  00001784    0000000a                   : uart.obj (.text:UARTIntStatus)
                  0000178e    00000008                   : uart.obj (.text:UARTIntEnable)
                  00001796    00000006                   : uart.obj (.text:UARTClockSourceSet)
                  0000179c    00000004                   : uart.obj (.text:UARTIntClear)
                  000017a0    00000004     rtsv7M4_T_le_v4SPD16_eabi.lib : pre_init.c.obj (.text:_system_pre_init)
                  000017a4    00000004                                   : exit.c.obj (.text:abort:abort)
                  000017a8    00000002                                   : div0.asm.obj (.text)

.const     0    000017ac    000004a8     
                  000017ac    000001b0     driverlib.lib : sysctl.obj (.const:g_pppui32XTALtoVCO)
                  0000195c    0000009c     interrupt.obj (.const:g_pui32Regs)
                  000019f8    00000090     driverlib.lib : gpio.obj (.const:g_pui32GPIOBaseAddrs)
                  00001a88    0000006c                   : sysctl.obj (.const:g_pui32Xtals)
                  00001af4    00000060     timer.obj (.const:g_ppui32TimerIntMap)
                  00001b54    00000040     timer.obj (.const:g_ppui32TimerIntMapSnowflake)
                  00001b94    00000030     driverlib.lib : sysctl.obj (.const:g_sXTALtoMEMTIM)
                  00001bc4    00000020     interrupt.obj (.const:g_pui32Priority)
                  00001be4    00000014     interrupt.obj (.const:g_pui32Dii16Regs)
                  00001bf8    00000014     interrupt.obj (.const:g_pui32EnRegs)
                  00001c0c    00000014     interrupt.obj (.const:g_pui32PendRegs)
                  00001c20    00000014     interrupt.obj (.const:g_pui32UnpendRegs)
                  00001c34    0000000c     uartstdio.obj (.const:g_ui32UARTBase)
                  00001c40    0000000c     uartstdio.obj (.const:g_ui32UARTPeriph)
                  00001c4c    00000008     driverlib.lib : sysctl.obj (.const:g_pui32VCOFrequencies)

.cinit     0    00001c58    00000040     
                  00001c58    0000000c     (__TI_handler_table)
                  00001c64    00000004     --HOLE-- [fill = 0]
                  00001c68    00000008     (.cinit..bss.load) [load image, compression = zero_init]
                  00001c70    00000008     (.cinit..vtable.load) [load image, compression = zero_init]
                  00001c78    00000007     (.cinit..data.load) [load image, compression = lzss]
                  00001c7f    00000001     --HOLE-- [fill = 0]
                  00001c80    00000018     (__TI_cinit_table)

.init_array 
*          0    00000000    00000000     UNINITIALIZED

.vtable    0    20000000    0000026c     UNINITIALIZED
                  20000000    0000026c     interrupt.obj (.vtable)

.bss       0    20000470    00000020     UNINITIALIZED
                  20000470    00000010     (.common:global_stopwatch)
                  20000480    00000010     (.common:uartBuffer)

.data      0    20000490    0000000c     UNINITIALIZED
                  20000490    00000005     uartstdio.obj (.data)
                  20000495    00000003     --HOLE--
                  20000498    00000004     main.obj (.data)

.stack     0    20000270    00000200     UNINITIALIZED
                  20000270    00000004     rtsv7M4_T_le_v4SPD16_eabi.lib : boot_cortex_m.c.obj (.stack)
                  20000274    000001fc     --HOLE--

__llvm_prf_cnts 
*          0    20000000    00000000     UNINITIALIZED

MODULE SUMMARY

       Module                          code   ro data   rw data
       ------                          ----   -------   -------
    .\
       interrupt.obj                   676    268       620    
       main.obj                        984    0         20     
       timer.obj                       752    160       0      
       uartstdio.obj                   856    24        5      
       tm4c129encpdt_startup_ccs.obj   12     520       0      
       stopwatch.obj                   432    0         16     
    +--+-------------------------------+------+---------+---------+
       Total:                          3712   972       661    
                                                               
    C:/ti/TivaWare_C_Series-2.2.0.295/driverlib/ccs/Debug/driverlib.lib
       sysctl.obj                      724    596       0      
       gpio.obj                        506    144       0      
       uart.obj                        76     0         0      
       cpu.obj                         24     0         0      
    +--+-------------------------------+------+---------+---------+
       Total:                          1330   740       0      
                                                               
    C:\ti\ccs1031\ccs\tools\compiler\ti-cgt-arm_20.2.4.LTS\lib\rtsv7M4_T_le_v4SPD16_eabi.lib
       memcpy_t2.asm.obj               156    0         0      
       copy_decompress_lzss.c.obj      104    0         0      
       autoinit.c.obj                  68     0         0      
       u_divt2.asm.obj                 64     0         0      
       boot_cortex_m.c.obj             52     0         0      
       copy_zero_init.c.obj            28     0         0      
       copy_decompress_none.c.obj      14     0         0      
       exit.c.obj                      4      0         0      
       pre_init.c.obj                  4      0         0      
       div0.asm.obj                    2      0         0      
    +--+-------------------------------+------+---------+---------+
       Total:                          496    0         0      
                                                               
       Stack:                          0      0         512    
       Linker Generated:               0      59        0      
    +--+-------------------------------+------+---------+---------+
       Grand Total:                    5538   1771      1173   


LINKER GENERATED COPY TABLES

__TI_cinit_table @ 00001c80 records: 3, size/record: 8, table size: 24
	.bss: load addr=00001c68, load size=00000008 bytes, run addr=20000470, run size=00000020 bytes, compression=zero_init
	.vtable: load addr=00001c70, load size=00000008 bytes, run addr=20000000, run size=0000026c bytes, compression=zero_init
	.data: load addr=00001c78, load size=00000007 bytes, run addr=20000490, run size=0000000c bytes, compression=lzss


LINKER GENERATED HANDLER TABLE

__TI_handler_table @ 00001c58 records: 3, size/record: 4, table size: 12
	index: 0, handler: __TI_zero_init
	index: 1, handler: __TI_decompress_lzss
	index: 2, handler: __TI_decompress_none


GLOBAL SYMBOLS: SORTED ALPHABETICALLY BY Name 

address   name                          
-------   ----                          
000017a5  C$$EXIT                       
0000174d  CPUcpsid                      
00001759  CPUcpsie                      
00000289  CharChange                    
00000227  ConfigureUART                 
000016a5  GPIODirModeSet                
0000127d  GPIOPadConfigSet              
000014ed  GPIOPinConfigure              
0000170d  GPIOPinTypeUART               
0000028f  InitialTime                   
00000e37  IntDisable                    
00000ddb  IntEnable                     
00000451  IntHandler                    
00000d83  IntIsEnabled                  
00000d73  IntMasterDisable              
00000d63  IntMasterEnable               
00000d25  IntPendClear                  
00000cd9  IntPendSet                    
00000cbf  IntPriorityGet                
00000c99  IntPriorityGroupingGet        
00000c87  IntPriorityGroupingSet        
00000c67  IntPrioritySet                
00000c3d  IntRegister                   
00000c35  IntTrigger                    
00000c2b  IntUnregister                 
00001765  ResetISR                      
00000ecd  SysCtlClockFreqSet            
0000163d  SysCtlPeripheralEnable        
00001605  SysCtlPeripheralReady         
00000c0d  TimerADCEventGet              
00000c09  TimerADCEventSet              
00000c03  TimerClockSourceGet           
00000bfd  TimerClockSourceSet           
00000baf  TimerConfigure                
00000b99  TimerControlEvent             
00000b81  TimerControlLevel             
00000b69  TimerControlStall             
00000b1f  TimerControlTrigger           
00000aed  TimerControlWaitOnTrigger     
00000ae9  TimerDMAEventGet              
00000ae5  TimerDMAEventSet              
00000ad1  TimerDisable                  
00000ac3  TimerEnable                   
00000abf  TimerIntClear                 
00000ab5  TimerIntDisable               
00000aad  TimerIntEnable                
00000a95  TimerIntRegister              
00000a8b  TimerIntStatus                
00000a77  TimerIntUnregister            
00000a37  TimerLoadGet                  
00000a21  TimerLoadGet64                
00000a0f  TimerLoadSet                  
00000a09  TimerLoadSet64                
000009ff  TimerMatchGet                 
000009e9  TimerMatchGet64               
000009d7  TimerMatchSet                 
000009d1  TimerMatchSet64               
000009c7  TimerPrescaleGet              
000009bd  TimerPrescaleMatchGet         
000009ab  TimerPrescaleMatchSet         
00000999  TimerPrescaleSet              
0000098f  TimerRTCDisable               
00000985  TimerRTCEnable                
00000981  TimerSynchronize              
00000959  TimerUpdateMode               
0000094f  TimerValueGet                 
00000939  TimerValueGet64               
00001771  UARTCharGet                   
00001723  UARTCharGetNonBlocking        
0000177b  UARTCharPut                   
00001731  UARTCharsAvail                
00001797  UARTClockSourceSet            
0000179d  UARTIntClear                  
0000178f  UARTIntEnable                 
00001785  UARTIntStatus                 
00000273  UARTSendString                
000008ad  UARTStdioConfig               
00000895  UARTgetc                      
00000811  UARTgets                      
000007f7  UARTprintf                    
00000629  UARTvprintf                   
000005e1  UARTwrite                     
20000470  __STACK_END                   
00000200  __STACK_SIZE                  
20000470  __STACK_TOP                   
00001c80  __TI_CINIT_Base               
00001c98  __TI_CINIT_Limit              
00001c58  __TI_Handler_Table_Base       
00001c64  __TI_Handler_Table_Limit      
00001581  __TI_auto_init_nobinit_nopinit
00001485  __TI_decompress_lzss          
0000173f  __TI_decompress_none          
ffffffff  __TI_pprof_out_hndl           
ffffffff  __TI_prof_data_size           
ffffffff  __TI_prof_data_start          
00000000  __TI_static_base__            
000016f1  __TI_zero_init_nomemset       
000017a9  __aeabi_idiv0                 
000017a9  __aeabi_ldiv0                 
000013e9  __aeabi_memcpy                
000013e9  __aeabi_memcpy4               
000013e9  __aeabi_memcpy8               
000015c5  __aeabi_uidiv                 
000015c5  __aeabi_uidivmod              
ffffffff  __binit__                     
ffffffff  __c_args__                    
UNDEFED   __mpu_init                    
20000270  __stack                       
20000000  __start___llvm_prf_cnts       
20000000  __stop___llvm_prf_cnts        
00001671  _c_int00_noargs               
UNDEFED   _system_post_cinit            
000017a1  _system_pre_init              
000017a5  abort                         
ffffffff  binit                         
00001243  create_stopwatch              
20000000  g_pfnRAMVectors               
00000000  g_pfnVectors                  
20000470  global_stopwatch              
000011d5  initialize_stopwatch          
000003b9  main                          
000013e9  memcpy                        
00000209  myAtoi                        
000010cd  reset_stopwatch               
000011cd  start_stopwatch               
000011c5  stop_stopwatch                
20000480  uartBuffer                    
20000498  uartBufferWriteIndex          


GLOBAL SYMBOLS: SORTED BY Symbol Address 

address   name                          
-------   ----                          
00000000  __TI_static_base__            
00000000  g_pfnVectors                  
00000200  __STACK_SIZE                  
00000209  myAtoi                        
00000227  ConfigureUART                 
00000273  UARTSendString                
00000289  CharChange                    
0000028f  InitialTime                   
000003b9  main                          
00000451  IntHandler                    
000005e1  UARTwrite                     
00000629  UARTvprintf                   
000007f7  UARTprintf                    
00000811  UARTgets                      
00000895  UARTgetc                      
000008ad  UARTStdioConfig               
00000939  TimerValueGet64               
0000094f  TimerValueGet                 
00000959  TimerUpdateMode               
00000981  TimerSynchronize              
00000985  TimerRTCEnable                
0000098f  TimerRTCDisable               
00000999  TimerPrescaleSet              
000009ab  TimerPrescaleMatchSet         
000009bd  TimerPrescaleMatchGet         
000009c7  TimerPrescaleGet              
000009d1  TimerMatchSet64               
000009d7  TimerMatchSet                 
000009e9  TimerMatchGet64               
000009ff  TimerMatchGet                 
00000a09  TimerLoadSet64                
00000a0f  TimerLoadSet                  
00000a21  TimerLoadGet64                
00000a37  TimerLoadGet                  
00000a77  TimerIntUnregister            
00000a8b  TimerIntStatus                
00000a95  TimerIntRegister              
00000aad  TimerIntEnable                
00000ab5  TimerIntDisable               
00000abf  TimerIntClear                 
00000ac3  TimerEnable                   
00000ad1  TimerDisable                  
00000ae5  TimerDMAEventSet              
00000ae9  TimerDMAEventGet              
00000aed  TimerControlWaitOnTrigger     
00000b1f  TimerControlTrigger           
00000b69  TimerControlStall             
00000b81  TimerControlLevel             
00000b99  TimerControlEvent             
00000baf  TimerConfigure                
00000bfd  TimerClockSourceSet           
00000c03  TimerClockSourceGet           
00000c09  TimerADCEventSet              
00000c0d  TimerADCEventGet              
00000c2b  IntUnregister                 
00000c35  IntTrigger                    
00000c3d  IntRegister                   
00000c67  IntPrioritySet                
00000c87  IntPriorityGroupingSet        
00000c99  IntPriorityGroupingGet        
00000cbf  IntPriorityGet                
00000cd9  IntPendSet                    
00000d25  IntPendClear                  
00000d63  IntMasterEnable               
00000d73  IntMasterDisable              
00000d83  IntIsEnabled                  
00000ddb  IntEnable                     
00000e37  IntDisable                    
00000ecd  SysCtlClockFreqSet            
000010cd  reset_stopwatch               
000011c5  stop_stopwatch                
000011cd  start_stopwatch               
000011d5  initialize_stopwatch          
00001243  create_stopwatch              
0000127d  GPIOPadConfigSet              
000013e9  __aeabi_memcpy                
000013e9  __aeabi_memcpy4               
000013e9  __aeabi_memcpy8               
000013e9  memcpy                        
00001485  __TI_decompress_lzss          
000014ed  GPIOPinConfigure              
00001581  __TI_auto_init_nobinit_nopinit
000015c5  __aeabi_uidiv                 
000015c5  __aeabi_uidivmod              
00001605  SysCtlPeripheralReady         
0000163d  SysCtlPeripheralEnable        
00001671  _c_int00_noargs               
000016a5  GPIODirModeSet                
000016f1  __TI_zero_init_nomemset       
0000170d  GPIOPinTypeUART               
00001723  UARTCharGetNonBlocking        
00001731  UARTCharsAvail                
0000173f  __TI_decompress_none          
0000174d  CPUcpsid                      
00001759  CPUcpsie                      
00001765  ResetISR                      
00001771  UARTCharGet                   
0000177b  UARTCharPut                   
00001785  UARTIntStatus                 
0000178f  UARTIntEnable                 
00001797  UARTClockSourceSet            
0000179d  UARTIntClear                  
000017a1  _system_pre_init              
000017a5  C$$EXIT                       
000017a5  abort                         
000017a9  __aeabi_idiv0                 
000017a9  __aeabi_ldiv0                 
00001c58  __TI_Handler_Table_Base       
00001c64  __TI_Handler_Table_Limit      
00001c80  __TI_CINIT_Base               
00001c98  __TI_CINIT_Limit              
20000000  __start___llvm_prf_cnts       
20000000  __stop___llvm_prf_cnts        
20000000  g_pfnRAMVectors               
20000270  __stack                       
20000470  __STACK_END                   
20000470  __STACK_TOP                   
20000470  global_stopwatch              
20000480  uartBuffer                    
20000498  uartBufferWriteIndex          
ffffffff  __TI_pprof_out_hndl           
ffffffff  __TI_prof_data_size           
ffffffff  __TI_prof_data_start          
ffffffff  __binit__                     
ffffffff  __c_args__                    
ffffffff  binit                         
UNDEFED   __mpu_init                    
UNDEFED   _system_post_cinit            

[128 symbols]
