******************************************************************************
                  TI ARM Linker PC v20.2.4                     
******************************************************************************
>> Linked Thu Oct 12 13:03:58 2023

OUTPUT FILE NAME:   <Lab6_Assignment_1_a.out>
ENTRY POINT SYMBOL: "_c_int00_noargs"  address: 0000301d


MEMORY CONFIGURATION

         name            origin    length      used     unused   attr    fill
----------------------  --------  ---------  --------  --------  ----  --------
  FLASH                 00000000   00100000  00003470  000fcb90  R  X
  SRAM                  20000000   00040000  0000c700  00033900  RW X


SEGMENT ALLOCATION MAP

run origin  load origin   length   init length attrs members
----------  ----------- ---------- ----------- ----- -------
00000000    00000000    00003470   00003470    r-x
  00000000    00000000    00000208   00000208    r-- .intvecs
  00000208    00000208    00002f18   00002f18    r-x .text
  00003120    00003120    00000300   00000300    r-- .const
  00003420    00003420    00000050   00000050    r-- .cinit
20000000    20000000    0000c704   00000000    rw-
  20000000    20000000    0000c4a4   00000000    rw- .bss
  2000c4a8    2000c4a8    00000200   00000000    rw- .stack
  2000c6a8    2000c6a8    0000005c   00000000    rw- .data


SECTION ALLOCATION MAP

 output                                  attributes/
section   page    origin      length       input sections
--------  ----  ----------  ----------   ----------------
.intvecs   0    00000000    00000208     
                  00000000    00000208     tm4c129encpdt_startup_ccs.obj (.intvecs)

.text      0    00000208    00002f18     
                  00000208    00001180     tasks.obj (.text)
                  00001388    000006c4     queue.obj (.text)
                  00001a4c    00000408     uartstdio.obj (.text)
                  00001e54    0000038c     timers.obj (.text)
                  000021e0    000002f4     pinout.obj (.text)
                  000024d4    00000200     driverlib.lib : sysctl.obj (.text:SysCtlClockFreqSet)
                  000026d4    0000016c                   : gpio.obj (.text:GPIOPadConfigSet)
                  00002840    00000118     heap_2.obj (.text)
                  00002958    000000f0     main.obj (.text)
                  00002a48    000000dc     port.obj (.text)
                  00002b24    000000d2     portasm.obj (.text)
                  00002bf6    00000002     rtsv7M4_T_le_v4SPD16_eabi.lib : div0.asm.obj (.text)
                  00002bf8    000000cc     buttons.obj (.text)
                  00002cc4    0000009c     rtsv7M4_T_le_v4SPD16_eabi.lib : memcpy_t2.asm.obj (.text)
                  00002d60    0000008c     list.obj (.text)
                  00002dec    0000007a     rtsv7M4_T_le_v4SPD16_eabi.lib : memset_t2.asm.obj (.text)
                  00002e66    00000068                                   : copy_decompress_lzss.c.obj (.text:decompress:lzss:__TI_decompress_lzss)
                  00002ece    00000002     --HOLE-- [fill = 0]
                  00002ed0    0000004c     driverlib.lib : gpio.obj (.text:GPIOPinConfigure)
                  00002f1c    00000048                   : sysctl.obj (.text:_SysCtlFrequencyGet)
                  00002f64    00000044     rtsv7M4_T_le_v4SPD16_eabi.lib : autoinit.c.obj (.text:__TI_auto_init_nobinit_nopinit:__TI_auto_init_nobinit_nopinit)
                  00002fa8    00000040                                   : u_divt2.asm.obj (.text)
                  00002fe8    00000034     driverlib.lib : sysctl.obj (.text:SysCtlPeripheralEnable)
                  0000301c    00000034     rtsv7M4_T_le_v4SPD16_eabi.lib : boot_cortex_m.c.obj (.text:_c_int00_noargs:_c_int00_noargs)
                  00003050    0000002c     driverlib.lib : gpio.obj (.text:GPIODirModeSet)
                  0000307c    00000020                   : sysctl.obj (.text:_SysCtlMemTimingGet)
                  0000309c    0000001a                   : gpio.obj (.text:GPIOPinTypeGPIOOutput)
                  000030b6    00000016                   : gpio.obj (.text:GPIOPinTypeEthernetLED)
                  000030cc    00000016                   : gpio.obj (.text:GPIOPinTypeUART)
                  000030e2    0000000e     rtsv7M4_T_le_v4SPD16_eabi.lib : copy_decompress_none.c.obj (.text:decompress:none:__TI_decompress_none)
                  000030f0    0000000c                                   : copy_zero_init.c.obj (.text:decompress:ZI:__TI_zero_init)
                  000030fc    0000000c     tm4c129encpdt_startup_ccs.obj (.text)
                  00003108    0000000a     driverlib.lib : uart.obj (.text:UARTCharGet)
                  00003112    00000006                   : uart.obj (.text:UARTClockSourceSet)
                  00003118    00000004     rtsv7M4_T_le_v4SPD16_eabi.lib : pre_init.c.obj (.text:_system_pre_init)
                  0000311c    00000004                                   : exit.c.obj (.text:abort:abort)

.const     0    00003120    00000300     
                  00003120    000001b0     driverlib.lib : sysctl.obj (.const:g_pppui32XTALtoVCO)
                  000032d0    00000090                   : gpio.obj (.const:g_pui32GPIOBaseAddrs)
                  00003360    0000006c                   : sysctl.obj (.const:g_pui32Xtals)
                  000033cc    00000030                   : sysctl.obj (.const:g_sXTALtoMEMTIM)
                  000033fc    0000000c     uartstdio.obj (.const:g_ui32UARTBase)
                  00003408    0000000c     uartstdio.obj (.const:g_ui32UARTPeriph)
                  00003414    00000008     driverlib.lib : sysctl.obj (.const:g_pui32VCOFrequencies)
                  0000341c    00000004     port.obj (.const)

.cinit     0    00003420    00000050     
                  00003420    00000026     (.cinit..data.load) [load image, compression = lzss]
                  00003446    00000002     --HOLE-- [fill = 0]
                  00003448    0000000c     (__TI_handler_table)
                  00003454    00000004     --HOLE-- [fill = 0]
                  00003458    00000008     (.cinit..bss.load) [load image, compression = zero_init]
                  00003460    00000010     (__TI_cinit_table)

.init_array 
*          0    00000000    00000000     UNINITIALIZED

.bss       0    20000000    0000c4a4     UNINITIALIZED
                  20000000    0000c350     heap_2.obj (.bss:ucHeap)
                  2000c350    00000064     tasks.obj (.bss:pxReadyTasksLists)
                  2000c3b4    00000040     (.common:xQueueRegistry)
                  2000c3f4    00000014     timers.obj (.bss:xActiveTimerList1)
                  2000c408    00000014     timers.obj (.bss:xActiveTimerList2)
                  2000c41c    00000014     tasks.obj (.bss:xDelayedTaskList1)
                  2000c430    00000014     tasks.obj (.bss:xDelayedTaskList2)
                  2000c444    00000014     tasks.obj (.bss:xPendingReadyList)
                  2000c458    00000014     tasks.obj (.bss:xSuspendedTaskList)
                  2000c46c    00000014     tasks.obj (.bss:xTasksWaitingTermination)
                  2000c480    00000008     tasks.obj (.bss)
                  2000c488    00000008     timers.obj (.bss)
                  2000c490    00000008     heap_2.obj (.bss:xEnd)
                  2000c498    00000008     heap_2.obj (.bss:xStart)
                  2000c4a0    00000004     (.common:gUARTTaskHandler)

.data      0    2000c6a8    0000005c     UNINITIALIZED
                  2000c6a8    00000030     tasks.obj (.data)
                  2000c6d8    0000000f     main.obj (.data:gTextBuffer)
                  2000c6e7    00000001     --HOLE--
                  2000c6e8    00000008     heap_2.obj (.data)
                  2000c6f0    00000008     timers.obj (.data)
                  2000c6f8    00000005     uartstdio.obj (.data)
                  2000c6fd    00000003     buttons.obj (.data)
                  2000c700    00000004     port.obj (.data)

.stack     0    2000c4a8    00000200     UNINITIALIZED
                  2000c4a8    00000004     rtsv7M4_T_le_v4SPD16_eabi.lib : boot_cortex_m.c.obj (.stack)
                  2000c4ac    000001fc     --HOLE--

__llvm_prf_cnts 
*          0    20000000    00000000     UNINITIALIZED

MODULE SUMMARY

       Module                          code    ro data   rw data
       ------                          ----    -------   -------
    .\
       tm4c129encpdt_startup_ccs.obj   12      520       0      
       main.obj                        240     0         19     
    +--+-------------------------------+-------+---------+---------+
       Total:                          252     520       19     
                                                                
    .\Drivers\
       uartstdio.obj                   1032    24        5      
       pinout.obj                      756     0         0      
       buttons.obj                     204     0         3      
    +--+-------------------------------+-------+---------+---------+
       Total:                          1992    24        8      
                                                                
    .\FreeRTOS\
       tasks.obj                       4480    0         256    
       queue.obj                       1732    0         64     
       timers.obj                      908     0         56     
       list.obj                        140     0         0      
    +--+-------------------------------+-------+---------+---------+
       Total:                          7260    0         376    
                                                                
    .\FreeRTOS\portable\CCS\ARM_CM4F\
       port.obj                        220     4         4      
       portasm.obj                     210     0         0      
    +--+-------------------------------+-------+---------+---------+
       Total:                          430     4         4      
                                                                
    .\FreeRTOS\portable\MemMang\
       heap_2.obj                      280     0         50024  
    +--+-------------------------------+-------+---------+---------+
       Total:                          280     0         50024  
                                                                
    C:/ti/TivaWare_C_Series-2.2.0.295/driverlib/ccs/Debug/driverlib.lib
       sysctl.obj                      668     596       0      
       gpio.obj                        554     144       0      
       uart.obj                        16      0         0      
    +--+-------------------------------+-------+---------+---------+
       Total:                          1238    740       0      
                                                                
    C:\ti\ccs1031\ccs\tools\compiler\ti-cgt-arm_20.2.4.LTS\lib\rtsv7M4_T_le_v4SPD16_eabi.lib
       memcpy_t2.asm.obj               156     0         0      
       memset_t2.asm.obj               122     0         0      
       copy_decompress_lzss.c.obj      104     0         0      
       autoinit.c.obj                  68      0         0      
       u_divt2.asm.obj                 64      0         0      
       boot_cortex_m.c.obj             52      0         0      
       copy_decompress_none.c.obj      14      0         0      
       copy_zero_init.c.obj            12      0         0      
       exit.c.obj                      4       0         0      
       pre_init.c.obj                  4       0         0      
       div0.asm.obj                    2       0         0      
    +--+-------------------------------+-------+---------+---------+
       Total:                          602     0         0      
                                                                
       Stack:                          0       0         512    
       Linker Generated:               0       74        0      
    +--+-------------------------------+-------+---------+---------+
       Grand Total:                    12054   1362      50943  


LINKER GENERATED COPY TABLES

__TI_cinit_table @ 00003460 records: 2, size/record: 8, table size: 16
	.data: load addr=00003420, load size=00000026 bytes, run addr=2000c6a8, run size=0000005c bytes, compression=lzss
	.bss: load addr=00003458, load size=00000008 bytes, run addr=20000000, run size=0000c4a4 bytes, compression=zero_init


LINKER GENERATED HANDLER TABLE

__TI_handler_table @ 00003448 records: 3, size/record: 4, table size: 12
	index: 0, handler: __TI_decompress_lzss
	index: 1, handler: __TI_decompress_none
	index: 2, handler: __TI_zero_init


GLOBAL SYMBOLS: SORTED ALPHABETICALLY BY Name 

address   name                             
-------   ----                             
00002c6d  ButtonsInit                      
00002bf9  ButtonsPoll                      
0000311d  C$$EXIT                          
00002959  ConfigureUART                    
00003051  GPIODirModeSet                   
000026d5  GPIOPadConfigSet                 
00002ed1  GPIOPinConfigure                 
000030b7  GPIOPinTypeEthernetLED           
0000309d  GPIOPinTypeGPIOOutput            
000030cd  GPIOPinTypeUART                  
00002433  LEDRead                          
000023bd  LEDWrite                         
000021e1  PinoutSet                        
000030fd  ResetISR                         
00002995  SetClockFrequency                
000024d5  SysCtlClockFreqSet               
00002fe9  SysCtlPeripheralEnable           
00003109  UARTCharGet                      
00003113  UARTClockSourceSet               
00001dad  UARTStdioConfig                  
000029e7  UARTTask                         
00001d99  UARTgetc                         
00001ca9  UARTgets                         
00001c8f  UARTprintf                       
00001ab3  UARTvprintf                      
00001a4d  UARTwrite                        
2000c6a8  __STACK_END                      
00000200  __STACK_SIZE                     
2000c6a8  __STACK_TOP                      
00003460  __TI_CINIT_Base                  
00003470  __TI_CINIT_Limit                 
00003448  __TI_Handler_Table_Base          
00003454  __TI_Handler_Table_Limit         
00002f65  __TI_auto_init_nobinit_nopinit   
00002e67  __TI_decompress_lzss             
000030e3  __TI_decompress_none             
ffffffff  __TI_pprof_out_hndl              
ffffffff  __TI_prof_data_size              
ffffffff  __TI_prof_data_start             
00000000  __TI_static_base__               
000030f1  __TI_zero_init                   
00002bf7  __aeabi_idiv0                    
00002bf7  __aeabi_ldiv0                    
00002ded  __aeabi_memclr                   
00002ded  __aeabi_memclr4                  
00002ded  __aeabi_memclr8                  
00002cc5  __aeabi_memcpy                   
00002cc5  __aeabi_memcpy4                  
00002cc5  __aeabi_memcpy8                  
00002def  __aeabi_memset                   
00002def  __aeabi_memset4                  
00002def  __aeabi_memset8                  
00002fa9  __aeabi_uidiv                    
00002fa9  __aeabi_uidivmod                 
ffffffff  __binit__                        
ffffffff  __c_args__                       
000029e5  __error__                        
UNDEFED   __mpu_init                       
2000c4a8  __stack                          
20000000  __start___llvm_prf_cnts          
20000000  __stop___llvm_prf_cnts           
0000301d  _c_int00_noargs                  
UNDEFED   _system_post_cinit               
00003119  _system_pre_init                 
0000311d  abort                            
ffffffff  binit                            
2000c6d8  gTextBuffer                      
2000c4a0  gUARTTaskHandler                 
00000000  g_pfnVectors                     
0000299d  main                             
00002cc5  memcpy                           
00002df5  memset                           
000021b9  pcTimerGetTimerName              
000028a9  pvPortMalloc                     
000012bf  pvTaskIncrementMutexHeldCount    
00001f6b  pvTimerGetTimerID                
2000c6a8  pxCurrentTCB                     
00002adf  pxPortInitialiseStack            
00001a3f  ucQueueGetQueueType              
0000341c  ulMaxSyscallInterruptPriority    
00002b35  ulPortGetIPSR                    
00001231  ulTaskNotifyTake                 
00002dcd  uxListRemove                     
00001a3b  uxQueueGetQueueNumber            
00001a29  uxQueueMessagesWaiting           
00001a25  uxQueueMessagesWaitingFromISR    
00001a11  uxQueueSpacesAvailable           
00001211  uxTaskGetNumberOfTasks           
0000118d  uxTaskGetSystemState             
000010e5  uxTaskGetTaskNumber              
000010c9  uxTaskPriorityGet                
000010a9  uxTaskPriorityGetFromISR         
00001095  uxTaskResetEventItemValue        
00002db7  vListInitialise                  
00002db1  vListInitialiseItem              
00002d79  vListInsert                      
00002d61  vListInsertEnd                   
00002be9  vPortEnableVFP                   
00002add  vPortEndScheduler                
00002ac5  vPortEnterCritical               
00002ab3  vPortExitCritical                
00002849  vPortFree                        
00002847  vPortInitialiseBlocks            
00002bad  vPortSVCHandler                  
00002a6f  vPortSetupTimerInterrupt         
00002bcd  vPortStartFirstTask              
000019f5  vQueueAddToRegistry              
000019e5  vQueueDelete                     
000019e1  vQueueSetQueueNumber             
000019c7  vQueueUnregisterQueue            
00001987  vQueueWaitForMessageRestricted   
00001049  vTaskDelay                       
00000fcb  vTaskDelayUntil                  
00000f39  vTaskDelete                      
00000f21  vTaskEndScheduler                
00000f19  vTaskMissedYield                 
00000e99  vTaskNotifyGiveFromISR           
00000e35  vTaskPlaceOnEventList            
00000dd5  vTaskPlaceOnEventListRestricted  
00000d71  vTaskPlaceOnUnorderedEventList   
00000ced  vTaskPriorityInherit             
00000c1d  vTaskPrioritySet                 
00000bb1  vTaskResume                      
00000b95  vTaskSetTaskNumber               
000009f9  vTaskSetTimeOutState             
00000b47  vTaskStartScheduler              
00000ab5  vTaskSuspend                     
00000aa5  vTaskSuspendAll                  
00000a53  vTaskSwitchContext               
00001f55  vTimerSetTimerID                 
00002841  xPortGetFreeHeapSize             
00002b4d  xPortPendSVHandler               
00002a7b  xPortStartScheduler              
00002a49  xPortSysTickHandler              
00001973  xQueueCreateCountingSemaphore    
00001925  xQueueCreateMutex                
000018e9  xQueueGenericCreate              
0000142b  xQueueGenericReceive             
0000186b  xQueueGenericReset               
000016a3  xQueueGenericSend                
0000180f  xQueueGenericSendFromISR         
000017b9  xQueueGiveFromISR                
0000178d  xQueueGiveMutexRecursive         
00001609  xQueueIsQueueEmptyFromISR        
000015fb  xQueueIsQueueFullFromISR         
000015c9  xQueuePeekFromISR                
0000156d  xQueueReceiveFromISR             
2000c3b4  xQueueRegistry                   
0000153d  xQueueTakeMutexRecursive         
00000a07  xTaskCheckForTimeOut             
0000090d  xTaskGenericCreate               
00000791  xTaskGenericNotify               
000006e1  xTaskGenericNotifyFromISR        
000006d5  xTaskGetCurrentTaskHandle        
000006bd  xTaskGetSchedulerState           
000006b1  xTaskGetTickCount                
000006ab  xTaskGetTickCountFromISR         
000002ad  xTaskIncrementTick               
00000681  xTaskNotifyStateClear            
000005c5  xTaskNotifyWait                  
000004f9  xTaskPriorityDisinherit          
00000495  xTaskRemoveFromEventList         
00000445  xTaskRemoveFromUnorderedEventList
00000389  xTaskResumeAll                   
00000223  xTaskResumeFromISR               
00001f1b  xTimerCreate                     
00001ee9  xTimerCreateTimerTask            
00001e6d  xTimerGenericCommand             
00001e55  xTimerIsTimerActive              


GLOBAL SYMBOLS: SORTED BY Symbol Address 

address   name                             
-------   ----                             
00000000  __TI_static_base__               
00000000  g_pfnVectors                     
00000200  __STACK_SIZE                     
00000223  xTaskResumeFromISR               
000002ad  xTaskIncrementTick               
00000389  xTaskResumeAll                   
00000445  xTaskRemoveFromUnorderedEventList
00000495  xTaskRemoveFromEventList         
000004f9  xTaskPriorityDisinherit          
000005c5  xTaskNotifyWait                  
00000681  xTaskNotifyStateClear            
000006ab  xTaskGetTickCountFromISR         
000006b1  xTaskGetTickCount                
000006bd  xTaskGetSchedulerState           
000006d5  xTaskGetCurrentTaskHandle        
000006e1  xTaskGenericNotifyFromISR        
00000791  xTaskGenericNotify               
0000090d  xTaskGenericCreate               
000009f9  vTaskSetTimeOutState             
00000a07  xTaskCheckForTimeOut             
00000a53  vTaskSwitchContext               
00000aa5  vTaskSuspendAll                  
00000ab5  vTaskSuspend                     
00000b47  vTaskStartScheduler              
00000b95  vTaskSetTaskNumber               
00000bb1  vTaskResume                      
00000c1d  vTaskPrioritySet                 
00000ced  vTaskPriorityInherit             
00000d71  vTaskPlaceOnUnorderedEventList   
00000dd5  vTaskPlaceOnEventListRestricted  
00000e35  vTaskPlaceOnEventList            
00000e99  vTaskNotifyGiveFromISR           
00000f19  vTaskMissedYield                 
00000f21  vTaskEndScheduler                
00000f39  vTaskDelete                      
00000fcb  vTaskDelayUntil                  
00001049  vTaskDelay                       
00001095  uxTaskResetEventItemValue        
000010a9  uxTaskPriorityGetFromISR         
000010c9  uxTaskPriorityGet                
000010e5  uxTaskGetTaskNumber              
0000118d  uxTaskGetSystemState             
00001211  uxTaskGetNumberOfTasks           
00001231  ulTaskNotifyTake                 
000012bf  pvTaskIncrementMutexHeldCount    
0000142b  xQueueGenericReceive             
0000153d  xQueueTakeMutexRecursive         
0000156d  xQueueReceiveFromISR             
000015c9  xQueuePeekFromISR                
000015fb  xQueueIsQueueFullFromISR         
00001609  xQueueIsQueueEmptyFromISR        
000016a3  xQueueGenericSend                
0000178d  xQueueGiveMutexRecursive         
000017b9  xQueueGiveFromISR                
0000180f  xQueueGenericSendFromISR         
0000186b  xQueueGenericReset               
000018e9  xQueueGenericCreate              
00001925  xQueueCreateMutex                
00001973  xQueueCreateCountingSemaphore    
00001987  vQueueWaitForMessageRestricted   
000019c7  vQueueUnregisterQueue            
000019e1  vQueueSetQueueNumber             
000019e5  vQueueDelete                     
000019f5  vQueueAddToRegistry              
00001a11  uxQueueSpacesAvailable           
00001a25  uxQueueMessagesWaitingFromISR    
00001a29  uxQueueMessagesWaiting           
00001a3b  uxQueueGetQueueNumber            
00001a3f  ucQueueGetQueueType              
00001a4d  UARTwrite                        
00001ab3  UARTvprintf                      
00001c8f  UARTprintf                       
00001ca9  UARTgets                         
00001d99  UARTgetc                         
00001dad  UARTStdioConfig                  
00001e55  xTimerIsTimerActive              
00001e6d  xTimerGenericCommand             
00001ee9  xTimerCreateTimerTask            
00001f1b  xTimerCreate                     
00001f55  vTimerSetTimerID                 
00001f6b  pvTimerGetTimerID                
000021b9  pcTimerGetTimerName              
000021e1  PinoutSet                        
000023bd  LEDWrite                         
00002433  LEDRead                          
000024d5  SysCtlClockFreqSet               
000026d5  GPIOPadConfigSet                 
00002841  xPortGetFreeHeapSize             
00002847  vPortInitialiseBlocks            
00002849  vPortFree                        
000028a9  pvPortMalloc                     
00002959  ConfigureUART                    
00002995  SetClockFrequency                
0000299d  main                             
000029e5  __error__                        
000029e7  UARTTask                         
00002a49  xPortSysTickHandler              
00002a6f  vPortSetupTimerInterrupt         
00002a7b  xPortStartScheduler              
00002ab3  vPortExitCritical                
00002ac5  vPortEnterCritical               
00002add  vPortEndScheduler                
00002adf  pxPortInitialiseStack            
00002b35  ulPortGetIPSR                    
00002b4d  xPortPendSVHandler               
00002bad  vPortSVCHandler                  
00002bcd  vPortStartFirstTask              
00002be9  vPortEnableVFP                   
00002bf7  __aeabi_idiv0                    
00002bf7  __aeabi_ldiv0                    
00002bf9  ButtonsPoll                      
00002c6d  ButtonsInit                      
00002cc5  __aeabi_memcpy                   
00002cc5  __aeabi_memcpy4                  
00002cc5  __aeabi_memcpy8                  
00002cc5  memcpy                           
00002d61  vListInsertEnd                   
00002d79  vListInsert                      
00002db1  vListInitialiseItem              
00002db7  vListInitialise                  
00002dcd  uxListRemove                     
00002ded  __aeabi_memclr                   
00002ded  __aeabi_memclr4                  
00002ded  __aeabi_memclr8                  
00002def  __aeabi_memset                   
00002def  __aeabi_memset4                  
00002def  __aeabi_memset8                  
00002df5  memset                           
00002e67  __TI_decompress_lzss             
00002ed1  GPIOPinConfigure                 
00002f65  __TI_auto_init_nobinit_nopinit   
00002fa9  __aeabi_uidiv                    
00002fa9  __aeabi_uidivmod                 
00002fe9  SysCtlPeripheralEnable           
0000301d  _c_int00_noargs                  
00003051  GPIODirModeSet                   
0000309d  GPIOPinTypeGPIOOutput            
000030b7  GPIOPinTypeEthernetLED           
000030cd  GPIOPinTypeUART                  
000030e3  __TI_decompress_none             
000030f1  __TI_zero_init                   
000030fd  ResetISR                         
00003109  UARTCharGet                      
00003113  UARTClockSourceSet               
00003119  _system_pre_init                 
0000311d  C$$EXIT                          
0000311d  abort                            
0000341c  ulMaxSyscallInterruptPriority    
00003448  __TI_Handler_Table_Base          
00003454  __TI_Handler_Table_Limit         
00003460  __TI_CINIT_Base                  
00003470  __TI_CINIT_Limit                 
20000000  __start___llvm_prf_cnts          
20000000  __stop___llvm_prf_cnts           
2000c3b4  xQueueRegistry                   
2000c4a0  gUARTTaskHandler                 
2000c4a8  __stack                          
2000c6a8  __STACK_END                      
2000c6a8  __STACK_TOP                      
2000c6a8  pxCurrentTCB                     
2000c6d8  gTextBuffer                      
ffffffff  __TI_pprof_out_hndl              
ffffffff  __TI_prof_data_size              
ffffffff  __TI_prof_data_start             
ffffffff  __binit__                        
ffffffff  __c_args__                       
ffffffff  binit                            
UNDEFED   __mpu_init                       
UNDEFED   _system_post_cinit               

[169 symbols]
