******************************************************************************
                  TI ARM Linker PC v20.2.0                     
******************************************************************************
>> Linked Sun Oct  9 17:21:18 2022

OUTPUT FILE NAME:   <FreeRTOS_Example.out>
ENTRY POINT SYMBOL: "_c_int00_noargs"  address: 00003379


MEMORY CONFIGURATION

         name            origin    length      used     unused   attr    fill
----------------------  --------  ---------  --------  --------  ----  --------
  FLASH                 00000000   00100000  000037aa  000fc856  R  X
  SRAM                  20000000   00040000  0000c704  000338fc  RW X


SEGMENT ALLOCATION MAP

run origin  load origin   length   init length attrs members
----------  ----------- ---------- ----------- ----- -------
00000000    00000000    000037b0   000037b0    r-x
  00000000    00000000    00000208   00000208    r-- .intvecs
  00000208    00000208    0000326a   0000326a    r-x .text
  00003474    00003474    00000300   00000300    r-- .const
  00003778    00003778    00000038   00000038    r-- .cinit
20000000    20000000    0000c704   00000000    rw-
  20000000    20000000    0000c4a8   00000000    rw- .bss
  2000c4a8    2000c4a8    00000200   00000000    rw- .stack
  2000c6a8    2000c6a8    0000005c   00000000    rw- .data


SECTION ALLOCATION MAP

 output                                  attributes/
section   page    origin      length       input sections
--------  ----  ----------  ----------   ----------------
.intvecs   0    00000000    00000208     
                  00000000    00000208     tm4c129encpdt_startup_ccs.obj (.intvecs)

.text      0    00000208    0000326a     
                  00000208    00001180     tasks.obj (.text)
                  00001388    000006c4     queue.obj (.text)
                  00001a4c    0000044c     main.obj (.text)
                  00001e98    00000408     uartstdio.obj (.text)
                  000022a0    0000038c     timers.obj (.text)
                  0000262c    000002f4     pinout.obj (.text)
                  00002920    00000200     driverlib.lib : sysctl.obj (.text:SysCtlClockFreqSet)
                  00002b20    0000016c                   : gpio.obj (.text:GPIOPadConfigSet)
                  00002c8c    00000118     heap_2.obj (.text)
                  00002da4    000000dc     port.obj (.text)
                  00002e80    000000d2     portasm.obj (.text)
                  00002f52    00000002     rtsv7M4_T_le_v4SPD16_eabi.lib : div0.asm.obj (.text)
                  00002f54    000000cc     buttons.obj (.text)
                  00003020    0000009c     rtsv7M4_T_le_v4SPD16_eabi.lib : memcpy_t2.asm.obj (.text)
                  000030bc    0000008c     list.obj (.text)
                  00003148    0000007a     rtsv7M4_T_le_v4SPD16_eabi.lib : memset_t2.asm.obj (.text)
                  000031c2    00000068                                   : copy_decompress_lzss.c.obj (.text:decompress:lzss:__TI_decompress_lzss)
                  0000322a    00000002     --HOLE-- [fill = 0]
                  0000322c    0000004c     driverlib.lib : gpio.obj (.text:GPIOPinConfigure)
                  00003278    00000048                   : sysctl.obj (.text:_SysCtlFrequencyGet)
                  000032c0    00000044     rtsv7M4_T_le_v4SPD16_eabi.lib : autoinit.c.obj (.text:__TI_auto_init_nobinit_nopinit:__TI_auto_init_nobinit_nopinit)
                  00003304    00000040                                   : u_divt2.asm.obj (.text)
                  00003344    00000034     driverlib.lib : sysctl.obj (.text:SysCtlPeripheralEnable)
                  00003378    00000034     rtsv7M4_T_le_v4SPD16_eabi.lib : boot_cortex_m.c.obj (.text:_c_int00_noargs:_c_int00_noargs)
                  000033ac    0000002c     driverlib.lib : gpio.obj (.text:GPIODirModeSet)
                  000033d8    00000020                   : sysctl.obj (.text:_SysCtlMemTimingGet)
                  000033f8    0000001a                   : gpio.obj (.text:GPIOPinTypeGPIOOutput)
                  00003412    00000016                   : gpio.obj (.text:GPIOPinTypeEthernetLED)
                  00003428    00000016                   : gpio.obj (.text:GPIOPinTypeUART)
                  0000343e    0000000e     rtsv7M4_T_le_v4SPD16_eabi.lib : copy_decompress_none.c.obj (.text:decompress:none:__TI_decompress_none)
                  0000344c    0000000c                                   : copy_zero_init.c.obj (.text:decompress:ZI:__TI_zero_init)
                  00003458    0000000c     tm4c129encpdt_startup_ccs.obj (.text)
                  00003464    00000006     driverlib.lib : uart.obj (.text:UARTClockSourceSet)
                  0000346a    00000004     rtsv7M4_T_le_v4SPD16_eabi.lib : pre_init.c.obj (.text:_system_pre_init)
                  0000346e    00000004                                   : exit.c.obj (.text:abort:abort)

.const     0    00003474    00000300     
                  00003474    000001b0     driverlib.lib : sysctl.obj (.const:g_pppui32XTALtoVCO)
                  00003624    00000090                   : gpio.obj (.const:g_pui32GPIOBaseAddrs)
                  000036b4    0000006c                   : sysctl.obj (.const:g_pui32Xtals)
                  00003720    00000030                   : sysctl.obj (.const:g_sXTALtoMEMTIM)
                  00003750    0000000c     uartstdio.obj (.const:g_ui32UARTBase)
                  0000375c    0000000c     uartstdio.obj (.const:g_ui32UARTPeriph)
                  00003768    00000008     driverlib.lib : sysctl.obj (.const:g_pui32VCOFrequencies)
                  00003770    00000004     port.obj (.const)

.cinit     0    00003778    00000038     
                  00003778    00000014     (.cinit..data.load) [load image, compression = lzss]
                  0000378c    0000000c     (__TI_handler_table)
                  00003798    00000008     (.cinit..bss.load) [load image, compression = zero_init]
                  000037a0    00000010     (__TI_cinit_table)

.init_array 
*          0    00000000    00000000     UNINITIALIZED

.bss       0    20000000    0000c4a8     UNINITIALIZED
                  20000000    0000c350     heap_2.obj (.bss:ucHeap)
                  2000c350    00000064     tasks.obj (.bss:pxReadyTasksLists)
                  2000c3b4    00000040     (.common:xQueueRegistry)
                  2000c3f4    00000014     timers.obj (.bss:xActiveTimerList1)
                  2000c408    00000014     timers.obj (.bss:xActiveTimerList2)
                  2000c41c    00000014     tasks.obj (.bss:xDelayedTaskList1)
                  2000c430    00000014     tasks.obj (.bss:xDelayedTaskList2)
                  2000c444    00000014     tasks.obj (.bss:xPendingReadyList)
                  2000c458    00000014     tasks.obj (.bss:xSuspendedTaskList)
                  2000c46c    00000014     tasks.obj (.bss:xTasksWaitingTermination)
                  2000c480    00000008     tasks.obj (.bss)
                  2000c488    00000008     timers.obj (.bss)
                  2000c490    00000008     heap_2.obj (.bss:xEnd)
                  2000c498    00000008     heap_2.obj (.bss:xStart)
                  2000c4a0    00000004     (.common:LED1_task)
                  2000c4a4    00000004     (.common:LED2_task)

.data      0    2000c6a8    0000005c     UNINITIALIZED
                  2000c6a8    00000030     tasks.obj (.data)
                  2000c6d8    00000010     main.obj (.data)
                  2000c6e8    00000008     heap_2.obj (.data)
                  2000c6f0    00000008     timers.obj (.data)
                  2000c6f8    00000005     uartstdio.obj (.data)
                  2000c6fd    00000003     buttons.obj (.data)
                  2000c700    00000004     port.obj (.data)

.stack     0    2000c4a8    00000200     UNINITIALIZED
                  2000c4a8    00000004     rtsv7M4_T_le_v4SPD16_eabi.lib : boot_cortex_m.c.obj (.stack)
                  2000c4ac    000001fc     --HOLE--

__llvm_prf_cnts 
*          0    20000000    00000000     UNINITIALIZED

MODULE SUMMARY

       Module                          code    ro data   rw data
       ------                          ----    -------   -------
    .\
       main.obj                        1100    0         24     
       tm4c129encpdt_startup_ccs.obj   12      520       0      
    +--+-------------------------------+-------+---------+---------+
       Total:                          1112    520       24     
                                                                
    .\Drivers\
       uartstdio.obj                   1032    24        5      
       pinout.obj                      756     0         0      
       buttons.obj                     204     0         3      
    +--+-------------------------------+-------+---------+---------+
       Total:                          1992    24        8      
                                                                
    .\FreeRTOS\
       tasks.obj                       4480    0         256    
       queue.obj                       1732    0         64     
       timers.obj                      908     0         56     
       list.obj                        140     0         0      
    +--+-------------------------------+-------+---------+---------+
       Total:                          7260    0         376    
                                                                
    .\FreeRTOS\portable\CCS\ARM_CM4F\
       port.obj                        220     4         4      
       portasm.obj                     210     0         0      
    +--+-------------------------------+-------+---------+---------+
       Total:                          430     4         4      
                                                                
    .\FreeRTOS\portable\MemMang\
       heap_2.obj                      280     0         50024  
    +--+-------------------------------+-------+---------+---------+
       Total:                          280     0         50024  
                                                                
    C:/ti/TivaWare_C_Series-2.2.0.295/driverlib/ccs/Debug/driverlib.lib
       sysctl.obj                      668     596       0      
       gpio.obj                        554     144       0      
       uart.obj                        6       0         0      
    +--+-------------------------------+-------+---------+---------+
       Total:                          1228    740       0      
                                                                
    C:\ti\ccs1000\ccs\tools\compiler\ti-cgt-arm_20.2.0.LTS\lib\rtsv7M4_T_le_v4SPD16_eabi.lib
       memcpy_t2.asm.obj               156     0         0      
       memset_t2.asm.obj               122     0         0      
       copy_decompress_lzss.c.obj      104     0         0      
       autoinit.c.obj                  68      0         0      
       u_divt2.asm.obj                 64      0         0      
       boot_cortex_m.c.obj             52      0         0      
       copy_decompress_none.c.obj      14      0         0      
       copy_zero_init.c.obj            12      0         0      
       exit.c.obj                      4       0         0      
       pre_init.c.obj                  4       0         0      
       div0.asm.obj                    2       0         0      
    +--+-------------------------------+-------+---------+---------+
       Total:                          602     0         0      
                                                                
       Stack:                          0       0         512    
       Linker Generated:               0       56        0      
    +--+-------------------------------+-------+---------+---------+
       Grand Total:                    12904   1344      50948  


LINKER GENERATED COPY TABLES

__TI_cinit_table @ 000037a0 records: 2, size/record: 8, table size: 16
	.data: load addr=00003778, load size=00000014 bytes, run addr=2000c6a8, run size=0000005c bytes, compression=lzss
	.bss: load addr=00003798, load size=00000008 bytes, run addr=20000000, run size=0000c4a8 bytes, compression=zero_init


LINKER GENERATED HANDLER TABLE

__TI_handler_table @ 0000378c records: 3, size/record: 4, table size: 12
	index: 0, handler: __TI_decompress_lzss
	index: 1, handler: __TI_decompress_none
	index: 2, handler: __TI_zero_init


GLOBAL SYMBOLS: SORTED ALPHABETICALLY BY Name 

address   name                             
-------   ----                             
00002fc9  ButtonsInit                      
00002f55  ButtonsPoll                      
0000346f  C$$EXIT                          
00001a4d  ConfigureUART                    
000033ad  GPIODirModeSet                   
00002b21  GPIOPadConfigSet                 
0000322d  GPIOPinConfigure                 
00003413  GPIOPinTypeEthernetLED           
000033f9  GPIOPinTypeGPIOOutput            
00003429  GPIOPinTypeUART                  
00001c91  LED1                             
00001c31  LED110                           
2000c6e0  LED110_task                      
2000c4a0  LED1_task                        
00001be7  LED2                             
00001ba1  LED210                           
2000c6e4  LED210_task                      
2000c4a4  LED2_task                        
00001b71  LED3                             
2000c6d8  LED3_task                        
00001b41  LED4                             
2000c6dc  LED4_task                        
0000287f  LEDRead                          
00002809  LEDWrite                         
0000262d  PinoutSet                        
00003459  ResetISR                         
00001a89  Set_sec                          
00002921  SysCtlClockFreqSet               
00003345  SysCtlPeripheralEnable           
00003465  UARTClockSourceSet               
000021f9  UARTStdioConfig                  
000021e5  UARTgetc                         
000020f5  UARTgets                         
000020db  UARTprintf                       
00001eff  UARTvprintf                      
00001e99  UARTwrite                        
2000c6a8  __STACK_END                      
00000200  __STACK_SIZE                     
2000c6a8  __STACK_TOP                      
000037a0  __TI_CINIT_Base                  
000037b0  __TI_CINIT_Limit                 
0000378c  __TI_Handler_Table_Base          
00003798  __TI_Handler_Table_Limit         
000032c1  __TI_auto_init_nobinit_nopinit   
000031c3  __TI_decompress_lzss             
0000343f  __TI_decompress_none             
ffffffff  __TI_pprof_out_hndl              
ffffffff  __TI_prof_data_size              
ffffffff  __TI_prof_data_start             
00000000  __TI_static_base__               
0000344d  __TI_zero_init                   
00002f53  __aeabi_idiv0                    
00002f53  __aeabi_ldiv0                    
00003149  __aeabi_memclr                   
00003149  __aeabi_memclr4                  
00003149  __aeabi_memclr8                  
00003021  __aeabi_memcpy                   
00003021  __aeabi_memcpy4                  
00003021  __aeabi_memcpy8                  
0000314b  __aeabi_memset                   
0000314b  __aeabi_memset4                  
0000314b  __aeabi_memset8                  
00003305  __aeabi_uidiv                    
00003305  __aeabi_uidivmod                 
ffffffff  __binit__                        
ffffffff  __c_args__                       
00001b3f  __error__                        
UNDEFED   __mpu_init                       
2000c4a8  __stack                          
20000000  __start___llvm_prf_cnts          
20000000  __stop___llvm_prf_cnts           
00003379  _c_int00_noargs                  
UNDEFED   _system_post_cinit               
0000346b  _system_pre_init                 
0000346f  abort                            
ffffffff  binit                            
00000000  g_pfnVectors                     
00001a91  main                             
00003021  memcpy                           
00003151  memset                           
00002605  pcTimerGetTimerName              
00002cf5  pvPortMalloc                     
000012bf  pvTaskIncrementMutexHeldCount    
000023b7  pvTimerGetTimerID                
2000c6a8  pxCurrentTCB                     
00002e3b  pxPortInitialiseStack            
00001a3f  ucQueueGetQueueType              
00003770  ulMaxSyscallInterruptPriority    
00002e91  ulPortGetIPSR                    
00001231  ulTaskNotifyTake                 
00003129  uxListRemove                     
00001a3b  uxQueueGetQueueNumber            
00001a29  uxQueueMessagesWaiting           
00001a25  uxQueueMessagesWaitingFromISR    
00001a11  uxQueueSpacesAvailable           
00001211  uxTaskGetNumberOfTasks           
0000118d  uxTaskGetSystemState             
000010e5  uxTaskGetTaskNumber              
000010c9  uxTaskPriorityGet                
000010a9  uxTaskPriorityGetFromISR         
00001095  uxTaskResetEventItemValue        
00003113  vListInitialise                  
0000310d  vListInitialiseItem              
000030d5  vListInsert                      
000030bd  vListInsertEnd                   
00002f45  vPortEnableVFP                   
00002e39  vPortEndScheduler                
00002e21  vPortEnterCritical               
00002e0f  vPortExitCritical                
00002c95  vPortFree                        
00002c93  vPortInitialiseBlocks            
00002f09  vPortSVCHandler                  
00002dcb  vPortSetupTimerInterrupt         
00002f29  vPortStartFirstTask              
000019f5  vQueueAddToRegistry              
000019e5  vQueueDelete                     
000019e1  vQueueSetQueueNumber             
000019c7  vQueueUnregisterQueue            
00001987  vQueueWaitForMessageRestricted   
00001049  vTaskDelay                       
00000fcb  vTaskDelayUntil                  
00000f39  vTaskDelete                      
00000f21  vTaskEndScheduler                
00000f19  vTaskMissedYield                 
00000e99  vTaskNotifyGiveFromISR           
00000e35  vTaskPlaceOnEventList            
00000dd5  vTaskPlaceOnEventListRestricted  
00000d71  vTaskPlaceOnUnorderedEventList   
00000ced  vTaskPriorityInherit             
00000c1d  vTaskPrioritySet                 
00000bb1  vTaskResume                      
00000b95  vTaskSetTaskNumber               
000009f9  vTaskSetTimeOutState             
00000b47  vTaskStartScheduler              
00000ab5  vTaskSuspend                     
00000aa5  vTaskSuspendAll                  
00000a53  vTaskSwitchContext               
000023a1  vTimerSetTimerID                 
00002c8d  xPortGetFreeHeapSize             
00002ea9  xPortPendSVHandler               
00002dd7  xPortStartScheduler              
00002da5  xPortSysTickHandler              
00001973  xQueueCreateCountingSemaphore    
00001925  xQueueCreateMutex                
000018e9  xQueueGenericCreate              
0000142b  xQueueGenericReceive             
0000186b  xQueueGenericReset               
000016a3  xQueueGenericSend                
0000180f  xQueueGenericSendFromISR         
000017b9  xQueueGiveFromISR                
0000178d  xQueueGiveMutexRecursive         
00001609  xQueueIsQueueEmptyFromISR        
000015fb  xQueueIsQueueFullFromISR         
000015c9  xQueuePeekFromISR                
0000156d  xQueueReceiveFromISR             
2000c3b4  xQueueRegistry                   
0000153d  xQueueTakeMutexRecursive         
00000a07  xTaskCheckForTimeOut             
0000090d  xTaskGenericCreate               
00000791  xTaskGenericNotify               
000006e1  xTaskGenericNotifyFromISR        
000006d5  xTaskGetCurrentTaskHandle        
000006bd  xTaskGetSchedulerState           
000006b1  xTaskGetTickCount                
000006ab  xTaskGetTickCountFromISR         
000002ad  xTaskIncrementTick               
00000681  xTaskNotifyStateClear            
000005c5  xTaskNotifyWait                  
000004f9  xTaskPriorityDisinherit          
00000495  xTaskRemoveFromEventList         
00000445  xTaskRemoveFromUnorderedEventList
00000389  xTaskResumeAll                   
00000223  xTaskResumeFromISR               
00002367  xTimerCreate                     
00002335  xTimerCreateTimerTask            
000022b9  xTimerGenericCommand             
000022a1  xTimerIsTimerActive              


GLOBAL SYMBOLS: SORTED BY Symbol Address 

address   name                             
-------   ----                             
00000000  __TI_static_base__               
00000000  g_pfnVectors                     
00000200  __STACK_SIZE                     
00000223  xTaskResumeFromISR               
000002ad  xTaskIncrementTick               
00000389  xTaskResumeAll                   
00000445  xTaskRemoveFromUnorderedEventList
00000495  xTaskRemoveFromEventList         
000004f9  xTaskPriorityDisinherit          
000005c5  xTaskNotifyWait                  
00000681  xTaskNotifyStateClear            
000006ab  xTaskGetTickCountFromISR         
000006b1  xTaskGetTickCount                
000006bd  xTaskGetSchedulerState           
000006d5  xTaskGetCurrentTaskHandle        
000006e1  xTaskGenericNotifyFromISR        
00000791  xTaskGenericNotify               
0000090d  xTaskGenericCreate               
000009f9  vTaskSetTimeOutState             
00000a07  xTaskCheckForTimeOut             
00000a53  vTaskSwitchContext               
00000aa5  vTaskSuspendAll                  
00000ab5  vTaskSuspend                     
00000b47  vTaskStartScheduler              
00000b95  vTaskSetTaskNumber               
00000bb1  vTaskResume                      
00000c1d  vTaskPrioritySet                 
00000ced  vTaskPriorityInherit             
00000d71  vTaskPlaceOnUnorderedEventList   
00000dd5  vTaskPlaceOnEventListRestricted  
00000e35  vTaskPlaceOnEventList            
00000e99  vTaskNotifyGiveFromISR           
00000f19  vTaskMissedYield                 
00000f21  vTaskEndScheduler                
00000f39  vTaskDelete                      
00000fcb  vTaskDelayUntil                  
00001049  vTaskDelay                       
00001095  uxTaskResetEventItemValue        
000010a9  uxTaskPriorityGetFromISR         
000010c9  uxTaskPriorityGet                
000010e5  uxTaskGetTaskNumber              
0000118d  uxTaskGetSystemState             
00001211  uxTaskGetNumberOfTasks           
00001231  ulTaskNotifyTake                 
000012bf  pvTaskIncrementMutexHeldCount    
0000142b  xQueueGenericReceive             
0000153d  xQueueTakeMutexRecursive         
0000156d  xQueueReceiveFromISR             
000015c9  xQueuePeekFromISR                
000015fb  xQueueIsQueueFullFromISR         
00001609  xQueueIsQueueEmptyFromISR        
000016a3  xQueueGenericSend                
0000178d  xQueueGiveMutexRecursive         
000017b9  xQueueGiveFromISR                
0000180f  xQueueGenericSendFromISR         
0000186b  xQueueGenericReset               
000018e9  xQueueGenericCreate              
00001925  xQueueCreateMutex                
00001973  xQueueCreateCountingSemaphore    
00001987  vQueueWaitForMessageRestricted   
000019c7  vQueueUnregisterQueue            
000019e1  vQueueSetQueueNumber             
000019e5  vQueueDelete                     
000019f5  vQueueAddToRegistry              
00001a11  uxQueueSpacesAvailable           
00001a25  uxQueueMessagesWaitingFromISR    
00001a29  uxQueueMessagesWaiting           
00001a3b  uxQueueGetQueueNumber            
00001a3f  ucQueueGetQueueType              
00001a4d  ConfigureUART                    
00001a89  Set_sec                          
00001a91  main                             
00001b3f  __error__                        
00001b41  LED4                             
00001b71  LED3                             
00001ba1  LED210                           
00001be7  LED2                             
00001c31  LED110                           
00001c91  LED1                             
00001e99  UARTwrite                        
00001eff  UARTvprintf                      
000020db  UARTprintf                       
000020f5  UARTgets                         
000021e5  UARTgetc                         
000021f9  UARTStdioConfig                  
000022a1  xTimerIsTimerActive              
000022b9  xTimerGenericCommand             
00002335  xTimerCreateTimerTask            
00002367  xTimerCreate                     
000023a1  vTimerSetTimerID                 
000023b7  pvTimerGetTimerID                
00002605  pcTimerGetTimerName              
0000262d  PinoutSet                        
00002809  LEDWrite                         
0000287f  LEDRead                          
00002921  SysCtlClockFreqSet               
00002b21  GPIOPadConfigSet                 
00002c8d  xPortGetFreeHeapSize             
00002c93  vPortInitialiseBlocks            
00002c95  vPortFree                        
00002cf5  pvPortMalloc                     
00002da5  xPortSysTickHandler              
00002dcb  vPortSetupTimerInterrupt         
00002dd7  xPortStartScheduler              
00002e0f  vPortExitCritical                
00002e21  vPortEnterCritical               
00002e39  vPortEndScheduler                
00002e3b  pxPortInitialiseStack            
00002e91  ulPortGetIPSR                    
00002ea9  xPortPendSVHandler               
00002f09  vPortSVCHandler                  
00002f29  vPortStartFirstTask              
00002f45  vPortEnableVFP                   
00002f53  __aeabi_idiv0                    
00002f53  __aeabi_ldiv0                    
00002f55  ButtonsPoll                      
00002fc9  ButtonsInit                      
00003021  __aeabi_memcpy                   
00003021  __aeabi_memcpy4                  
00003021  __aeabi_memcpy8                  
00003021  memcpy                           
000030bd  vListInsertEnd                   
000030d5  vListInsert                      
0000310d  vListInitialiseItem              
00003113  vListInitialise                  
00003129  uxListRemove                     
00003149  __aeabi_memclr                   
00003149  __aeabi_memclr4                  
00003149  __aeabi_memclr8                  
0000314b  __aeabi_memset                   
0000314b  __aeabi_memset4                  
0000314b  __aeabi_memset8                  
00003151  memset                           
000031c3  __TI_decompress_lzss             
0000322d  GPIOPinConfigure                 
000032c1  __TI_auto_init_nobinit_nopinit   
00003305  __aeabi_uidiv                    
00003305  __aeabi_uidivmod                 
00003345  SysCtlPeripheralEnable           
00003379  _c_int00_noargs                  
000033ad  GPIODirModeSet                   
000033f9  GPIOPinTypeGPIOOutput            
00003413  GPIOPinTypeEthernetLED           
00003429  GPIOPinTypeUART                  
0000343f  __TI_decompress_none             
0000344d  __TI_zero_init                   
00003459  ResetISR                         
00003465  UARTClockSourceSet               
0000346b  _system_pre_init                 
0000346f  C$$EXIT                          
0000346f  abort                            
00003770  ulMaxSyscallInterruptPriority    
0000378c  __TI_Handler_Table_Base          
00003798  __TI_Handler_Table_Limit         
000037a0  __TI_CINIT_Base                  
000037b0  __TI_CINIT_Limit                 
20000000  __start___llvm_prf_cnts          
20000000  __stop___llvm_prf_cnts           
2000c3b4  xQueueRegistry                   
2000c4a0  LED1_task                        
2000c4a4  LED2_task                        
2000c4a8  __stack                          
2000c6a8  __STACK_END                      
2000c6a8  __STACK_TOP                      
2000c6a8  pxCurrentTCB                     
2000c6d8  LED3_task                        
2000c6dc  LED4_task                        
2000c6e0  LED110_task                      
2000c6e4  LED210_task                      
ffffffff  __TI_pprof_out_hndl              
ffffffff  __TI_prof_data_size              
ffffffff  __TI_prof_data_start             
ffffffff  __binit__                        
ffffffff  __c_args__                       
ffffffff  binit                            
UNDEFED   __mpu_init                       
UNDEFED   _system_post_cinit               

[177 symbols]
