<?xml version="1.0" encoding="ISO-8859-1" ?>
<link_info>
   <banner>TI ARM Linker PC v20.2.4.LTS</banner>
   <copyright>Copyright (c) 1996-2018 Texas Instruments Incorporated</copyright>
   <link_time>0x6526a9eb</link_time>
   <link_errors>0x0</link_errors>
   <output_file>Lab6_Assignment_1.out</output_file>
   <entry_point>
      <name>_c_int00_noargs</name>
      <address>0x3201</address>
   </entry_point>
   <input_file_list>
      <input_file id="fl-2">
         <path>.\</path>
         <kind>object</kind>
         <file>main.obj</file>
         <name>main.obj</name>
      </input_file>
      <input_file id="fl-3">
         <path>.\</path>
         <kind>object</kind>
         <file>tm4c129encpdt_startup_ccs.obj</file>
         <name>tm4c129encpdt_startup_ccs.obj</name>
      </input_file>
      <input_file id="fl-4">
         <path>.\Drivers\</path>
         <kind>object</kind>
         <file>buttons.obj</file>
         <name>buttons.obj</name>
      </input_file>
      <input_file id="fl-5">
         <path>.\Drivers\</path>
         <kind>object</kind>
         <file>pinout.obj</file>
         <name>pinout.obj</name>
      </input_file>
      <input_file id="fl-6">
         <path>.\Drivers\</path>
         <kind>object</kind>
         <file>uartstdio.obj</file>
         <name>uartstdio.obj</name>
      </input_file>
      <input_file id="fl-7">
         <path>.\FreeRTOS\</path>
         <kind>object</kind>
         <file>croutine.obj</file>
         <name>croutine.obj</name>
      </input_file>
      <input_file id="fl-8">
         <path>.\FreeRTOS\</path>
         <kind>object</kind>
         <file>event_groups.obj</file>
         <name>event_groups.obj</name>
      </input_file>
      <input_file id="fl-9">
         <path>.\FreeRTOS\</path>
         <kind>object</kind>
         <file>list.obj</file>
         <name>list.obj</name>
      </input_file>
      <input_file id="fl-a">
         <path>.\FreeRTOS\</path>
         <kind>object</kind>
         <file>queue.obj</file>
         <name>queue.obj</name>
      </input_file>
      <input_file id="fl-b">
         <path>.\FreeRTOS\</path>
         <kind>object</kind>
         <file>tasks.obj</file>
         <name>tasks.obj</name>
      </input_file>
      <input_file id="fl-c">
         <path>.\FreeRTOS\</path>
         <kind>object</kind>
         <file>timers.obj</file>
         <name>timers.obj</name>
      </input_file>
      <input_file id="fl-d">
         <path>.\FreeRTOS\portable\CCS\ARM_CM4F\</path>
         <kind>object</kind>
         <file>port.obj</file>
         <name>port.obj</name>
      </input_file>
      <input_file id="fl-e">
         <path>.\FreeRTOS\portable\CCS\ARM_CM4F\</path>
         <kind>object</kind>
         <file>portasm.obj</file>
         <name>portasm.obj</name>
      </input_file>
      <input_file id="fl-f">
         <path>.\FreeRTOS\portable\MemMang\</path>
         <kind>object</kind>
         <file>heap_2.obj</file>
         <name>heap_2.obj</name>
      </input_file>
      <input_file id="fl-14">
         <kind>object</kind>
         <file>&lt;internal&gt;</file>
         <name>&lt;internal&gt;</name>
      </input_file>
      <input_file id="fl-ca">
         <path>C:\ti\ccs1031\ccs\tools\compiler\ti-cgt-arm_20.2.4.LTS\lib\</path>
         <kind>archive</kind>
         <file>rtsv7M4_T_le_v4SPD16_eabi.lib</file>
         <name>i_divt2.asm.obj</name>
      </input_file>
      <input_file id="fl-cb">
         <path>C:\ti\ccs1031\ccs\tools\compiler\ti-cgt-arm_20.2.4.LTS\lib\</path>
         <kind>archive</kind>
         <file>rtsv7M4_T_le_v4SPD16_eabi.lib</file>
         <name>u_divt2.asm.obj</name>
      </input_file>
      <input_file id="fl-cc">
         <path>C:\ti\ccs1031\ccs\tools\compiler\ti-cgt-arm_20.2.4.LTS\lib\</path>
         <kind>archive</kind>
         <file>rtsv7M4_T_le_v4SPD16_eabi.lib</file>
         <name>memset_t2.asm.obj</name>
      </input_file>
      <input_file id="fl-cd">
         <path>C:\ti\ccs1031\ccs\tools\compiler\ti-cgt-arm_20.2.4.LTS\lib\</path>
         <kind>archive</kind>
         <file>rtsv7M4_T_le_v4SPD16_eabi.lib</file>
         <name>memcpy_t2.asm.obj</name>
      </input_file>
      <input_file id="fl-ce">
         <path>C:\ti\ccs1031\ccs\tools\compiler\ti-cgt-arm_20.2.4.LTS\lib\</path>
         <kind>archive</kind>
         <file>rtsv7M4_T_le_v4SPD16_eabi.lib</file>
         <name>copy_zero_init.c.obj</name>
      </input_file>
      <input_file id="fl-cf">
         <path>C:\ti\ccs1031\ccs\tools\compiler\ti-cgt-arm_20.2.4.LTS\lib\</path>
         <kind>archive</kind>
         <file>rtsv7M4_T_le_v4SPD16_eabi.lib</file>
         <name>copy_decompress_none.c.obj</name>
      </input_file>
      <input_file id="fl-d0">
         <path>C:\ti\ccs1031\ccs\tools\compiler\ti-cgt-arm_20.2.4.LTS\lib\</path>
         <kind>archive</kind>
         <file>rtsv7M4_T_le_v4SPD16_eabi.lib</file>
         <name>copy_decompress_lzss.c.obj</name>
      </input_file>
      <input_file id="fl-d1">
         <path>C:\ti\ccs1031\ccs\tools\compiler\ti-cgt-arm_20.2.4.LTS\lib\</path>
         <kind>archive</kind>
         <file>rtsv7M4_T_le_v4SPD16_eabi.lib</file>
         <name>rand.c.obj</name>
      </input_file>
      <input_file id="fl-d2">
         <path>C:\ti\ccs1031\ccs\tools\compiler\ti-cgt-arm_20.2.4.LTS\lib\</path>
         <kind>archive</kind>
         <file>rtsv7M4_T_le_v4SPD16_eabi.lib</file>
         <name>boot_cortex_m.c.obj</name>
      </input_file>
      <input_file id="fl-d3">
         <path>C:\ti\ccs1031\ccs\tools\compiler\ti-cgt-arm_20.2.4.LTS\lib\</path>
         <kind>archive</kind>
         <file>rtsv7M4_T_le_v4SPD16_eabi.lib</file>
         <name>time.c.obj</name>
      </input_file>
      <input_file id="fl-d4">
         <path>C:\ti\ccs1031\ccs\tools\compiler\ti-cgt-arm_20.2.4.LTS\lib\</path>
         <kind>archive</kind>
         <file>rtsv7M4_T_le_v4SPD16_eabi.lib</file>
         <name>div0.asm.obj</name>
      </input_file>
      <input_file id="fl-d5">
         <path>C:\ti\ccs1031\ccs\tools\compiler\ti-cgt-arm_20.2.4.LTS\lib\</path>
         <kind>archive</kind>
         <file>rtsv7M4_T_le_v4SPD16_eabi.lib</file>
         <name>autoinit.c.obj</name>
      </input_file>
      <input_file id="fl-d6">
         <path>C:\ti\ccs1031\ccs\tools\compiler\ti-cgt-arm_20.2.4.LTS\lib\</path>
         <kind>archive</kind>
         <file>rtsv7M4_T_le_v4SPD16_eabi.lib</file>
         <name>pre_init.c.obj</name>
      </input_file>
      <input_file id="fl-d7">
         <path>C:\ti\ccs1031\ccs\tools\compiler\ti-cgt-arm_20.2.4.LTS\lib\</path>
         <kind>archive</kind>
         <file>rtsv7M4_T_le_v4SPD16_eabi.lib</file>
         <name>cpy_tbl.c.obj</name>
      </input_file>
      <input_file id="fl-d8">
         <path>C:\ti\ccs1031\ccs\tools\compiler\ti-cgt-arm_20.2.4.LTS\lib\</path>
         <kind>archive</kind>
         <file>rtsv7M4_T_le_v4SPD16_eabi.lib</file>
         <name>exit.c.obj</name>
      </input_file>
      <input_file id="fl-d9">
         <path>C:\ti\ccs1031\ccs\tools\compiler\ti-cgt-arm_20.2.4.LTS\lib\</path>
         <kind>archive</kind>
         <file>rtsv7M4_T_le_v4SPD16_eabi.lib</file>
         <name>_lock.c.obj</name>
      </input_file>
      <input_file id="fl-da">
         <path>C:\ti\ccs1031\ccs\tools\compiler\ti-cgt-arm_20.2.4.LTS\lib\</path>
         <kind>archive</kind>
         <file>rtsv7M4_T_le_v4SPD16_eabi.lib</file>
         <name>args_main.c.obj</name>
      </input_file>
      <input_file id="fl-db">
         <path>C:\ti\ccs1031\ccs\tools\compiler\ti-cgt-arm_20.2.4.LTS\lib\</path>
         <kind>archive</kind>
         <file>rtsv7M4_T_le_v4SPD16_eabi.lib</file>
         <name>hosttime.c.obj</name>
      </input_file>
      <input_file id="fl-dc">
         <path>C:\ti\ccs1031\ccs\tools\compiler\ti-cgt-arm_20.2.4.LTS\lib\</path>
         <kind>archive</kind>
         <file>rtsv7M4_T_le_v4SPD16_eabi.lib</file>
         <name>trgmsg.c.obj</name>
      </input_file>
      <input_file id="fl-dd">
         <path>C:\ti\ccs1031\ccs\tools\compiler\ti-cgt-arm_20.2.4.LTS\lib\</path>
         <kind>archive</kind>
         <file>rtsv7M4_T_le_v4SPD16_eabi.lib</file>
         <name>hostopen.c.obj</name>
      </input_file>
      <input_file id="fl-de">
         <path>C:\ti\ccs1031\ccs\tools\compiler\ti-cgt-arm_20.2.4.LTS\lib\</path>
         <kind>archive</kind>
         <file>rtsv7M4_T_le_v4SPD16_eabi.lib</file>
         <name>strlen.c.obj</name>
      </input_file>
      <input_file id="fl-df">
         <path>C:\ti\TivaWare_C_Series-2.2.0.295\driverlib\ccs\Debug\</path>
         <kind>archive</kind>
         <file>driverlib.lib</file>
         <name>gpio.obj</name>
      </input_file>
      <input_file id="fl-e0">
         <path>C:\ti\TivaWare_C_Series-2.2.0.295\driverlib\ccs\Debug\</path>
         <kind>archive</kind>
         <file>driverlib.lib</file>
         <name>interrupt.obj</name>
      </input_file>
      <input_file id="fl-e1">
         <path>C:\ti\TivaWare_C_Series-2.2.0.295\driverlib\ccs\Debug\</path>
         <kind>archive</kind>
         <file>driverlib.lib</file>
         <name>sysctl.obj</name>
      </input_file>
      <input_file id="fl-e2">
         <path>C:\ti\TivaWare_C_Series-2.2.0.295\driverlib\ccs\Debug\</path>
         <kind>archive</kind>
         <file>driverlib.lib</file>
         <name>uart.obj</name>
      </input_file>
      <input_file id="fl-e3">
         <path>C:\ti\TivaWare_C_Series-2.2.0.295\driverlib\ccs\Debug\</path>
         <kind>archive</kind>
         <file>driverlib.lib</file>
         <name>cpu.obj</name>
      </input_file>
   </input_file_list>
   <object_component_list>
      <object_component id="oc-12">
         <name>.intvecs</name>
         <load_address>0x0</load_address>
         <run_address>0x0</run_address>
         <size>0x208</size>
         <input_file_ref idref="fl-3"/>
      </object_component>
      <object_component id="oc-7f">
         <name>.text</name>
         <load_address>0x208</load_address>
         <run_address>0x208</run_address>
         <size>0x1180</size>
         <input_file_ref idref="fl-b"/>
      </object_component>
      <object_component id="oc-1e3">
         <name>.text</name>
         <load_address>0x1388</load_address>
         <run_address>0x1388</run_address>
         <size>0x6c4</size>
         <input_file_ref idref="fl-a"/>
      </object_component>
      <object_component id="oc-143">
         <name>.text</name>
         <load_address>0x1a4c</load_address>
         <run_address>0x1a4c</run_address>
         <size>0x408</size>
         <input_file_ref idref="fl-6"/>
      </object_component>
      <object_component id="oc-f1">
         <name>.text</name>
         <load_address>0x1e54</load_address>
         <run_address>0x1e54</run_address>
         <size>0x38c</size>
         <input_file_ref idref="fl-c"/>
      </object_component>
      <object_component id="oc-14f">
         <name>.text</name>
         <load_address>0x21e0</load_address>
         <run_address>0x21e0</run_address>
         <size>0x2f4</size>
         <input_file_ref idref="fl-5"/>
      </object_component>
      <object_component id="oc-149">
         <name>.text:SysCtlClockFreqSet</name>
         <load_address>0x24d4</load_address>
         <run_address>0x24d4</run_address>
         <size>0x200</size>
         <input_file_ref idref="fl-e1"/>
      </object_component>
      <object_component id="oc-c2">
         <name>.text</name>
         <load_address>0x26d4</load_address>
         <run_address>0x26d4</run_address>
         <size>0x1c4</size>
         <input_file_ref idref="fl-2"/>
      </object_component>
      <object_component id="oc-21b">
         <name>.text:GPIOPadConfigSet</name>
         <load_address>0x2898</load_address>
         <run_address>0x2898</run_address>
         <size>0x16c</size>
         <input_file_ref idref="fl-df"/>
      </object_component>
      <object_component id="oc-eb">
         <name>.text</name>
         <load_address>0x2a04</load_address>
         <run_address>0x2a04</run_address>
         <size>0x118</size>
         <input_file_ref idref="fl-f"/>
      </object_component>
      <object_component id="oc-32">
         <name>.text</name>
         <load_address>0x2b1c</load_address>
         <run_address>0x2b1c</run_address>
         <size>0xdc</size>
         <input_file_ref idref="fl-d"/>
      </object_component>
      <object_component id="oc-2d">
         <name>.text</name>
         <load_address>0x2bf8</load_address>
         <run_address>0x2bf8</run_address>
         <size>0xd2</size>
         <input_file_ref idref="fl-e"/>
      </object_component>
      <object_component id="oc-30f">
         <name>.text:_nop</name>
         <load_address>0x2cca</load_address>
         <run_address>0x2cca</run_address>
         <size>0x2</size>
         <input_file_ref idref="fl-d9"/>
      </object_component>
      <object_component id="oc-155">
         <name>.text</name>
         <load_address>0x2ccc</load_address>
         <run_address>0x2ccc</run_address>
         <size>0xcc</size>
         <input_file_ref idref="fl-4"/>
      </object_component>
      <object_component id="oc-46">
         <name>.text</name>
         <load_address>0x2d98</load_address>
         <run_address>0x2d98</run_address>
         <size>0x9c</size>
         <input_file_ref idref="fl-cd"/>
      </object_component>
      <object_component id="oc-d9">
         <name>.text</name>
         <load_address>0x2e34</load_address>
         <run_address>0x2e34</run_address>
         <size>0x8c</size>
         <input_file_ref idref="fl-9"/>
      </object_component>
      <object_component id="oc-b6">
         <name>.text</name>
         <load_address>0x2ec0</load_address>
         <run_address>0x2ec0</run_address>
         <size>0x7a</size>
         <input_file_ref idref="fl-cc"/>
      </object_component>
      <object_component id="oc-15">
         <name>.text:decompress:lzss:__TI_decompress_lzss</name>
         <load_address>0x2f3a</load_address>
         <run_address>0x2f3a</run_address>
         <size>0x68</size>
         <input_file_ref idref="fl-d0"/>
      </object_component>
      <object_component id="oc-173">
         <name>.text</name>
         <load_address>0x2fa2</load_address>
         <run_address>0x2fa2</run_address>
         <size>0x5e</size>
         <input_file_ref idref="fl-ca"/>
      </object_component>
      <object_component id="oc-131">
         <name>.text:GPIOPinConfigure</name>
         <load_address>0x3000</load_address>
         <run_address>0x3000</run_address>
         <size>0x4c</size>
         <input_file_ref idref="fl-df"/>
      </object_component>
      <object_component id="oc-25d">
         <name>.text:HOSTtime</name>
         <load_address>0x304c</load_address>
         <run_address>0x304c</run_address>
         <size>0x48</size>
         <input_file_ref idref="fl-db"/>
      </object_component>
      <object_component id="oc-23f">
         <name>.text:_SysCtlFrequencyGet</name>
         <load_address>0x3094</load_address>
         <run_address>0x3094</run_address>
         <size>0x48</size>
         <input_file_ref idref="fl-e1"/>
      </object_component>
      <object_component id="oc-188">
         <name>.text:__TI_auto_init_nobinit_nopinit:__TI_auto_init_nobinit_nopinit</name>
         <load_address>0x30dc</load_address>
         <run_address>0x30dc</run_address>
         <size>0x44</size>
         <input_file_ref idref="fl-d5"/>
      </object_component>
      <object_component id="oc-224">
         <name>.text</name>
         <load_address>0x3120</load_address>
         <run_address>0x3120</run_address>
         <size>0x40</size>
         <input_file_ref idref="fl-cb"/>
      </object_component>
      <object_component id="oc-2f3">
         <name>.text:__TI_writemsg</name>
         <load_address>0x3160</load_address>
         <run_address>0x3160</run_address>
         <size>0x38</size>
         <input_file_ref idref="fl-dc"/>
      </object_component>
      <object_component id="oc-12b">
         <name>.text:SysCtlPeripheralEnable</name>
         <load_address>0x3198</load_address>
         <run_address>0x3198</run_address>
         <size>0x34</size>
         <input_file_ref idref="fl-e1"/>
      </object_component>
      <object_component id="oc-2f9">
         <name>.text:__TI_readmsg</name>
         <load_address>0x31cc</load_address>
         <run_address>0x31cc</run_address>
         <size>0x34</size>
         <input_file_ref idref="fl-dc"/>
      </object_component>
      <object_component id="oc-64">
         <name>.text:_c_int00_noargs:_c_int00_noargs</name>
         <load_address>0x3200</load_address>
         <run_address>0x3200</run_address>
         <size>0x34</size>
         <input_file_ref idref="fl-d2"/>
      </object_component>
      <object_component id="oc-16d">
         <name>.text:rand</name>
         <load_address>0x3234</load_address>
         <run_address>0x3234</run_address>
         <size>0x34</size>
         <input_file_ref idref="fl-d1"/>
      </object_component>
      <object_component id="oc-215">
         <name>.text:GPIODirModeSet</name>
         <load_address>0x3268</load_address>
         <run_address>0x3268</run_address>
         <size>0x2c</size>
         <input_file_ref idref="fl-df"/>
      </object_component>
      <object_component id="oc-167">
         <name>.text:srand</name>
         <load_address>0x3294</load_address>
         <run_address>0x3294</run_address>
         <size>0x24</size>
         <input_file_ref idref="fl-d1"/>
      </object_component>
      <object_component id="oc-239">
         <name>.text:_SysCtlMemTimingGet</name>
         <load_address>0x32b8</load_address>
         <run_address>0x32b8</run_address>
         <size>0x20</size>
         <input_file_ref idref="fl-e1"/>
      </object_component>
      <object_component id="oc-15b">
         <name>.text:GPIOPinTypeGPIOOutput</name>
         <load_address>0x32d8</load_address>
         <run_address>0x32d8</run_address>
         <size>0x1a</size>
         <input_file_ref idref="fl-df"/>
      </object_component>
      <object_component id="oc-24f">
         <name>.text:GPIOPinTypeEthernetLED</name>
         <load_address>0x32f2</load_address>
         <run_address>0x32f2</run_address>
         <size>0x16</size>
         <input_file_ref idref="fl-df"/>
      </object_component>
      <object_component id="oc-137">
         <name>.text:GPIOPinTypeUART</name>
         <load_address>0x3308</load_address>
         <run_address>0x3308</run_address>
         <size>0x16</size>
         <input_file_ref idref="fl-df"/>
      </object_component>
      <object_component id="oc-161">
         <name>.text:__time32</name>
         <load_address>0x331e</load_address>
         <run_address>0x331e</run_address>
         <size>0xe</size>
         <input_file_ref idref="fl-d3"/>
      </object_component>
      <object_component id="oc-1b">
         <name>.text:decompress:none:__TI_decompress_none</name>
         <load_address>0x332c</load_address>
         <run_address>0x332c</run_address>
         <size>0xe</size>
         <input_file_ref idref="fl-cf"/>
      </object_component>
      <object_component id="oc-58">
         <name>.text:decompress:ZI:__TI_zero_init</name>
         <load_address>0x333a</load_address>
         <run_address>0x333a</run_address>
         <size>0xc</size>
         <input_file_ref idref="fl-ce"/>
      </object_component>
      <object_component id="oc-27">
         <name>.text</name>
         <load_address>0x3346</load_address>
         <run_address>0x3346</run_address>
         <size>0xc</size>
         <input_file_ref idref="fl-3"/>
      </object_component>
      <object_component id="oc-13d">
         <name>.text:UARTClockSourceSet</name>
         <load_address>0x3352</load_address>
         <run_address>0x3352</run_address>
         <size>0x6</size>
         <input_file_ref idref="fl-e2"/>
      </object_component>
      <object_component id="oc-bc">
         <name>.text:_system_pre_init</name>
         <load_address>0x3358</load_address>
         <run_address>0x3358</run_address>
         <size>0x4</size>
         <input_file_ref idref="fl-d6"/>
      </object_component>
      <object_component id="oc-17c">
         <name>.text:abort:abort</name>
         <load_address>0x335c</load_address>
         <run_address>0x335c</run_address>
         <size>0x4</size>
         <input_file_ref idref="fl-d8"/>
      </object_component>
      <object_component id="oc-273">
         <name>.text</name>
         <load_address>0x3360</load_address>
         <run_address>0x3360</run_address>
         <size>0x2</size>
         <input_file_ref idref="fl-d4"/>
      </object_component>
      <object_component id="oc-248">
         <name>.const:g_pppui32XTALtoVCO</name>
         <load_address>0x3364</load_address>
         <run_address>0x3364</run_address>
         <size>0x1b0</size>
         <input_file_ref idref="fl-e1"/>
      </object_component>
      <object_component id="oc-210">
         <name>.const:g_pui32GPIOBaseAddrs</name>
         <load_address>0x3514</load_address>
         <run_address>0x3514</run_address>
         <size>0x90</size>
         <input_file_ref idref="fl-df"/>
      </object_component>
      <object_component id="oc-245">
         <name>.const:g_pui32Xtals</name>
         <load_address>0x35a4</load_address>
         <run_address>0x35a4</run_address>
         <size>0x6c</size>
         <input_file_ref idref="fl-e1"/>
      </object_component>
      <object_component id="oc-2e1">
         <name>.const:g_sXTALtoMEMTIM</name>
         <load_address>0x3610</load_address>
         <run_address>0x3610</run_address>
         <size>0x30</size>
         <input_file_ref idref="fl-e1"/>
      </object_component>
      <object_component id="oc-22f">
         <name>.const:g_ui32UARTBase</name>
         <load_address>0x3640</load_address>
         <run_address>0x3640</run_address>
         <size>0xc</size>
         <input_file_ref idref="fl-6"/>
      </object_component>
      <object_component id="oc-22c">
         <name>.const:g_ui32UARTPeriph</name>
         <load_address>0x364c</load_address>
         <run_address>0x364c</run_address>
         <size>0xc</size>
         <input_file_ref idref="fl-6"/>
      </object_component>
      <object_component id="oc-24b">
         <name>.const:g_pui32VCOFrequencies</name>
         <load_address>0x3658</load_address>
         <run_address>0x3658</run_address>
         <size>0x8</size>
         <input_file_ref idref="fl-e1"/>
      </object_component>
      <object_component id="oc-7c">
         <name>.const</name>
         <load_address>0x3660</load_address>
         <run_address>0x3660</run_address>
         <size>0x4</size>
         <input_file_ref idref="fl-d"/>
      </object_component>
      <object_component id="oc-395">
         <name>.cinit..data.load</name>
         <load_address>0x3668</load_address>
         <run_address>0x3668</run_address>
         <size>0x1b</size>
      </object_component>
      <object_component id="oc-393">
         <name>__TI_handler_table</name>
         <load_address>0x3684</load_address>
         <run_address>0x3684</run_address>
         <size>0xc</size>
      </object_component>
      <object_component id="oc-396">
         <name>.cinit..bss.load</name>
         <load_address>0x3690</load_address>
         <run_address>0x3690</run_address>
         <size>0x8</size>
      </object_component>
      <object_component id="oc-394">
         <name>__TI_cinit_table</name>
         <load_address>0x3698</load_address>
         <run_address>0x3698</run_address>
         <size>0x10</size>
      </object_component>
      <object_component id="oc-257">
         <name>.data</name>
         <load_address>0x2000c84d</load_address>
         <run_address>0x2000c84d</run_address>
         <size>0x3</size>
         <input_file_ref idref="fl-4"/>
      </object_component>
      <object_component id="oc-229">
         <name>.data</name>
         <load_address>0x2000c848</load_address>
         <run_address>0x2000c848</run_address>
         <size>0x5</size>
         <input_file_ref idref="fl-6"/>
      </object_component>
      <object_component id="oc-79">
         <name>.data</name>
         <load_address>0x2000c800</load_address>
         <run_address>0x2000c800</run_address>
         <size>0x30</size>
         <input_file_ref idref="fl-b"/>
      </object_component>
      <object_component id="oc-1e9">
         <name>.data</name>
         <load_address>0x2000c840</load_address>
         <run_address>0x2000c840</run_address>
         <size>0x8</size>
         <input_file_ref idref="fl-c"/>
      </object_component>
      <object_component id="oc-86">
         <name>.data</name>
         <load_address>0x2000c850</load_address>
         <run_address>0x2000c850</run_address>
         <size>0x4</size>
         <input_file_ref idref="fl-d"/>
      </object_component>
      <object_component id="oc-1d5">
         <name>.data</name>
         <load_address>0x2000c838</load_address>
         <run_address>0x2000c838</run_address>
         <size>0x8</size>
         <input_file_ref idref="fl-f"/>
      </object_component>
      <object_component id="oc-26d">
         <name>.data</name>
         <load_address>0x2000c854</load_address>
         <run_address>0x2000c854</run_address>
         <size>0x4</size>
         <input_file_ref idref="fl-d1"/>
      </object_component>
      <object_component id="oc-26a">
         <name>.data:$O1$$</name>
         <load_address>0x2000c830</load_address>
         <run_address>0x2000c830</run_address>
         <size>0x8</size>
         <input_file_ref idref="fl-d9"/>
      </object_component>
      <object_component id="oc-e5">
         <name>.bss:pxReadyTasksLists</name>
         <uninitialized>true</uninitialized>
         <run_address>0x2000c470</run_address>
         <size>0x64</size>
         <input_file_ref idref="fl-b"/>
      </object_component>
      <object_component id="oc-f7">
         <name>.bss:xDelayedTaskList1</name>
         <uninitialized>true</uninitialized>
         <run_address>0x2000c568</run_address>
         <size>0x14</size>
         <input_file_ref idref="fl-b"/>
      </object_component>
      <object_component id="oc-fa">
         <name>.bss:xDelayedTaskList2</name>
         <uninitialized>true</uninitialized>
         <run_address>0x2000c57c</run_address>
         <size>0x14</size>
         <input_file_ref idref="fl-b"/>
      </object_component>
      <object_component id="oc-e8">
         <name>.bss</name>
         <uninitialized>true</uninitialized>
         <run_address>0x2000c5cc</run_address>
         <size>0x8</size>
         <input_file_ref idref="fl-b"/>
      </object_component>
      <object_component id="oc-e2">
         <name>.bss:xPendingReadyList</name>
         <uninitialized>true</uninitialized>
         <run_address>0x2000c590</run_address>
         <size>0x14</size>
         <input_file_ref idref="fl-b"/>
      </object_component>
      <object_component id="oc-fd">
         <name>.bss:xTasksWaitingTermination</name>
         <uninitialized>true</uninitialized>
         <run_address>0x2000c5b8</run_address>
         <size>0x14</size>
         <input_file_ref idref="fl-b"/>
      </object_component>
      <object_component id="oc-df">
         <name>.bss:xSuspendedTaskList</name>
         <uninitialized>true</uninitialized>
         <run_address>0x2000c5a4</run_address>
         <size>0x14</size>
         <input_file_ref idref="fl-b"/>
      </object_component>
      <object_component id="oc-1ec">
         <name>.bss:xActiveTimerList1</name>
         <uninitialized>true</uninitialized>
         <run_address>0x2000c540</run_address>
         <size>0x14</size>
         <input_file_ref idref="fl-c"/>
      </object_component>
      <object_component id="oc-1ef">
         <name>.bss:xActiveTimerList2</name>
         <uninitialized>true</uninitialized>
         <run_address>0x2000c554</run_address>
         <size>0x14</size>
         <input_file_ref idref="fl-c"/>
      </object_component>
      <object_component id="oc-1f2">
         <name>.bss</name>
         <uninitialized>true</uninitialized>
         <run_address>0x2000c5d4</run_address>
         <size>0x8</size>
         <input_file_ref idref="fl-c"/>
      </object_component>
      <object_component id="oc-1db">
         <name>.bss:ucHeap</name>
         <uninitialized>true</uninitialized>
         <run_address>0x20000000</run_address>
         <size>0xc350</size>
         <input_file_ref idref="fl-f"/>
      </object_component>
      <object_component id="oc-1d8">
         <name>.bss:xStart</name>
         <uninitialized>true</uninitialized>
         <run_address>0x2000c5e4</run_address>
         <size>0x8</size>
         <input_file_ref idref="fl-f"/>
      </object_component>
      <object_component id="oc-1de">
         <name>.bss:xEnd</name>
         <uninitialized>true</uninitialized>
         <run_address>0x2000c5dc</run_address>
         <size>0x8</size>
         <input_file_ref idref="fl-f"/>
      </object_component>
      <object_component id="oc-34a">
         <name>.bss:_CIOBUF_</name>
         <uninitialized>true</uninitialized>
         <run_address>0x2000c350</run_address>
         <size>0x120</size>
         <input_file_ref idref="fl-dc"/>
      </object_component>
      <object_component id="oc-178">
         <name>.common:gData</name>
         <uninitialized>true</uninitialized>
         <run_address>0x2000c514</run_address>
         <size>0x2c</size>
      </object_component>
      <object_component id="oc-179">
         <name>.common:gProducerTask</name>
         <uninitialized>true</uninitialized>
         <run_address>0x2000c5f8</run_address>
         <size>0x4</size>
      </object_component>
      <object_component id="oc-17a">
         <name>.common:gConsumerTask</name>
         <uninitialized>true</uninitialized>
         <run_address>0x2000c5f4</run_address>
         <size>0x4</size>
      </object_component>
      <object_component id="oc-2a8">
         <name>.common:xQueueRegistry</name>
         <uninitialized>true</uninitialized>
         <run_address>0x2000c4d4</run_address>
         <size>0x40</size>
      </object_component>
      <object_component id="oc-2ff">
         <name>.common:parmbuf</name>
         <uninitialized>true</uninitialized>
         <run_address>0x2000c5ec</run_address>
         <size>0x8</size>
      </object_component>
      <object_component id="oc-24">
         <name>.stack</name>
         <uninitialized>true</uninitialized>
         <run_address>0x2000c600</run_address>
         <size>0x4</size>
         <input_file_ref idref="fl-d2"/>
      </object_component>
      <object_component id="oc-398">
         <name>.stack</name>
         <uninitialized>true</uninitialized>
         <run_address>0x2000c600</run_address>
         <size>0x0</size>
      </object_component>
      <object_component id="oc-10f">
         <name>.debug_info</name>
         <load_address>0x0</load_address>
         <run_address>0x0</run_address>
         <size>0x694</size>
         <input_file_ref idref="fl-2"/>
      </object_component>
      <object_component id="oc-c3">
         <name>.debug_info</name>
         <load_address>0x694</load_address>
         <run_address>0x694</run_address>
         <size>0x50f</size>
         <input_file_ref idref="fl-2"/>
      </object_component>
      <object_component id="oc-101">
         <name>.debug_info</name>
         <load_address>0xba3</load_address>
         <run_address>0xba3</run_address>
         <size>0x2ef</size>
         <input_file_ref idref="fl-2"/>
      </object_component>
      <object_component id="oc-204">
         <name>.debug_info</name>
         <load_address>0xe92</load_address>
         <run_address>0xe92</run_address>
         <size>0x5e</size>
         <input_file_ref idref="fl-2"/>
      </object_component>
      <object_component id="oc-9c">
         <name>.debug_info</name>
         <load_address>0xef0</load_address>
         <run_address>0xef0</run_address>
         <size>0x26b</size>
         <input_file_ref idref="fl-2"/>
      </object_component>
      <object_component id="oc-111">
         <name>.debug_info</name>
         <load_address>0x115b</load_address>
         <run_address>0x115b</run_address>
         <size>0x8b</size>
         <input_file_ref idref="fl-2"/>
      </object_component>
      <object_component id="oc-2ac">
         <name>.debug_info</name>
         <load_address>0x11e6</load_address>
         <run_address>0x11e6</run_address>
         <size>0x46</size>
         <input_file_ref idref="fl-2"/>
      </object_component>
      <object_component id="oc-1c1">
         <name>.debug_info</name>
         <load_address>0x122c</load_address>
         <run_address>0x122c</run_address>
         <size>0x46</size>
         <input_file_ref idref="fl-2"/>
      </object_component>
      <object_component id="oc-8b">
         <name>.debug_info</name>
         <load_address>0x1272</load_address>
         <run_address>0x1272</run_address>
         <size>0x2c</size>
         <input_file_ref idref="fl-2"/>
      </object_component>
      <object_component id="oc-116">
         <name>.debug_info</name>
         <load_address>0x129e</load_address>
         <run_address>0x129e</run_address>
         <size>0x2a4</size>
         <input_file_ref idref="fl-2"/>
      </object_component>
      <object_component id="oc-97">
         <name>.debug_info</name>
         <load_address>0x1542</load_address>
         <run_address>0x1542</run_address>
         <size>0xbb</size>
         <input_file_ref idref="fl-2"/>
      </object_component>
      <object_component id="oc-90">
         <name>.debug_info</name>
         <load_address>0x15fd</load_address>
         <run_address>0x15fd</run_address>
         <size>0x53</size>
         <input_file_ref idref="fl-2"/>
      </object_component>
      <object_component id="oc-234">
         <name>.debug_info</name>
         <load_address>0x1650</load_address>
         <run_address>0x1650</run_address>
         <size>0x2c</size>
         <input_file_ref idref="fl-2"/>
      </object_component>
      <object_component id="oc-10a">
         <name>.debug_info</name>
         <load_address>0x167c</load_address>
         <run_address>0x167c</run_address>
         <size>0x14c</size>
         <input_file_ref idref="fl-2"/>
      </object_component>
      <object_component id="oc-3a">
         <name>.debug_info</name>
         <load_address>0x17c8</load_address>
         <run_address>0x17c8</run_address>
         <size>0x342</size>
         <input_file_ref idref="fl-3"/>
      </object_component>
      <object_component id="oc-13">
         <name>.debug_info</name>
         <load_address>0x1b0a</load_address>
         <run_address>0x1b0a</run_address>
         <size>0xe9</size>
         <input_file_ref idref="fl-3"/>
      </object_component>
      <object_component id="oc-28">
         <name>.debug_info</name>
         <load_address>0x1bf3</load_address>
         <run_address>0x1bf3</run_address>
         <size>0x268</size>
         <input_file_ref idref="fl-3"/>
      </object_component>
      <object_component id="oc-41">
         <name>.debug_info</name>
         <load_address>0x1e5b</load_address>
         <run_address>0x1e5b</run_address>
         <size>0x84</size>
         <input_file_ref idref="fl-3"/>
      </object_component>
      <object_component id="oc-25b">
         <name>.debug_info</name>
         <load_address>0x1edf</load_address>
         <run_address>0x1edf</run_address>
         <size>0x2eb</size>
         <input_file_ref idref="fl-4"/>
      </object_component>
      <object_component id="oc-258">
         <name>.debug_info</name>
         <load_address>0x21ca</load_address>
         <run_address>0x21ca</run_address>
         <size>0x125</size>
         <input_file_ref idref="fl-4"/>
      </object_component>
      <object_component id="oc-158">
         <name>.debug_info</name>
         <load_address>0x22ef</load_address>
         <run_address>0x22ef</run_address>
         <size>0x3ea</size>
         <input_file_ref idref="fl-4"/>
      </object_component>
      <object_component id="oc-256">
         <name>.debug_info</name>
         <load_address>0x26d9</load_address>
         <run_address>0x26d9</run_address>
         <size>0x337</size>
         <input_file_ref idref="fl-5"/>
      </object_component>
      <object_component id="oc-150">
         <name>.debug_info</name>
         <load_address>0x2a10</load_address>
         <run_address>0x2a10</run_address>
         <size>0x606</size>
         <input_file_ref idref="fl-5"/>
      </object_component>
      <object_component id="oc-233">
         <name>.debug_info</name>
         <load_address>0x3016</load_address>
         <run_address>0x3016</run_address>
         <size>0x2e6</size>
         <input_file_ref idref="fl-6"/>
      </object_component>
      <object_component id="oc-22a">
         <name>.debug_info</name>
         <load_address>0x32fc</load_address>
         <run_address>0x32fc</run_address>
         <size>0xf9</size>
         <input_file_ref idref="fl-6"/>
      </object_component>
      <object_component id="oc-230">
         <name>.debug_info</name>
         <load_address>0x33f5</load_address>
         <run_address>0x33f5</run_address>
         <size>0x101</size>
         <input_file_ref idref="fl-6"/>
      </object_component>
      <object_component id="oc-22d">
         <name>.debug_info</name>
         <load_address>0x34f6</load_address>
         <run_address>0x34f6</run_address>
         <size>0x105</size>
         <input_file_ref idref="fl-6"/>
      </object_component>
      <object_component id="oc-144">
         <name>.debug_info</name>
         <load_address>0x35fb</load_address>
         <run_address>0x35fb</run_address>
         <size>0x911</size>
         <input_file_ref idref="fl-6"/>
      </object_component>
      <object_component id="oc-296">
         <name>.debug_info</name>
         <load_address>0x3f0c</load_address>
         <run_address>0x3f0c</run_address>
         <size>0x5bd</size>
         <input_file_ref idref="fl-8"/>
      </object_component>
      <object_component id="oc-1c6">
         <name>.debug_info</name>
         <load_address>0x44c9</load_address>
         <run_address>0x44c9</run_address>
         <size>0x110</size>
         <input_file_ref idref="fl-8"/>
      </object_component>
      <object_component id="oc-337">
         <name>.debug_info</name>
         <load_address>0x45d9</load_address>
         <run_address>0x45d9</run_address>
         <size>0x39</size>
         <input_file_ref idref="fl-8"/>
      </object_component>
      <object_component id="oc-33c">
         <name>.debug_info</name>
         <load_address>0x4612</load_address>
         <run_address>0x4612</run_address>
         <size>0x76</size>
         <input_file_ref idref="fl-8"/>
      </object_component>
      <object_component id="oc-1cc">
         <name>.debug_info</name>
         <load_address>0x4688</load_address>
         <run_address>0x4688</run_address>
         <size>0x2c7</size>
         <input_file_ref idref="fl-9"/>
      </object_component>
      <object_component id="oc-db">
         <name>.debug_info</name>
         <load_address>0x494f</load_address>
         <run_address>0x494f</run_address>
         <size>0x499</size>
         <input_file_ref idref="fl-9"/>
      </object_component>
      <object_component id="oc-2a9">
         <name>.debug_info</name>
         <load_address>0x4de8</load_address>
         <run_address>0x4de8</run_address>
         <size>0x7b3</size>
         <input_file_ref idref="fl-a"/>
      </object_component>
      <object_component id="oc-1e4">
         <name>.debug_info</name>
         <load_address>0x559b</load_address>
         <run_address>0x559b</run_address>
         <size>0x2636</size>
         <input_file_ref idref="fl-a"/>
      </object_component>
      <object_component id="oc-343">
         <name>.debug_info</name>
         <load_address>0x7bd1</load_address>
         <run_address>0x7bd1</run_address>
         <size>0x1cd</size>
         <input_file_ref idref="fl-a"/>
      </object_component>
      <object_component id="oc-d6">
         <name>.debug_info</name>
         <load_address>0x7d9e</load_address>
         <run_address>0x7d9e</run_address>
         <size>0x717</size>
         <input_file_ref idref="fl-b"/>
      </object_component>
      <object_component id="oc-7a">
         <name>.debug_info</name>
         <load_address>0x84b5</load_address>
         <run_address>0x84b5</run_address>
         <size>0x2eb</size>
         <input_file_ref idref="fl-b"/>
      </object_component>
      <object_component id="oc-e6">
         <name>.debug_info</name>
         <load_address>0x87a0</load_address>
         <run_address>0x87a0</run_address>
         <size>0xe7</size>
         <input_file_ref idref="fl-b"/>
      </object_component>
      <object_component id="oc-f8">
         <name>.debug_info</name>
         <load_address>0x8887</load_address>
         <run_address>0x8887</run_address>
         <size>0xe7</size>
         <input_file_ref idref="fl-b"/>
      </object_component>
      <object_component id="oc-fb">
         <name>.debug_info</name>
         <load_address>0x896e</load_address>
         <run_address>0x896e</run_address>
         <size>0xe7</size>
         <input_file_ref idref="fl-b"/>
      </object_component>
      <object_component id="oc-e9">
         <name>.debug_info</name>
         <load_address>0x8a55</load_address>
         <run_address>0x8a55</run_address>
         <size>0x129</size>
         <input_file_ref idref="fl-b"/>
      </object_component>
      <object_component id="oc-e3">
         <name>.debug_info</name>
         <load_address>0x8b7e</load_address>
         <run_address>0x8b7e</run_address>
         <size>0xe7</size>
         <input_file_ref idref="fl-b"/>
      </object_component>
      <object_component id="oc-fe">
         <name>.debug_info</name>
         <load_address>0x8c65</load_address>
         <run_address>0x8c65</run_address>
         <size>0xf5</size>
         <input_file_ref idref="fl-b"/>
      </object_component>
      <object_component id="oc-e0">
         <name>.debug_info</name>
         <load_address>0x8d5a</load_address>
         <run_address>0x8d5a</run_address>
         <size>0xe9</size>
         <input_file_ref idref="fl-b"/>
      </object_component>
      <object_component id="oc-81">
         <name>.debug_info</name>
         <load_address>0x8e43</load_address>
         <run_address>0x8e43</run_address>
         <size>0x403e</size>
         <input_file_ref idref="fl-b"/>
      </object_component>
      <object_component id="oc-1bc">
         <name>.debug_info</name>
         <load_address>0xce81</load_address>
         <run_address>0xce81</run_address>
         <size>0x169</size>
         <input_file_ref idref="fl-b"/>
      </object_component>
      <object_component id="oc-1f6">
         <name>.debug_info</name>
         <load_address>0xcfea</load_address>
         <run_address>0xcfea</run_address>
         <size>0x7d4</size>
         <input_file_ref idref="fl-c"/>
      </object_component>
      <object_component id="oc-1ed">
         <name>.debug_info</name>
         <load_address>0xd7be</load_address>
         <run_address>0xd7be</run_address>
         <size>0xe8</size>
         <input_file_ref idref="fl-c"/>
      </object_component>
      <object_component id="oc-1f0">
         <name>.debug_info</name>
         <load_address>0xd8a6</load_address>
         <run_address>0xd8a6</run_address>
         <size>0xe8</size>
         <input_file_ref idref="fl-c"/>
      </object_component>
      <object_component id="oc-1f3">
         <name>.debug_info</name>
         <load_address>0xd98e</load_address>
         <run_address>0xd98e</run_address>
         <size>0x120</size>
         <input_file_ref idref="fl-c"/>
      </object_component>
      <object_component id="oc-1ea">
         <name>.debug_info</name>
         <load_address>0xdaae</load_address>
         <run_address>0xdaae</run_address>
         <size>0xdc</size>
         <input_file_ref idref="fl-c"/>
      </object_component>
      <object_component id="oc-f3">
         <name>.debug_info</name>
         <load_address>0xdb8a</load_address>
         <run_address>0xdb8a</run_address>
         <size>0x1597</size>
         <input_file_ref idref="fl-c"/>
      </object_component>
      <object_component id="oc-1f7">
         <name>.debug_info</name>
         <load_address>0xf121</load_address>
         <run_address>0xf121</run_address>
         <size>0x1ce</size>
         <input_file_ref idref="fl-c"/>
      </object_component>
      <object_component id="oc-8a">
         <name>.debug_info</name>
         <load_address>0xf2ef</load_address>
         <run_address>0xf2ef</run_address>
         <size>0x3a7</size>
         <input_file_ref idref="fl-d"/>
      </object_component>
      <object_component id="oc-7d">
         <name>.debug_info</name>
         <load_address>0xf696</load_address>
         <run_address>0xf696</run_address>
         <size>0x115</size>
         <input_file_ref idref="fl-d"/>
      </object_component>
      <object_component id="oc-87">
         <name>.debug_info</name>
         <load_address>0xf7ab</load_address>
         <run_address>0xf7ab</run_address>
         <size>0xfc</size>
         <input_file_ref idref="fl-d"/>
      </object_component>
      <object_component id="oc-33">
         <name>.debug_info</name>
         <load_address>0xf8a7</load_address>
         <run_address>0xf8a7</run_address>
         <size>0x6ac</size>
         <input_file_ref idref="fl-d"/>
      </object_component>
      <object_component id="oc-2e">
         <name>.debug_info</name>
         <load_address>0xff53</load_address>
         <run_address>0xff53</run_address>
         <size>0x24a</size>
         <input_file_ref idref="fl-e"/>
      </object_component>
      <object_component id="oc-1e2">
         <name>.debug_info</name>
         <load_address>0x1019d</load_address>
         <run_address>0x1019d</run_address>
         <size>0x370</size>
         <input_file_ref idref="fl-f"/>
      </object_component>
      <object_component id="oc-1dc">
         <name>.debug_info</name>
         <load_address>0x1050d</load_address>
         <run_address>0x1050d</run_address>
         <size>0xe3</size>
         <input_file_ref idref="fl-f"/>
      </object_component>
      <object_component id="oc-1d9">
         <name>.debug_info</name>
         <load_address>0x105f0</load_address>
         <run_address>0x105f0</run_address>
         <size>0xe3</size>
         <input_file_ref idref="fl-f"/>
      </object_component>
      <object_component id="oc-1df">
         <name>.debug_info</name>
         <load_address>0x106d3</load_address>
         <run_address>0x106d3</run_address>
         <size>0xdf</size>
         <input_file_ref idref="fl-f"/>
      </object_component>
      <object_component id="oc-1d6">
         <name>.debug_info</name>
         <load_address>0x107b2</load_address>
         <run_address>0x107b2</run_address>
         <size>0xfd</size>
         <input_file_ref idref="fl-f"/>
      </object_component>
      <object_component id="oc-ec">
         <name>.debug_info</name>
         <load_address>0x108af</load_address>
         <run_address>0x108af</run_address>
         <size>0x58b</size>
         <input_file_ref idref="fl-f"/>
      </object_component>
      <object_component id="oc-29d">
         <name>.debug_info</name>
         <load_address>0x10e3a</load_address>
         <run_address>0x10e3a</run_address>
         <size>0x62</size>
         <input_file_ref idref="fl-f"/>
      </object_component>
      <object_component id="oc-174">
         <name>.debug_info</name>
         <load_address>0x10e9c</load_address>
         <run_address>0x10e9c</run_address>
         <size>0x140</size>
         <input_file_ref idref="fl-ca"/>
      </object_component>
      <object_component id="oc-226">
         <name>.debug_info</name>
         <load_address>0x10fdc</load_address>
         <run_address>0x10fdc</run_address>
         <size>0x142</size>
         <input_file_ref idref="fl-cb"/>
      </object_component>
      <object_component id="oc-b7">
         <name>.debug_info</name>
         <load_address>0x1111e</load_address>
         <run_address>0x1111e</run_address>
         <size>0x147</size>
         <input_file_ref idref="fl-cc"/>
      </object_component>
      <object_component id="oc-48">
         <name>.debug_info</name>
         <load_address>0x11265</load_address>
         <run_address>0x11265</run_address>
         <size>0x119</size>
         <input_file_ref idref="fl-cd"/>
      </object_component>
      <object_component id="oc-b5">
         <name>.debug_info</name>
         <load_address>0x1137e</load_address>
         <run_address>0x1137e</run_address>
         <size>0x2d4</size>
         <input_file_ref idref="fl-ce"/>
      </object_component>
      <object_component id="oc-5a">
         <name>.debug_info</name>
         <load_address>0x11652</load_address>
         <run_address>0x11652</run_address>
         <size>0x1b5</size>
         <input_file_ref idref="fl-ce"/>
      </object_component>
      <object_component id="oc-b0">
         <name>.debug_info</name>
         <load_address>0x11807</load_address>
         <run_address>0x11807</run_address>
         <size>0x46</size>
         <input_file_ref idref="fl-ce"/>
      </object_component>
      <object_component id="oc-122">
         <name>.debug_info</name>
         <load_address>0x1184d</load_address>
         <run_address>0x1184d</run_address>
         <size>0x2c</size>
         <input_file_ref idref="fl-ce"/>
      </object_component>
      <object_component id="oc-51">
         <name>.debug_info</name>
         <load_address>0x11879</load_address>
         <run_address>0x11879</run_address>
         <size>0x2a8</size>
         <input_file_ref idref="fl-cf"/>
      </object_component>
      <object_component id="oc-1c">
         <name>.debug_info</name>
         <load_address>0x11b21</load_address>
         <run_address>0x11b21</run_address>
         <size>0x1ea</size>
         <input_file_ref idref="fl-cf"/>
      </object_component>
      <object_component id="oc-4c">
         <name>.debug_info</name>
         <load_address>0x11d0b</load_address>
         <run_address>0x11d0b</run_address>
         <size>0x46</size>
         <input_file_ref idref="fl-cf"/>
      </object_component>
      <object_component id="oc-a8">
         <name>.debug_info</name>
         <load_address>0x11d51</load_address>
         <run_address>0x11d51</run_address>
         <size>0x2c</size>
         <input_file_ref idref="fl-cf"/>
      </object_component>
      <object_component id="oc-a6">
         <name>.debug_info</name>
         <load_address>0x11d7d</load_address>
         <run_address>0x11d7d</run_address>
         <size>0x29e</size>
         <input_file_ref idref="fl-d0"/>
      </object_component>
      <object_component id="oc-18">
         <name>.debug_info</name>
         <load_address>0x1201b</load_address>
         <run_address>0x1201b</run_address>
         <size>0x250</size>
         <input_file_ref idref="fl-d0"/>
      </object_component>
      <object_component id="oc-3c">
         <name>.debug_info</name>
         <load_address>0x1226b</load_address>
         <run_address>0x1226b</run_address>
         <size>0x60</size>
         <input_file_ref idref="fl-d0"/>
      </object_component>
      <object_component id="oc-11b">
         <name>.debug_info</name>
         <load_address>0x122cb</load_address>
         <run_address>0x122cb</run_address>
         <size>0x46</size>
         <input_file_ref idref="fl-d0"/>
      </object_component>
      <object_component id="oc-a1">
         <name>.debug_info</name>
         <load_address>0x12311</load_address>
         <run_address>0x12311</run_address>
         <size>0x39</size>
         <input_file_ref idref="fl-d0"/>
      </object_component>
      <object_component id="oc-271">
         <name>.debug_info</name>
         <load_address>0x1234a</load_address>
         <run_address>0x1234a</run_address>
         <size>0x2ba</size>
         <input_file_ref idref="fl-d1"/>
      </object_component>
      <object_component id="oc-26e">
         <name>.debug_info</name>
         <load_address>0x12604</load_address>
         <run_address>0x12604</run_address>
         <size>0xfb</size>
         <input_file_ref idref="fl-d1"/>
      </object_component>
      <object_component id="oc-169">
         <name>.debug_info</name>
         <load_address>0x126ff</load_address>
         <run_address>0x126ff</run_address>
         <size>0x15d</size>
         <input_file_ref idref="fl-d1"/>
      </object_component>
      <object_component id="oc-16f">
         <name>.debug_info</name>
         <load_address>0x1285c</load_address>
         <run_address>0x1285c</run_address>
         <size>0x13d</size>
         <input_file_ref idref="fl-d1"/>
      </object_component>
      <object_component id="oc-25">
         <name>.debug_info</name>
         <load_address>0x12999</load_address>
         <run_address>0x12999</run_address>
         <size>0x10b</size>
         <input_file_ref idref="fl-d2"/>
      </object_component>
      <object_component id="oc-66">
         <name>.debug_info</name>
         <load_address>0x12aa4</load_address>
         <run_address>0x12aa4</run_address>
         <size>0x1a9</size>
         <input_file_ref idref="fl-d2"/>
      </object_component>
      <object_component id="oc-269">
         <name>.debug_info</name>
         <load_address>0x12c4d</load_address>
         <run_address>0x12c4d</run_address>
         <size>0x2a4</size>
         <input_file_ref idref="fl-d3"/>
      </object_component>
      <object_component id="oc-165">
         <name>.debug_info</name>
         <load_address>0x12ef1</load_address>
         <run_address>0x12ef1</run_address>
         <size>0x181</size>
         <input_file_ref idref="fl-d3"/>
      </object_component>
      <object_component id="oc-308">
         <name>.debug_info</name>
         <load_address>0x13072</load_address>
         <run_address>0x13072</run_address>
         <size>0x39</size>
         <input_file_ref idref="fl-d3"/>
      </object_component>
      <object_component id="oc-264">
         <name>.debug_info</name>
         <load_address>0x130ab</load_address>
         <run_address>0x130ab</run_address>
         <size>0x39</size>
         <input_file_ref idref="fl-d3"/>
      </object_component>
      <object_component id="oc-274">
         <name>.debug_info</name>
         <load_address>0x130e4</load_address>
         <run_address>0x130e4</run_address>
         <size>0x115</size>
         <input_file_ref idref="fl-d4"/>
      </object_component>
      <object_component id="oc-281">
         <name>.debug_info</name>
         <load_address>0x131f9</load_address>
         <run_address>0x131f9</run_address>
         <size>0x4b3</size>
         <input_file_ref idref="fl-d5"/>
      </object_component>
      <object_component id="oc-18c">
         <name>.debug_info</name>
         <load_address>0x136ac</load_address>
         <run_address>0x136ac</run_address>
         <size>0x1a6</size>
         <input_file_ref idref="fl-d5"/>
      </object_component>
      <object_component id="oc-324">
         <name>.debug_info</name>
         <load_address>0x13852</load_address>
         <run_address>0x13852</run_address>
         <size>0x39</size>
         <input_file_ref idref="fl-d5"/>
      </object_component>
      <object_component id="oc-35a">
         <name>.debug_info</name>
         <load_address>0x1388b</load_address>
         <run_address>0x1388b</run_address>
         <size>0x39</size>
         <input_file_ref idref="fl-d5"/>
      </object_component>
      <object_component id="oc-329">
         <name>.debug_info</name>
         <load_address>0x138c4</load_address>
         <run_address>0x138c4</run_address>
         <size>0x39</size>
         <input_file_ref idref="fl-d5"/>
      </object_component>
      <object_component id="oc-32e">
         <name>.debug_info</name>
         <load_address>0x138fd</load_address>
         <run_address>0x138fd</run_address>
         <size>0xcd</size>
         <input_file_ref idref="fl-d5"/>
      </object_component>
      <object_component id="oc-bf">
         <name>.debug_info</name>
         <load_address>0x139ca</load_address>
         <run_address>0x139ca</run_address>
         <size>0x153</size>
         <input_file_ref idref="fl-d6"/>
      </object_component>
      <object_component id="oc-180">
         <name>.debug_info</name>
         <load_address>0x13b1d</load_address>
         <run_address>0x13b1d</run_address>
         <size>0x122</size>
         <input_file_ref idref="fl-d8"/>
      </object_component>
      <object_component id="oc-317">
         <name>.debug_info</name>
         <load_address>0x13c3f</load_address>
         <run_address>0x13c3f</run_address>
         <size>0x2c9</size>
         <input_file_ref idref="fl-d9"/>
      </object_component>
      <object_component id="oc-26b">
         <name>.debug_info</name>
         <load_address>0x13f08</load_address>
         <run_address>0x13f08</run_address>
         <size>0x11e</size>
         <input_file_ref idref="fl-d9"/>
      </object_component>
      <object_component id="oc-310">
         <name>.debug_info</name>
         <load_address>0x14026</load_address>
         <run_address>0x14026</run_address>
         <size>0x12e</size>
         <input_file_ref idref="fl-d9"/>
      </object_component>
      <object_component id="oc-260">
         <name>.debug_info</name>
         <load_address>0x14154</load_address>
         <run_address>0x14154</run_address>
         <size>0x18d</size>
         <input_file_ref idref="fl-db"/>
      </object_component>
      <object_component id="oc-352">
         <name>.debug_info</name>
         <load_address>0x142e1</load_address>
         <run_address>0x142e1</run_address>
         <size>0x39</size>
         <input_file_ref idref="fl-db"/>
      </object_component>
      <object_component id="oc-303">
         <name>.debug_info</name>
         <load_address>0x1431a</load_address>
         <run_address>0x1431a</run_address>
         <size>0x39</size>
         <input_file_ref idref="fl-db"/>
      </object_component>
      <object_component id="oc-34e">
         <name>.debug_info</name>
         <load_address>0x14353</load_address>
         <run_address>0x14353</run_address>
         <size>0x2bb</size>
         <input_file_ref idref="fl-dc"/>
      </object_component>
      <object_component id="oc-34b">
         <name>.debug_info</name>
         <load_address>0x1460e</load_address>
         <run_address>0x1460e</run_address>
         <size>0x108</size>
         <input_file_ref idref="fl-dc"/>
      </object_component>
      <object_component id="oc-2f4">
         <name>.debug_info</name>
         <load_address>0x14716</load_address>
         <run_address>0x14716</run_address>
         <size>0x1df</size>
         <input_file_ref idref="fl-dc"/>
      </object_component>
      <object_component id="oc-2fd">
         <name>.debug_info</name>
         <load_address>0x148f5</load_address>
         <run_address>0x148f5</run_address>
         <size>0x19a</size>
         <input_file_ref idref="fl-dc"/>
      </object_component>
      <object_component id="oc-300">
         <name>.debug_info</name>
         <load_address>0x14a8f</load_address>
         <run_address>0x14a8f</run_address>
         <size>0x3a3</size>
         <input_file_ref idref="fl-dd"/>
      </object_component>
      <object_component id="oc-214">
         <name>.debug_info</name>
         <load_address>0x14e32</load_address>
         <run_address>0x14e32</run_address>
         <size>0x3e4</size>
         <input_file_ref idref="fl-df"/>
      </object_component>
      <object_component id="oc-211">
         <name>.debug_info</name>
         <load_address>0x15216</load_address>
         <run_address>0x15216</run_address>
         <size>0x164</size>
         <input_file_ref idref="fl-df"/>
      </object_component>
      <object_component id="oc-216">
         <name>.debug_info</name>
         <load_address>0x1537a</load_address>
         <run_address>0x1537a</run_address>
         <size>0x2bc</size>
         <input_file_ref idref="fl-df"/>
      </object_component>
      <object_component id="oc-21c">
         <name>.debug_info</name>
         <load_address>0x15636</load_address>
         <run_address>0x15636</run_address>
         <size>0x31f</size>
         <input_file_ref idref="fl-df"/>
      </object_component>
      <object_component id="oc-138">
         <name>.debug_info</name>
         <load_address>0x15955</load_address>
         <run_address>0x15955</run_address>
         <size>0x29b</size>
         <input_file_ref idref="fl-df"/>
      </object_component>
      <object_component id="oc-15c">
         <name>.debug_info</name>
         <load_address>0x15bf0</load_address>
         <run_address>0x15bf0</run_address>
         <size>0x2c0</size>
         <input_file_ref idref="fl-df"/>
      </object_component>
      <object_component id="oc-250">
         <name>.debug_info</name>
         <load_address>0x15eb0</load_address>
         <run_address>0x15eb0</run_address>
         <size>0x2a9</size>
         <input_file_ref idref="fl-df"/>
      </object_component>
      <object_component id="oc-132">
         <name>.debug_info</name>
         <load_address>0x16159</load_address>
         <run_address>0x16159</run_address>
         <size>0x289</size>
         <input_file_ref idref="fl-df"/>
      </object_component>
      <object_component id="oc-2cb">
         <name>.debug_info</name>
         <load_address>0x163e2</load_address>
         <run_address>0x163e2</run_address>
         <size>0x26b</size>
         <input_file_ref idref="fl-df"/>
      </object_component>
      <object_component id="oc-2bb">
         <name>.debug_info</name>
         <load_address>0x1664d</load_address>
         <run_address>0x1664d</run_address>
         <size>0x297</size>
         <input_file_ref idref="fl-df"/>
      </object_component>
      <object_component id="oc-2c6">
         <name>.debug_info</name>
         <load_address>0x168e4</load_address>
         <run_address>0x168e4</run_address>
         <size>0xef</size>
         <input_file_ref idref="fl-df"/>
      </object_component>
      <object_component id="oc-20a">
         <name>.debug_info</name>
         <load_address>0x169d3</load_address>
         <run_address>0x169d3</run_address>
         <size>0xbb</size>
         <input_file_ref idref="fl-df"/>
      </object_component>
      <object_component id="oc-20f">
         <name>.debug_info</name>
         <load_address>0x16a8e</load_address>
         <run_address>0x16a8e</run_address>
         <size>0x441</size>
         <input_file_ref idref="fl-e1"/>
      </object_component>
      <object_component id="oc-246">
         <name>.debug_info</name>
         <load_address>0x16ecf</load_address>
         <run_address>0x16ecf</run_address>
         <size>0x156</size>
         <input_file_ref idref="fl-e1"/>
      </object_component>
      <object_component id="oc-249">
         <name>.debug_info</name>
         <load_address>0x17025</load_address>
         <run_address>0x17025</run_address>
         <size>0x162</size>
         <input_file_ref idref="fl-e1"/>
      </object_component>
      <object_component id="oc-2e2">
         <name>.debug_info</name>
         <load_address>0x17187</load_address>
         <run_address>0x17187</run_address>
         <size>0x15c</size>
         <input_file_ref idref="fl-e1"/>
      </object_component>
      <object_component id="oc-24c">
         <name>.debug_info</name>
         <load_address>0x172e3</load_address>
         <run_address>0x172e3</run_address>
         <size>0x169</size>
         <input_file_ref idref="fl-e1"/>
      </object_component>
      <object_component id="oc-12d">
         <name>.debug_info</name>
         <load_address>0x1744c</load_address>
         <run_address>0x1744c</run_address>
         <size>0x286</size>
         <input_file_ref idref="fl-e1"/>
      </object_component>
      <object_component id="oc-23a">
         <name>.debug_info</name>
         <load_address>0x176d2</load_address>
         <run_address>0x176d2</run_address>
         <size>0x279</size>
         <input_file_ref idref="fl-e1"/>
      </object_component>
      <object_component id="oc-240">
         <name>.debug_info</name>
         <load_address>0x1794b</load_address>
         <run_address>0x1794b</run_address>
         <size>0x2c3</size>
         <input_file_ref idref="fl-e1"/>
      </object_component>
      <object_component id="oc-14a">
         <name>.debug_info</name>
         <load_address>0x17c0e</load_address>
         <run_address>0x17c0e</run_address>
         <size>0x4a3</size>
         <input_file_ref idref="fl-e1"/>
      </object_component>
      <object_component id="oc-2c2">
         <name>.debug_info</name>
         <load_address>0x180b1</load_address>
         <run_address>0x180b1</run_address>
         <size>0x51</size>
         <input_file_ref idref="fl-e1"/>
      </object_component>
      <object_component id="oc-223">
         <name>.debug_info</name>
         <load_address>0x18102</load_address>
         <run_address>0x18102</run_address>
         <size>0x3cb</size>
         <input_file_ref idref="fl-e2"/>
      </object_component>
      <object_component id="oc-13e">
         <name>.debug_info</name>
         <load_address>0x184cd</load_address>
         <run_address>0x184cd</run_address>
         <size>0x29a</size>
         <input_file_ref idref="fl-e2"/>
      </object_component>
      <object_component id="oc-399">
         <name>.debug_info</name>
         <load_address>0x18767</load_address>
         <run_address>0x18767</run_address>
         <size>0x9b</size>
      </object_component>
      <object_component id="oc-203">
         <name>.debug_line</name>
         <load_address>0x0</load_address>
         <run_address>0x0</run_address>
         <size>0x201</size>
         <input_file_ref idref="fl-2"/>
      </object_component>
      <object_component id="oc-c6">
         <name>.debug_line</name>
         <load_address>0x201</load_address>
         <run_address>0x201</run_address>
         <size>0xda</size>
         <input_file_ref idref="fl-2"/>
      </object_component>
      <object_component id="oc-104">
         <name>.debug_line</name>
         <load_address>0x2db</load_address>
         <run_address>0x2db</run_address>
         <size>0x70</size>
         <input_file_ref idref="fl-2"/>
      </object_component>
      <object_component id="oc-207">
         <name>.debug_line</name>
         <load_address>0x34b</load_address>
         <run_address>0x34b</run_address>
         <size>0x2d</size>
         <input_file_ref idref="fl-2"/>
      </object_component>
      <object_component id="oc-9f">
         <name>.debug_line</name>
         <load_address>0x378</load_address>
         <run_address>0x378</run_address>
         <size>0x6f</size>
         <input_file_ref idref="fl-2"/>
      </object_component>
      <object_component id="oc-114">
         <name>.debug_line</name>
         <load_address>0x3e7</load_address>
         <run_address>0x3e7</run_address>
         <size>0x20</size>
         <input_file_ref idref="fl-2"/>
      </object_component>
      <object_component id="oc-2af">
         <name>.debug_line</name>
         <load_address>0x407</load_address>
         <run_address>0x407</run_address>
         <size>0x71</size>
         <input_file_ref idref="fl-2"/>
      </object_component>
      <object_component id="oc-1c4">
         <name>.debug_line</name>
         <load_address>0x478</load_address>
         <run_address>0x478</run_address>
         <size>0x72</size>
         <input_file_ref idref="fl-2"/>
      </object_component>
      <object_component id="oc-8e">
         <name>.debug_line</name>
         <load_address>0x4ea</load_address>
         <run_address>0x4ea</run_address>
         <size>0x74</size>
         <input_file_ref idref="fl-2"/>
      </object_component>
      <object_component id="oc-119">
         <name>.debug_line</name>
         <load_address>0x55e</load_address>
         <run_address>0x55e</run_address>
         <size>0x73</size>
         <input_file_ref idref="fl-2"/>
      </object_component>
      <object_component id="oc-9a">
         <name>.debug_line</name>
         <load_address>0x5d1</load_address>
         <run_address>0x5d1</run_address>
         <size>0x70</size>
         <input_file_ref idref="fl-2"/>
      </object_component>
      <object_component id="oc-93">
         <name>.debug_line</name>
         <load_address>0x641</load_address>
         <run_address>0x641</run_address>
         <size>0x83</size>
         <input_file_ref idref="fl-2"/>
      </object_component>
      <object_component id="oc-237">
         <name>.debug_line</name>
         <load_address>0x6c4</load_address>
         <run_address>0x6c4</run_address>
         <size>0x6b</size>
         <input_file_ref idref="fl-2"/>
      </object_component>
      <object_component id="oc-10d">
         <name>.debug_line</name>
         <load_address>0x72f</load_address>
         <run_address>0x72f</run_address>
         <size>0x70</size>
         <input_file_ref idref="fl-2"/>
      </object_component>
      <object_component id="oc-96">
         <name>.debug_line</name>
         <load_address>0x79f</load_address>
         <run_address>0x79f</run_address>
         <size>0x42</size>
         <input_file_ref idref="fl-3"/>
      </object_component>
      <object_component id="oc-39">
         <name>.debug_line</name>
         <load_address>0x7e1</load_address>
         <run_address>0x7e1</run_address>
         <size>0x42</size>
         <input_file_ref idref="fl-3"/>
      </object_component>
      <object_component id="oc-2b">
         <name>.debug_line</name>
         <load_address>0x823</load_address>
         <run_address>0x823</run_address>
         <size>0x9c</size>
         <input_file_ref idref="fl-3"/>
      </object_component>
      <object_component id="oc-44">
         <name>.debug_line</name>
         <load_address>0x8bf</load_address>
         <run_address>0x8bf</run_address>
         <size>0x20</size>
         <input_file_ref idref="fl-3"/>
      </object_component>
      <object_component id="oc-2f2">
         <name>.debug_line</name>
         <load_address>0x8df</load_address>
         <run_address>0x8df</run_address>
         <size>0x56</size>
         <input_file_ref idref="fl-4"/>
      </object_component>
      <object_component id="oc-2f0">
         <name>.debug_line</name>
         <load_address>0x935</load_address>
         <run_address>0x935</run_address>
         <size>0x75</size>
         <input_file_ref idref="fl-4"/>
      </object_component>
      <object_component id="oc-157">
         <name>.debug_line</name>
         <load_address>0x9aa</load_address>
         <run_address>0x9aa</run_address>
         <size>0xd7</size>
         <input_file_ref idref="fl-4"/>
      </object_component>
      <object_component id="oc-2ee">
         <name>.debug_line</name>
         <load_address>0xa81</load_address>
         <run_address>0xa81</run_address>
         <size>0x56</size>
         <input_file_ref idref="fl-5"/>
      </object_component>
      <object_component id="oc-153">
         <name>.debug_line</name>
         <load_address>0xad7</load_address>
         <run_address>0xad7</run_address>
         <size>0x17e</size>
         <input_file_ref idref="fl-5"/>
      </object_component>
      <object_component id="oc-2e0">
         <name>.debug_line</name>
         <load_address>0xc55</load_address>
         <run_address>0xc55</run_address>
         <size>0x57</size>
         <input_file_ref idref="fl-6"/>
      </object_component>
      <object_component id="oc-2da">
         <name>.debug_line</name>
         <load_address>0xcac</load_address>
         <run_address>0xcac</run_address>
         <size>0x57</size>
         <input_file_ref idref="fl-6"/>
      </object_component>
      <object_component id="oc-2de">
         <name>.debug_line</name>
         <load_address>0xd03</load_address>
         <run_address>0xd03</run_address>
         <size>0x57</size>
         <input_file_ref idref="fl-6"/>
      </object_component>
      <object_component id="oc-2dc">
         <name>.debug_line</name>
         <load_address>0xd5a</load_address>
         <run_address>0xd5a</run_address>
         <size>0x57</size>
         <input_file_ref idref="fl-6"/>
      </object_component>
      <object_component id="oc-147">
         <name>.debug_line</name>
         <load_address>0xdb1</load_address>
         <run_address>0xdb1</run_address>
         <size>0x2c6</size>
         <input_file_ref idref="fl-6"/>
      </object_component>
      <object_component id="oc-336">
         <name>.debug_line</name>
         <load_address>0x1077</load_address>
         <run_address>0x1077</run_address>
         <size>0x177</size>
         <input_file_ref idref="fl-8"/>
      </object_component>
      <object_component id="oc-1c9">
         <name>.debug_line</name>
         <load_address>0x11ee</load_address>
         <run_address>0x11ee</run_address>
         <size>0x6b</size>
         <input_file_ref idref="fl-8"/>
      </object_component>
      <object_component id="oc-33a">
         <name>.debug_line</name>
         <load_address>0x1259</load_address>
         <run_address>0x1259</run_address>
         <size>0x78</size>
         <input_file_ref idref="fl-8"/>
      </object_component>
      <object_component id="oc-33f">
         <name>.debug_line</name>
         <load_address>0x12d1</load_address>
         <run_address>0x12d1</run_address>
         <size>0x3e</size>
         <input_file_ref idref="fl-8"/>
      </object_component>
      <object_component id="oc-298">
         <name>.debug_line</name>
         <load_address>0x130f</load_address>
         <run_address>0x130f</run_address>
         <size>0x20</size>
         <input_file_ref idref="fl-9"/>
      </object_component>
      <object_component id="oc-de">
         <name>.debug_line</name>
         <load_address>0x132f</load_address>
         <run_address>0x132f</run_address>
         <size>0xec</size>
         <input_file_ref idref="fl-9"/>
      </object_component>
      <object_component id="oc-342">
         <name>.debug_line</name>
         <load_address>0x141b</load_address>
         <run_address>0x141b</run_address>
         <size>0x18e</size>
         <input_file_ref idref="fl-a"/>
      </object_component>
      <object_component id="oc-1e8">
         <name>.debug_line</name>
         <load_address>0x15a9</load_address>
         <run_address>0x15a9</run_address>
         <size>0x68f</size>
         <input_file_ref idref="fl-a"/>
      </object_component>
      <object_component id="oc-346">
         <name>.debug_line</name>
         <load_address>0x1c38</load_address>
         <run_address>0x1c38</run_address>
         <size>0x37</size>
         <input_file_ref idref="fl-a"/>
      </object_component>
      <object_component id="oc-1bb">
         <name>.debug_line</name>
         <load_address>0x1c6f</load_address>
         <run_address>0x1c6f</run_address>
         <size>0x1c4</size>
         <input_file_ref idref="fl-b"/>
      </object_component>
      <object_component id="oc-d5">
         <name>.debug_line</name>
         <load_address>0x1e33</load_address>
         <run_address>0x1e33</run_address>
         <size>0x37</size>
         <input_file_ref idref="fl-b"/>
      </object_component>
      <object_component id="oc-1d2">
         <name>.debug_line</name>
         <load_address>0x1e6a</load_address>
         <run_address>0x1e6a</run_address>
         <size>0x37</size>
         <input_file_ref idref="fl-b"/>
      </object_component>
      <object_component id="oc-1fd">
         <name>.debug_line</name>
         <load_address>0x1ea1</load_address>
         <run_address>0x1ea1</run_address>
         <size>0x37</size>
         <input_file_ref idref="fl-b"/>
      </object_component>
      <object_component id="oc-1ff">
         <name>.debug_line</name>
         <load_address>0x1ed8</load_address>
         <run_address>0x1ed8</run_address>
         <size>0x37</size>
         <input_file_ref idref="fl-b"/>
      </object_component>
      <object_component id="oc-1d4">
         <name>.debug_line</name>
         <load_address>0x1f0f</load_address>
         <run_address>0x1f0f</run_address>
         <size>0x37</size>
         <input_file_ref idref="fl-b"/>
      </object_component>
      <object_component id="oc-1d0">
         <name>.debug_line</name>
         <load_address>0x1f46</load_address>
         <run_address>0x1f46</run_address>
         <size>0x37</size>
         <input_file_ref idref="fl-b"/>
      </object_component>
      <object_component id="oc-201">
         <name>.debug_line</name>
         <load_address>0x1f7d</load_address>
         <run_address>0x1f7d</run_address>
         <size>0x37</size>
         <input_file_ref idref="fl-b"/>
      </object_component>
      <object_component id="oc-1ce">
         <name>.debug_line</name>
         <load_address>0x1fb4</load_address>
         <run_address>0x1fb4</run_address>
         <size>0x37</size>
         <input_file_ref idref="fl-b"/>
      </object_component>
      <object_component id="oc-80">
         <name>.debug_line</name>
         <load_address>0x1feb</load_address>
         <run_address>0x1feb</run_address>
         <size>0xd41</size>
         <input_file_ref idref="fl-b"/>
      </object_component>
      <object_component id="oc-1bf">
         <name>.debug_line</name>
         <load_address>0x2d2c</load_address>
         <run_address>0x2d2c</run_address>
         <size>0x37</size>
         <input_file_ref idref="fl-b"/>
      </object_component>
      <object_component id="oc-2ba">
         <name>.debug_line</name>
         <load_address>0x2d63</load_address>
         <run_address>0x2d63</run_address>
         <size>0x1c8</size>
         <input_file_ref idref="fl-c"/>
      </object_component>
      <object_component id="oc-2b4">
         <name>.debug_line</name>
         <load_address>0x2f2b</load_address>
         <run_address>0x2f2b</run_address>
         <size>0x38</size>
         <input_file_ref idref="fl-c"/>
      </object_component>
      <object_component id="oc-2b6">
         <name>.debug_line</name>
         <load_address>0x2f63</load_address>
         <run_address>0x2f63</run_address>
         <size>0x38</size>
         <input_file_ref idref="fl-c"/>
      </object_component>
      <object_component id="oc-2b8">
         <name>.debug_line</name>
         <load_address>0x2f9b</load_address>
         <run_address>0x2f9b</run_address>
         <size>0x38</size>
         <input_file_ref idref="fl-c"/>
      </object_component>
      <object_component id="oc-2b2">
         <name>.debug_line</name>
         <load_address>0x2fd3</load_address>
         <run_address>0x2fd3</run_address>
         <size>0x38</size>
         <input_file_ref idref="fl-c"/>
      </object_component>
      <object_component id="oc-f2">
         <name>.debug_line</name>
         <load_address>0x300b</load_address>
         <run_address>0x300b</run_address>
         <size>0x365</size>
         <input_file_ref idref="fl-c"/>
      </object_component>
      <object_component id="oc-1fa">
         <name>.debug_line</name>
         <load_address>0x3370</load_address>
         <run_address>0x3370</run_address>
         <size>0x38</size>
         <input_file_ref idref="fl-c"/>
[...]
      </symbol>
      <symbol id="sm-231">
         <name>uxQueueGetQueueNumber</name>
         <value>0x1a3b</value>
         <object_component_ref idref="oc-1e3"/>
      </symbol>
      <symbol id="sm-232">
         <name>xQueueGenericReceive</name>
         <value>0x142b</value>
         <object_component_ref idref="oc-1e3"/>
      </symbol>
      <symbol id="sm-233">
         <name>xQueueTakeMutexRecursive</name>
         <value>0x153d</value>
         <object_component_ref idref="oc-1e3"/>
      </symbol>
      <symbol id="sm-234">
         <name>xQueueCreateCountingSemaphore</name>
         <value>0x1973</value>
         <object_component_ref idref="oc-1e3"/>
      </symbol>
      <symbol id="sm-235">
         <name>vQueueWaitForMessageRestricted</name>
         <value>0x1987</value>
         <object_component_ref idref="oc-1e3"/>
      </symbol>
      <symbol id="sm-236">
         <name>vQueueDelete</name>
         <value>0x19e5</value>
         <object_component_ref idref="oc-1e3"/>
      </symbol>
      <symbol id="sm-237">
         <name>ucQueueGetQueueType</name>
         <value>0x1a3f</value>
         <object_component_ref idref="oc-1e3"/>
      </symbol>
      <symbol id="sm-3c3">
         <name>vTaskDelay</name>
         <value>0x1049</value>
         <object_component_ref idref="oc-7f"/>
      </symbol>
      <symbol id="sm-3c4">
         <name>vTaskSuspendAll</name>
         <value>0xaa5</value>
         <object_component_ref idref="oc-7f"/>
      </symbol>
      <symbol id="sm-3c5">
         <name>vTaskPriorityInherit</name>
         <value>0xced</value>
         <object_component_ref idref="oc-7f"/>
      </symbol>
      <symbol id="sm-3c6">
         <name>vTaskPlaceOnEventList</name>
         <value>0xe35</value>
         <object_component_ref idref="oc-7f"/>
      </symbol>
      <symbol id="sm-3c7">
         <name>vTaskSetTaskNumber</name>
         <value>0xb95</value>
         <object_component_ref idref="oc-7f"/>
      </symbol>
      <symbol id="sm-3c8">
         <name>uxTaskPriorityGetFromISR</name>
         <value>0x10a9</value>
         <object_component_ref idref="oc-7f"/>
      </symbol>
      <symbol id="sm-3c9">
         <name>ulTaskNotifyTake</name>
         <value>0x1231</value>
         <object_component_ref idref="oc-7f"/>
      </symbol>
      <symbol id="sm-3ca">
         <name>xTaskCheckForTimeOut</name>
         <value>0xa07</value>
         <object_component_ref idref="oc-7f"/>
      </symbol>
      <symbol id="sm-3cb">
         <name>xTaskRemoveFromUnorderedEventList</name>
         <value>0x445</value>
         <object_component_ref idref="oc-7f"/>
      </symbol>
      <symbol id="sm-3cc">
         <name>vTaskPrioritySet</name>
         <value>0xc1d</value>
         <object_component_ref idref="oc-7f"/>
      </symbol>
      <symbol id="sm-3cd">
         <name>xTaskPriorityDisinherit</name>
         <value>0x4f9</value>
         <object_component_ref idref="oc-7f"/>
      </symbol>
      <symbol id="sm-3ce">
         <name>vTaskStartScheduler</name>
         <value>0xb47</value>
         <object_component_ref idref="oc-7f"/>
      </symbol>
      <symbol id="sm-3cf">
         <name>xTaskNotifyStateClear</name>
         <value>0x681</value>
         <object_component_ref idref="oc-7f"/>
      </symbol>
      <symbol id="sm-3d0">
         <name>pvTaskIncrementMutexHeldCount</name>
         <value>0x12bf</value>
         <object_component_ref idref="oc-7f"/>
      </symbol>
      <symbol id="sm-3d1">
         <name>xTaskGenericNotify</name>
         <value>0x791</value>
         <object_component_ref idref="oc-7f"/>
      </symbol>
      <symbol id="sm-3d2">
         <name>vTaskDelayUntil</name>
         <value>0xfcb</value>
         <object_component_ref idref="oc-7f"/>
      </symbol>
      <symbol id="sm-3d3">
         <name>uxTaskGetTaskNumber</name>
         <value>0x10e5</value>
         <object_component_ref idref="oc-7f"/>
      </symbol>
      <symbol id="sm-3d4">
         <name>vTaskEndScheduler</name>
         <value>0xf21</value>
         <object_component_ref idref="oc-7f"/>
      </symbol>
      <symbol id="sm-3d5">
         <name>xTaskNotifyWait</name>
         <value>0x5c5</value>
         <object_component_ref idref="oc-7f"/>
      </symbol>
      <symbol id="sm-3d6">
         <name>vTaskMissedYield</name>
         <value>0xf19</value>
         <object_component_ref idref="oc-7f"/>
      </symbol>
      <symbol id="sm-3d7">
         <name>uxTaskGetNumberOfTasks</name>
         <value>0x1211</value>
         <object_component_ref idref="oc-7f"/>
      </symbol>
      <symbol id="sm-3d8">
         <name>xTaskGenericNotifyFromISR</name>
         <value>0x6e1</value>
         <object_component_ref idref="oc-7f"/>
      </symbol>
      <symbol id="sm-3d9">
         <name>uxTaskPriorityGet</name>
         <value>0x10c9</value>
         <object_component_ref idref="oc-7f"/>
      </symbol>
      <symbol id="sm-3da">
         <name>xTaskResumeAll</name>
         <value>0x389</value>
         <object_component_ref idref="oc-7f"/>
      </symbol>
      <symbol id="sm-3db">
         <name>xTaskGetTickCount</name>
         <value>0x6b1</value>
         <object_component_ref idref="oc-7f"/>
      </symbol>
      <symbol id="sm-3dc">
         <name>xTaskGenericCreate</name>
         <value>0x90d</value>
         <object_component_ref idref="oc-7f"/>
      </symbol>
      <symbol id="sm-3dd">
         <name>uxTaskGetSystemState</name>
         <value>0x118d</value>
         <object_component_ref idref="oc-7f"/>
      </symbol>
      <symbol id="sm-3de">
         <name>vTaskDelete</name>
         <value>0xf39</value>
         <object_component_ref idref="oc-7f"/>
      </symbol>
      <symbol id="sm-3df">
         <name>pxCurrentTCB</name>
         <value>0x2000c800</value>
         <object_component_ref idref="oc-79"/>
      </symbol>
      <symbol id="sm-3e0">
         <name>vTaskNotifyGiveFromISR</name>
         <value>0xe99</value>
         <object_component_ref idref="oc-7f"/>
      </symbol>
      <symbol id="sm-3e1">
         <name>vTaskSuspend</name>
         <value>0xab5</value>
         <object_component_ref idref="oc-7f"/>
      </symbol>
      <symbol id="sm-3e2">
         <name>xTaskGetTickCountFromISR</name>
         <value>0x6ab</value>
         <object_component_ref idref="oc-7f"/>
      </symbol>
      <symbol id="sm-3e3">
         <name>vTaskResume</name>
         <value>0xbb1</value>
         <object_component_ref idref="oc-7f"/>
      </symbol>
      <symbol id="sm-3e4">
         <name>vTaskPlaceOnEventListRestricted</name>
         <value>0xdd5</value>
         <object_component_ref idref="oc-7f"/>
      </symbol>
      <symbol id="sm-3e5">
         <name>vTaskSetTimeOutState</name>
         <value>0x9f9</value>
         <object_component_ref idref="oc-7f"/>
      </symbol>
      <symbol id="sm-3e6">
         <name>xTaskIncrementTick</name>
         <value>0x2ad</value>
         <object_component_ref idref="oc-7f"/>
      </symbol>
      <symbol id="sm-3e7">
         <name>vTaskSwitchContext</name>
         <value>0xa53</value>
         <object_component_ref idref="oc-7f"/>
      </symbol>
      <symbol id="sm-3e8">
         <name>uxTaskResetEventItemValue</name>
         <value>0x1095</value>
         <object_component_ref idref="oc-7f"/>
      </symbol>
      <symbol id="sm-3e9">
         <name>xTaskGetSchedulerState</name>
         <value>0x6bd</value>
         <object_component_ref idref="oc-7f"/>
      </symbol>
      <symbol id="sm-3ea">
         <name>xTaskResumeFromISR</name>
         <value>0x223</value>
         <object_component_ref idref="oc-7f"/>
      </symbol>
      <symbol id="sm-3eb">
         <name>xTaskGetCurrentTaskHandle</name>
         <value>0x6d5</value>
         <object_component_ref idref="oc-7f"/>
      </symbol>
      <symbol id="sm-3ec">
         <name>vTaskPlaceOnUnorderedEventList</name>
         <value>0xd71</value>
         <object_component_ref idref="oc-7f"/>
      </symbol>
      <symbol id="sm-3ed">
         <name>xTaskRemoveFromEventList</name>
         <value>0x495</value>
         <object_component_ref idref="oc-7f"/>
      </symbol>
      <symbol id="sm-461">
         <name>xTimerCreateTimerTask</name>
         <value>0x1ee9</value>
         <object_component_ref idref="oc-f1"/>
      </symbol>
      <symbol id="sm-462">
         <name>pcTimerGetTimerName</name>
         <value>0x21b9</value>
         <object_component_ref idref="oc-f1"/>
      </symbol>
      <symbol id="sm-463">
         <name>xTimerIsTimerActive</name>
         <value>0x1e55</value>
         <object_component_ref idref="oc-f1"/>
      </symbol>
      <symbol id="sm-464">
         <name>xTimerCreate</name>
         <value>0x1f1b</value>
         <object_component_ref idref="oc-f1"/>
      </symbol>
      <symbol id="sm-465">
         <name>xTimerGenericCommand</name>
         <value>0x1e6d</value>
         <object_component_ref idref="oc-f1"/>
      </symbol>
      <symbol id="sm-466">
         <name>pvTimerGetTimerID</name>
         <value>0x1f6b</value>
         <object_component_ref idref="oc-f1"/>
      </symbol>
      <symbol id="sm-467">
         <name>vTimerSetTimerID</name>
         <value>0x1f55</value>
         <object_component_ref idref="oc-f1"/>
      </symbol>
      <symbol id="sm-491">
         <name>ulMaxSyscallInterruptPriority</name>
         <value>0x3660</value>
         <object_component_ref idref="oc-7c"/>
      </symbol>
      <symbol id="sm-492">
         <name>vPortSetupTimerInterrupt</name>
         <value>0x2b43</value>
         <object_component_ref idref="oc-32"/>
      </symbol>
      <symbol id="sm-493">
         <name>vPortEndScheduler</name>
         <value>0x2bb1</value>
         <object_component_ref idref="oc-32"/>
      </symbol>
      <symbol id="sm-494">
         <name>xPortSysTickHandler</name>
         <value>0x2b1d</value>
         <object_component_ref idref="oc-32"/>
      </symbol>
      <symbol id="sm-495">
         <name>pxPortInitialiseStack</name>
         <value>0x2bb3</value>
         <object_component_ref idref="oc-32"/>
      </symbol>
      <symbol id="sm-496">
         <name>vPortExitCritical</name>
         <value>0x2b87</value>
         <object_component_ref idref="oc-32"/>
      </symbol>
      <symbol id="sm-497">
         <name>xPortStartScheduler</name>
         <value>0x2b4f</value>
         <object_component_ref idref="oc-32"/>
      </symbol>
      <symbol id="sm-498">
         <name>vPortEnterCritical</name>
         <value>0x2b99</value>
         <object_component_ref idref="oc-32"/>
      </symbol>
      <symbol id="sm-4a7">
         <name>vPortStartFirstTask</name>
         <value>0x2ca1</value>
         <object_component_ref idref="oc-2d"/>
      </symbol>
      <symbol id="sm-4a8">
         <name>ulPortGetIPSR</name>
         <value>0x2c09</value>
         <object_component_ref idref="oc-2d"/>
      </symbol>
      <symbol id="sm-4a9">
         <name>vPortEnableVFP</name>
         <value>0x2cbd</value>
         <object_component_ref idref="oc-2d"/>
      </symbol>
      <symbol id="sm-4aa">
         <name>xPortPendSVHandler</name>
         <value>0x2c21</value>
         <object_component_ref idref="oc-2d"/>
      </symbol>
      <symbol id="sm-4ab">
         <name>vPortSVCHandler</name>
         <value>0x2c81</value>
         <object_component_ref idref="oc-2d"/>
      </symbol>
      <symbol id="sm-4ee">
         <name>vPortInitialiseBlocks</name>
         <value>0x2a0b</value>
         <object_component_ref idref="oc-eb"/>
      </symbol>
      <symbol id="sm-4ef">
         <name>xPortGetFreeHeapSize</name>
         <value>0x2a05</value>
         <object_component_ref idref="oc-eb"/>
      </symbol>
      <symbol id="sm-4f0">
         <name>pvPortMalloc</name>
         <value>0x2a6d</value>
         <object_component_ref idref="oc-eb"/>
      </symbol>
      <symbol id="sm-4f1">
         <name>vPortFree</name>
         <value>0x2a0d</value>
         <object_component_ref idref="oc-eb"/>
      </symbol>
      <symbol id="sm-500">
         <name>__aeabi_idivmod</name>
         <value>0x2fa3</value>
         <object_component_ref idref="oc-173"/>
      </symbol>
      <symbol id="sm-501">
         <name>__aeabi_idiv</name>
         <value>0x2fa3</value>
         <object_component_ref idref="oc-173"/>
      </symbol>
      <symbol id="sm-510">
         <name>__aeabi_uidivmod</name>
         <value>0x3121</value>
         <object_component_ref idref="oc-224"/>
      </symbol>
      <symbol id="sm-511">
         <name>__aeabi_uidiv</name>
         <value>0x3121</value>
         <object_component_ref idref="oc-224"/>
      </symbol>
      <symbol id="sm-520">
         <name>__aeabi_memset</name>
         <value>0x2ec3</value>
         <object_component_ref idref="oc-b6"/>
      </symbol>
      <symbol id="sm-521">
         <name>memset</name>
         <value>0x2ec9</value>
         <object_component_ref idref="oc-b6"/>
      </symbol>
      <symbol id="sm-522">
         <name>__aeabi_memset8</name>
         <value>0x2ec3</value>
         <object_component_ref idref="oc-b6"/>
      </symbol>
      <symbol id="sm-523">
         <name>__aeabi_memset4</name>
         <value>0x2ec3</value>
         <object_component_ref idref="oc-b6"/>
      </symbol>
      <symbol id="sm-524">
         <name>__aeabi_memclr8</name>
         <value>0x2ec1</value>
         <object_component_ref idref="oc-b6"/>
      </symbol>
      <symbol id="sm-525">
         <name>__aeabi_memclr4</name>
         <value>0x2ec1</value>
         <object_component_ref idref="oc-b6"/>
      </symbol>
      <symbol id="sm-526">
         <name>__aeabi_memclr</name>
         <value>0x2ec1</value>
         <object_component_ref idref="oc-b6"/>
      </symbol>
      <symbol id="sm-541">
         <name>memcpy</name>
         <value>0x2d99</value>
         <object_component_ref idref="oc-46"/>
      </symbol>
      <symbol id="sm-542">
         <name>__aeabi_memcpy</name>
         <value>0x2d99</value>
         <object_component_ref idref="oc-46"/>
      </symbol>
      <symbol id="sm-543">
         <name>__aeabi_memcpy8</name>
         <value>0x2d99</value>
         <object_component_ref idref="oc-46"/>
      </symbol>
      <symbol id="sm-544">
         <name>__aeabi_memcpy4</name>
         <value>0x2d99</value>
         <object_component_ref idref="oc-46"/>
      </symbol>
      <symbol id="sm-55b">
         <name>__TI_zero_init</name>
         <value>0x333b</value>
         <object_component_ref idref="oc-58"/>
      </symbol>
      <symbol id="sm-572">
         <name>__TI_decompress_none</name>
         <value>0x332d</value>
         <object_component_ref idref="oc-1b"/>
      </symbol>
      <symbol id="sm-595">
         <name>__TI_decompress_lzss</name>
         <value>0x2f3b</value>
         <object_component_ref idref="oc-15"/>
      </symbol>
      <symbol id="sm-5ba">
         <name>rand</name>
         <value>0x3235</value>
         <object_component_ref idref="oc-16d"/>
      </symbol>
      <symbol id="sm-5bb">
         <name>srand</name>
         <value>0x3295</value>
         <object_component_ref idref="oc-167"/>
      </symbol>
      <symbol id="sm-5ce">
         <name>__stack</name>
         <value>0x2000c600</value>
         <object_component_ref idref="oc-24"/>
      </symbol>
      <symbol id="sm-5cf">
         <name>_c_int00_noargs</name>
         <value>0x3201</value>
         <object_component_ref idref="oc-64"/>
      </symbol>
      <symbol id="sm-5e7">
         <name>__time32</name>
         <value>0x331f</value>
         <object_component_ref idref="oc-161"/>
      </symbol>
      <symbol id="sm-5e8">
         <name>time</name>
         <value>0x331f</value>
         <object_component_ref idref="oc-161"/>
      </symbol>
      <symbol id="sm-5f2">
         <name>__aeabi_idiv0</name>
         <value>0x3361</value>
         <object_component_ref idref="oc-273"/>
      </symbol>
      <symbol id="sm-5f3">
         <name>__aeabi_ldiv0</name>
         <value>0x3361</value>
         <object_component_ref idref="oc-273"/>
      </symbol>
      <symbol id="sm-61b">
         <name>__TI_auto_init_nobinit_nopinit</name>
         <value>0x30dd</value>
         <object_component_ref idref="oc-188"/>
      </symbol>
      <symbol id="sm-625">
         <name>_system_pre_init</name>
         <value>0x3359</value>
         <object_component_ref idref="oc-bc"/>
      </symbol>
      <symbol id="sm-631">
         <name>C$$EXIT</name>
         <value>0x335d</value>
         <object_component_ref idref="oc-17c"/>
      </symbol>
      <symbol id="sm-632">
         <name>abort</name>
         <value>0x335d</value>
         <object_component_ref idref="oc-17c"/>
      </symbol>
      <symbol id="sm-647">
         <name>_nop</name>
         <value>0x2ccb</value>
         <object_component_ref idref="oc-30f"/>
      </symbol>
      <symbol id="sm-648">
         <name>_lock</name>
         <value>0x2000c830</value>
         <object_component_ref idref="oc-26a"/>
      </symbol>
      <symbol id="sm-649">
         <name>_unlock</name>
         <value>0x2000c834</value>
         <object_component_ref idref="oc-26a"/>
      </symbol>
      <symbol id="sm-662">
         <name>HOSTtime</name>
         <value>0x304d</value>
         <object_component_ref idref="oc-25d"/>
      </symbol>
      <symbol id="sm-686">
         <name>__TI_readmsg</name>
         <value>0x31cd</value>
         <object_component_ref idref="oc-2f9"/>
      </symbol>
      <symbol id="sm-687">
         <name>C$$IO$$</name>
         <value>0x318f</value>
         <object_component_ref idref="oc-2f3"/>
      </symbol>
      <symbol id="sm-688">
         <name>__CIOBUF_</name>
         <value>0x2000c350</value>
         <object_component_ref idref="oc-34a"/>
      </symbol>
      <symbol id="sm-689">
         <name>__TI_writemsg</name>
         <value>0x3161</value>
         <object_component_ref idref="oc-2f3"/>
      </symbol>
      <symbol id="sm-68f">
         <name>parmbuf</name>
         <value>0x2000c5ec</value>
      </symbol>
      <symbol id="sm-6ee">
         <name>GPIOPinConfigure</name>
         <value>0x3001</value>
         <object_component_ref idref="oc-131"/>
      </symbol>
      <symbol id="sm-6ef">
         <name>GPIOPinTypeUART</name>
         <value>0x3309</value>
         <object_component_ref idref="oc-137"/>
      </symbol>
      <symbol id="sm-6f0">
         <name>GPIOPinTypeGPIOOutput</name>
         <value>0x32d9</value>
         <object_component_ref idref="oc-15b"/>
      </symbol>
      <symbol id="sm-6f1">
         <name>GPIODirModeSet</name>
         <value>0x3269</value>
         <object_component_ref idref="oc-215"/>
      </symbol>
      <symbol id="sm-6f2">
         <name>GPIOPadConfigSet</name>
         <value>0x2899</value>
         <object_component_ref idref="oc-21b"/>
      </symbol>
      <symbol id="sm-6f3">
         <name>GPIOPinTypeEthernetLED</name>
         <value>0x32f3</value>
         <object_component_ref idref="oc-24f"/>
      </symbol>
      <symbol id="sm-762">
         <name>SysCtlPeripheralEnable</name>
         <value>0x3199</value>
         <object_component_ref idref="oc-12b"/>
      </symbol>
      <symbol id="sm-763">
         <name>SysCtlClockFreqSet</name>
         <value>0x24d5</value>
         <object_component_ref idref="oc-149"/>
      </symbol>
      <symbol id="sm-770">
         <name>UARTClockSourceSet</name>
         <value>0x3353</value>
         <object_component_ref idref="oc-13d"/>
      </symbol>
      <symbol id="sm-772">
         <name>__TI_static_base__</name>
         <value>0x0</value>
      </symbol>
      <symbol id="sm-775">
         <name>__mpu_init</name>
         <value>0x0</value>
      </symbol>
      <symbol id="sm-776">
         <name>_system_post_cinit</name>
         <value>0x0</value>
      </symbol>
   </symbol_table>
   <title>Link successful</title>
</link_info>
