******************************************************************************
                  TI ARM Linker PC v20.2.4                     
******************************************************************************
>> Linked Wed Oct 11 16:31:23 2023

OUTPUT FILE NAME:   <Lab6_Assignment_2.out>
ENTRY POINT SYMBOL: "_c_int00_noargs"  address: 00003249


MEMORY CONFIGURATION

         name            origin    length      used     unused   attr    fill
----------------------  --------  ---------  --------  --------  ----  --------
  FLASH                 00000000   00100000  000036dc  000fc924  R  X
  SRAM                  20000000   00040000  0000c738  000338c8  RW X


SEGMENT ALLOCATION MAP

run origin  load origin   length   init length attrs members
----------  ----------- ---------- ----------- ----- -------
00000000    00000000    000036e0   000036e0    r-x
  00000000    00000000    00000208   00000208    r-- .intvecs
  00000208    00000208    00003194   00003194    r-x .text
  0000339c    0000339c    00000300   00000300    r-- .const
  000036a0    000036a0    00000040   00000040    r-- .cinit
20000000    20000000    0000c738   00000000    rw-
  20000000    20000000    0000c4e0   00000000    rw- .bss
  2000c4e0    2000c4e0    00000200   00000000    rw- .stack
  2000c6e0    2000c6e0    00000058   00000000    rw- .data


SECTION ALLOCATION MAP

 output                                  attributes/
section   page    origin      length       input sections
--------  ----  ----------  ----------   ----------------
.intvecs   0    00000000    00000208     
                  00000000    00000208     tm4c129encpdt_startup_ccs.obj (.intvecs)

.text      0    00000208    00003194     
                  00000208    00001180     tasks.obj (.text)
                  00001388    000006c4     queue.obj (.text)
                  00001a4c    00000408     uartstdio.obj (.text)
                  00001e54    0000038c     timers.obj (.text)
                  000021e0    000002f4     pinout.obj (.text)
                  000024d4    000002c0     main.obj (.text)
                  00002794    00000200     driverlib.lib : sysctl.obj (.text:SysCtlClockFreqSet)
                  00002994    0000016c                   : gpio.obj (.text:GPIOPadConfigSet)
                  00002b00    00000118     heap_2.obj (.text)
                  00002c18    000000dc     port.obj (.text)
                  00002cf4    000000d2     portasm.obj (.text)
                  00002dc6    00000002     rtsv7M4_T_le_v4SPD16_eabi.lib : _lock.c.obj (.text:_nop)
                  00002dc8    000000cc     buttons.obj (.text)
                  00002e94    0000009c     rtsv7M4_T_le_v4SPD16_eabi.lib : memcpy_t2.asm.obj (.text)
                  00002f30    0000008c     list.obj (.text)
                  00002fbc    0000007a     rtsv7M4_T_le_v4SPD16_eabi.lib : memset_t2.asm.obj (.text)
                  00003036    00000068                                   : copy_decompress_lzss.c.obj (.text:decompress:lzss:__TI_decompress_lzss)
                  0000309e    0000005e                                   : i_divt2.asm.obj (.text)
                  000030fc    0000004c     driverlib.lib : gpio.obj (.text:GPIOPinConfigure)
                  00003148    00000048                   : sysctl.obj (.text:_SysCtlFrequencyGet)
                  00003190    00000044     rtsv7M4_T_le_v4SPD16_eabi.lib : autoinit.c.obj (.text:__TI_auto_init_nobinit_nopinit:__TI_auto_init_nobinit_nopinit)
                  000031d4    00000040                                   : u_divt2.asm.obj (.text)
                  00003214    00000034     driverlib.lib : sysctl.obj (.text:SysCtlPeripheralEnable)
                  00003248    00000034     rtsv7M4_T_le_v4SPD16_eabi.lib : boot_cortex_m.c.obj (.text:_c_int00_noargs:_c_int00_noargs)
                  0000327c    00000034                                   : rand.c.obj (.text:rand)
                  000032b0    0000002c     driverlib.lib : gpio.obj (.text:GPIODirModeSet)
                  000032dc    00000024     rtsv7M4_T_le_v4SPD16_eabi.lib : rand.c.obj (.text:srand)
                  00003300    00000020     driverlib.lib : sysctl.obj (.text:_SysCtlMemTimingGet)
                  00003320    0000001a                   : gpio.obj (.text:GPIOPinTypeGPIOOutput)
                  0000333a    00000016                   : gpio.obj (.text:GPIOPinTypeEthernetLED)
                  00003350    00000016                   : gpio.obj (.text:GPIOPinTypeUART)
                  00003366    0000000e     rtsv7M4_T_le_v4SPD16_eabi.lib : copy_decompress_none.c.obj (.text:decompress:none:__TI_decompress_none)
                  00003374    0000000c                                   : copy_zero_init.c.obj (.text:decompress:ZI:__TI_zero_init)
                  00003380    0000000c     tm4c129encpdt_startup_ccs.obj (.text)
                  0000338c    00000006     driverlib.lib : uart.obj (.text:UARTClockSourceSet)
                  00003392    00000004     rtsv7M4_T_le_v4SPD16_eabi.lib : pre_init.c.obj (.text:_system_pre_init)
                  00003396    00000004                                   : exit.c.obj (.text:abort:abort)
                  0000339a    00000002                                   : div0.asm.obj (.text)

.const     0    0000339c    00000300     
                  0000339c    000001b0     driverlib.lib : sysctl.obj (.const:g_pppui32XTALtoVCO)
                  0000354c    00000090                   : gpio.obj (.const:g_pui32GPIOBaseAddrs)
                  000035dc    0000006c                   : sysctl.obj (.const:g_pui32Xtals)
                  00003648    00000030                   : sysctl.obj (.const:g_sXTALtoMEMTIM)
                  00003678    0000000c     uartstdio.obj (.const:g_ui32UARTBase)
                  00003684    0000000c     uartstdio.obj (.const:g_ui32UARTPeriph)
                  00003690    00000008     driverlib.lib : sysctl.obj (.const:g_pui32VCOFrequencies)
                  00003698    00000004     port.obj (.const)

.cinit     0    000036a0    00000040     
                  000036a0    0000001b     (.cinit..data.load) [load image, compression = lzss]
                  000036bb    00000001     --HOLE-- [fill = 0]
                  000036bc    0000000c     (__TI_handler_table)
                  000036c8    00000008     (.cinit..bss.load) [load image, compression = zero_init]
                  000036d0    00000010     (__TI_cinit_table)

.init_array 
*          0    00000000    00000000     UNINITIALIZED

.bss       0    20000000    0000c4e0     UNINITIALIZED
                  20000000    0000c350     heap_2.obj (.bss:ucHeap)
                  2000c350    00000064     tasks.obj (.bss:pxReadyTasksLists)
                  2000c3b4    00000040     (.common:xQueueRegistry)
                  2000c3f4    0000002c     (.common:gData)
                  2000c420    00000014     timers.obj (.bss:xActiveTimerList1)
                  2000c434    00000014     timers.obj (.bss:xActiveTimerList2)
                  2000c448    00000014     tasks.obj (.bss:xDelayedTaskList1)
                  2000c45c    00000014     tasks.obj (.bss:xDelayedTaskList2)
                  2000c470    00000014     tasks.obj (.bss:xPendingReadyList)
                  2000c484    00000014     tasks.obj (.bss:xSuspendedTaskList)
                  2000c498    00000014     tasks.obj (.bss:xTasksWaitingTermination)
                  2000c4ac    00000008     tasks.obj (.bss)
                  2000c4b4    00000008     timers.obj (.bss)
                  2000c4bc    00000008     heap_2.obj (.bss:xEnd)
                  2000c4c4    00000008     heap_2.obj (.bss:xStart)
                  2000c4cc    00000004     (.common:gConsumerTask)
                  2000c4d0    00000004     (.common:gProducerTask)
                  2000c4d4    00000004     (.common:semEmpty)
                  2000c4d8    00000004     (.common:semFull)
                  2000c4dc    00000004     (.common:semMutex)

.data      0    2000c6e0    00000058     UNINITIALIZED
                  2000c6e0    00000030     tasks.obj (.data)
                  2000c710    00000008     rtsv7M4_T_le_v4SPD16_eabi.lib : _lock.c.obj (.data:$O1$$)
                  2000c718    00000008     heap_2.obj (.data)
                  2000c720    00000008     timers.obj (.data)
                  2000c728    00000005     uartstdio.obj (.data)
                  2000c72d    00000003     buttons.obj (.data)
                  2000c730    00000004     port.obj (.data)
                  2000c734    00000004     rtsv7M4_T_le_v4SPD16_eabi.lib : rand.c.obj (.data)

.stack     0    2000c4e0    00000200     UNINITIALIZED
                  2000c4e0    00000004     rtsv7M4_T_le_v4SPD16_eabi.lib : boot_cortex_m.c.obj (.stack)
                  2000c4e4    000001fc     --HOLE--

__llvm_prf_cnts 
*          0    20000000    00000000     UNINITIALIZED

MODULE SUMMARY

       Module                          code    ro data   rw data
       ------                          ----    -------   -------
    .\
       main.obj                        704     0         64     
       tm4c129encpdt_startup_ccs.obj   12      520       0      
    +--+-------------------------------+-------+---------+---------+
       Total:                          716     520       64     
                                                                
    .\Drivers\
       uartstdio.obj                   1032    24        5      
       pinout.obj                      756     0         0      
       buttons.obj                     204     0         3      
    +--+-------------------------------+-------+---------+---------+
       Total:                          1992    24        8      
                                                                
    .\FreeRTOS\
       tasks.obj                       4480    0         256    
       queue.obj                       1732    0         64     
       timers.obj                      908     0         56     
       list.obj                        140     0         0      
    +--+-------------------------------+-------+---------+---------+
       Total:                          7260    0         376    
                                                                
    .\FreeRTOS\portable\CCS\ARM_CM4F\
       port.obj                        220     4         4      
       portasm.obj                     210     0         0      
    +--+-------------------------------+-------+---------+---------+
       Total:                          430     4         4      
                                                                
    .\FreeRTOS\portable\MemMang\
       heap_2.obj                      280     0         50024  
    +--+-------------------------------+-------+---------+---------+
       Total:                          280     0         50024  
                                                                
    C:/ti/TivaWare_C_Series-2.2.0.295/driverlib/ccs/Debug/driverlib.lib
       sysctl.obj                      668     596       0      
       gpio.obj                        554     144       0      
       uart.obj                        6       0         0      
    +--+-------------------------------+-------+---------+---------+
       Total:                          1228    740       0      
                                                                
    C:\ti\ccs1031\ccs\tools\compiler\ti-cgt-arm_20.2.4.LTS\lib\rtsv7M4_T_le_v4SPD16_eabi.lib
       memcpy_t2.asm.obj               156     0         0      
       memset_t2.asm.obj               122     0         0      
       copy_decompress_lzss.c.obj      104     0         0      
       i_divt2.asm.obj                 94      0         0      
       rand.c.obj                      88      0         4      
       autoinit.c.obj                  68      0         0      
       u_divt2.asm.obj                 64      0         0      
       boot_cortex_m.c.obj             52      0         0      
       copy_decompress_none.c.obj      14      0         0      
       copy_zero_init.c.obj            12      0         0      
       _lock.c.obj                     2       0         8      
       exit.c.obj                      4       0         0      
       pre_init.c.obj                  4       0         0      
       div0.asm.obj                    2       0         0      
    +--+-------------------------------+-------+---------+---------+
       Total:                          786     0         12     
                                                                
       Stack:                          0       0         512    
       Linker Generated:               0       63        0      
    +--+-------------------------------+-------+---------+---------+
       Grand Total:                    12692   1351      51000  


LINKER GENERATED COPY TABLES

__TI_cinit_table @ 000036d0 records: 2, size/record: 8, table size: 16
	.data: load addr=000036a0, load size=0000001b bytes, run addr=2000c6e0, run size=00000058 bytes, compression=lzss
	.bss: load addr=000036c8, load size=00000008 bytes, run addr=20000000, run size=0000c4e0 bytes, compression=zero_init


LINKER GENERATED HANDLER TABLE

__TI_handler_table @ 000036bc records: 3, size/record: 4, table size: 12
	index: 0, handler: __TI_decompress_lzss
	index: 1, handler: __TI_decompress_none
	index: 2, handler: __TI_zero_init


GLOBAL SYMBOLS: SORTED ALPHABETICALLY BY Name 

address   name                             
-------   ----                             
00002e3d  ButtonsInit                      
00002dc9  ButtonsPoll                      
00003397  C$$EXIT                          
000024d5  ConfigureUART                    
00002637  Consumer                         
000032b1  GPIODirModeSet                   
00002995  GPIOPadConfigSet                 
000030fd  GPIOPinConfigure                 
0000333b  GPIOPinTypeEthernetLED           
00003321  GPIOPinTypeGPIOOutput            
00003351  GPIOPinTypeUART                  
00002433  LEDRead                          
000023bd  LEDWrite                         
000021e1  PinoutSet                        
0000259d  Producer                         
00003381  ResetISR                         
00002511  SetClockFrequency                
00002795  SysCtlClockFreqSet               
00003215  SysCtlPeripheralEnable           
0000338d  UARTClockSourceSet               
00001dad  UARTStdioConfig                  
00001d99  UARTgetc                         
00001ca9  UARTgets                         
00001c8f  UARTprintf                       
00001ab3  UARTvprintf                      
00001a4d  UARTwrite                        
2000c6e0  __STACK_END                      
00000200  __STACK_SIZE                     
2000c6e0  __STACK_TOP                      
000036d0  __TI_CINIT_Base                  
000036e0  __TI_CINIT_Limit                 
000036bc  __TI_Handler_Table_Base          
000036c8  __TI_Handler_Table_Limit         
00003191  __TI_auto_init_nobinit_nopinit   
00003037  __TI_decompress_lzss             
00003367  __TI_decompress_none             
ffffffff  __TI_pprof_out_hndl              
ffffffff  __TI_prof_data_size              
ffffffff  __TI_prof_data_start             
00000000  __TI_static_base__               
00003375  __TI_zero_init                   
0000309f  __aeabi_idiv                     
0000339b  __aeabi_idiv0                    
0000309f  __aeabi_idivmod                  
0000339b  __aeabi_ldiv0                    
00002fbd  __aeabi_memclr                   
00002fbd  __aeabi_memclr4                  
00002fbd  __aeabi_memclr8                  
00002e95  __aeabi_memcpy                   
00002e95  __aeabi_memcpy4                  
00002e95  __aeabi_memcpy8                  
00002fbf  __aeabi_memset                   
00002fbf  __aeabi_memset4                  
00002fbf  __aeabi_memset8                  
000031d5  __aeabi_uidiv                    
000031d5  __aeabi_uidivmod                 
ffffffff  __binit__                        
ffffffff  __c_args__                       
0000259b  __error__                        
UNDEFED   __mpu_init                       
2000c4e0  __stack                          
20000000  __start___llvm_prf_cnts          
20000000  __stop___llvm_prf_cnts           
00003249  _c_int00_noargs                  
2000c710  _lock                            
00002dc7  _nop                             
UNDEFED   _system_post_cinit               
00003393  _system_pre_init                 
2000c714  _unlock                          
00003397  abort                            
ffffffff  binit                            
2000c4cc  gConsumerTask                    
2000c3f4  gData                            
2000c4d0  gProducerTask                    
00000000  g_pfnVectors                     
00002519  main                             
00002e95  memcpy                           
00002fc5  memset                           
000021b9  pcTimerGetTimerName              
00002b69  pvPortMalloc                     
000012bf  pvTaskIncrementMutexHeldCount    
00001f6b  pvTimerGetTimerID                
2000c6e0  pxCurrentTCB                     
00002caf  pxPortInitialiseStack            
0000327d  rand                             
2000c4d4  semEmpty                         
2000c4d8  semFull                          
2000c4dc  semMutex                         
000032dd  srand                            
00001a3f  ucQueueGetQueueType              
00003698  ulMaxSyscallInterruptPriority    
00002d05  ulPortGetIPSR                    
00001231  ulTaskNotifyTake                 
00002f9d  uxListRemove                     
00001a3b  uxQueueGetQueueNumber            
00001a29  uxQueueMessagesWaiting           
00001a25  uxQueueMessagesWaitingFromISR    
00001a11  uxQueueSpacesAvailable           
00001211  uxTaskGetNumberOfTasks           
0000118d  uxTaskGetSystemState             
000010e5  uxTaskGetTaskNumber              
000010c9  uxTaskPriorityGet                
000010a9  uxTaskPriorityGetFromISR         
00001095  uxTaskResetEventItemValue        
00002f87  vListInitialise                  
00002f81  vListInitialiseItem              
00002f49  vListInsert                      
00002f31  vListInsertEnd                   
00002db9  vPortEnableVFP                   
00002cad  vPortEndScheduler                
00002c95  vPortEnterCritical               
00002c83  vPortExitCritical                
00002b09  vPortFree                        
00002b07  vPortInitialiseBlocks            
00002d7d  vPortSVCHandler                  
00002c3f  vPortSetupTimerInterrupt         
00002d9d  vPortStartFirstTask              
000019f5  vQueueAddToRegistry              
000019e5  vQueueDelete                     
000019e1  vQueueSetQueueNumber             
000019c7  vQueueUnregisterQueue            
00001987  vQueueWaitForMessageRestricted   
00001049  vTaskDelay                       
00000fcb  vTaskDelayUntil                  
00000f39  vTaskDelete                      
00000f21  vTaskEndScheduler                
00000f19  vTaskMissedYield                 
00000e99  vTaskNotifyGiveFromISR           
00000e35  vTaskPlaceOnEventList            
00000dd5  vTaskPlaceOnEventListRestricted  
00000d71  vTaskPlaceOnUnorderedEventList   
00000ced  vTaskPriorityInherit             
00000c1d  vTaskPrioritySet                 
00000bb1  vTaskResume                      
00000b95  vTaskSetTaskNumber               
000009f9  vTaskSetTimeOutState             
00000b47  vTaskStartScheduler              
00000ab5  vTaskSuspend                     
00000aa5  vTaskSuspendAll                  
00000a53  vTaskSwitchContext               
00001f55  vTimerSetTimerID                 
00002b01  xPortGetFreeHeapSize             
00002d1d  xPortPendSVHandler               
00002c4b  xPortStartScheduler              
00002c19  xPortSysTickHandler              
00001973  xQueueCreateCountingSemaphore    
00001925  xQueueCreateMutex                
000018e9  xQueueGenericCreate              
0000142b  xQueueGenericReceive             
0000186b  xQueueGenericReset               
000016a3  xQueueGenericSend                
0000180f  xQueueGenericSendFromISR         
000017b9  xQueueGiveFromISR                
0000178d  xQueueGiveMutexRecursive         
00001609  xQueueIsQueueEmptyFromISR        
000015fb  xQueueIsQueueFullFromISR         
000015c9  xQueuePeekFromISR                
0000156d  xQueueReceiveFromISR             
2000c3b4  xQueueRegistry                   
0000153d  xQueueTakeMutexRecursive         
00000a07  xTaskCheckForTimeOut             
0000090d  xTaskGenericCreate               
00000791  xTaskGenericNotify               
000006e1  xTaskGenericNotifyFromISR        
000006d5  xTaskGetCurrentTaskHandle        
000006bd  xTaskGetSchedulerState           
000006b1  xTaskGetTickCount                
000006ab  xTaskGetTickCountFromISR         
000002ad  xTaskIncrementTick               
00000681  xTaskNotifyStateClear            
000005c5  xTaskNotifyWait                  
000004f9  xTaskPriorityDisinherit          
00000495  xTaskRemoveFromEventList         
00000445  xTaskRemoveFromUnorderedEventList
00000389  xTaskResumeAll                   
00000223  xTaskResumeFromISR               
00001f1b  xTimerCreate                     
00001ee9  xTimerCreateTimerTask            
00001e6d  xTimerGenericCommand             
00001e55  xTimerIsTimerActive              


GLOBAL SYMBOLS: SORTED BY Symbol Address 

address   name                             
-------   ----                             
00000000  __TI_static_base__               
00000000  g_pfnVectors                     
00000200  __STACK_SIZE                     
00000223  xTaskResumeFromISR               
000002ad  xTaskIncrementTick               
00000389  xTaskResumeAll                   
00000445  xTaskRemoveFromUnorderedEventList
00000495  xTaskRemoveFromEventList         
000004f9  xTaskPriorityDisinherit          
000005c5  xTaskNotifyWait                  
00000681  xTaskNotifyStateClear            
000006ab  xTaskGetTickCountFromISR         
000006b1  xTaskGetTickCount                
000006bd  xTaskGetSchedulerState           
000006d5  xTaskGetCurrentTaskHandle        
000006e1  xTaskGenericNotifyFromISR        
00000791  xTaskGenericNotify               
0000090d  xTaskGenericCreate               
000009f9  vTaskSetTimeOutState             
00000a07  xTaskCheckForTimeOut             
00000a53  vTaskSwitchContext               
00000aa5  vTaskSuspendAll                  
00000ab5  vTaskSuspend                     
00000b47  vTaskStartScheduler              
00000b95  vTaskSetTaskNumber               
00000bb1  vTaskResume                      
00000c1d  vTaskPrioritySet                 
00000ced  vTaskPriorityInherit             
00000d71  vTaskPlaceOnUnorderedEventList   
00000dd5  vTaskPlaceOnEventListRestricted  
00000e35  vTaskPlaceOnEventList            
00000e99  vTaskNotifyGiveFromISR           
00000f19  vTaskMissedYield                 
00000f21  vTaskEndScheduler                
00000f39  vTaskDelete                      
00000fcb  vTaskDelayUntil                  
00001049  vTaskDelay                       
00001095  uxTaskResetEventItemValue        
000010a9  uxTaskPriorityGetFromISR         
000010c9  uxTaskPriorityGet                
000010e5  uxTaskGetTaskNumber              
0000118d  uxTaskGetSystemState             
00001211  uxTaskGetNumberOfTasks           
00001231  ulTaskNotifyTake                 
000012bf  pvTaskIncrementMutexHeldCount    
0000142b  xQueueGenericReceive             
0000153d  xQueueTakeMutexRecursive         
0000156d  xQueueReceiveFromISR             
000015c9  xQueuePeekFromISR                
000015fb  xQueueIsQueueFullFromISR         
00001609  xQueueIsQueueEmptyFromISR        
000016a3  xQueueGenericSend                
0000178d  xQueueGiveMutexRecursive         
000017b9  xQueueGiveFromISR                
0000180f  xQueueGenericSendFromISR         
0000186b  xQueueGenericReset               
000018e9  xQueueGenericCreate              
00001925  xQueueCreateMutex                
00001973  xQueueCreateCountingSemaphore    
00001987  vQueueWaitForMessageRestricted   
000019c7  vQueueUnregisterQueue            
000019e1  vQueueSetQueueNumber             
000019e5  vQueueDelete                     
000019f5  vQueueAddToRegistry              
00001a11  uxQueueSpacesAvailable           
00001a25  uxQueueMessagesWaitingFromISR    
00001a29  uxQueueMessagesWaiting           
00001a3b  uxQueueGetQueueNumber            
00001a3f  ucQueueGetQueueType              
00001a4d  UARTwrite                        
00001ab3  UARTvprintf                      
00001c8f  UARTprintf                       
00001ca9  UARTgets                         
00001d99  UARTgetc                         
00001dad  UARTStdioConfig                  
00001e55  xTimerIsTimerActive              
00001e6d  xTimerGenericCommand             
00001ee9  xTimerCreateTimerTask            
00001f1b  xTimerCreate                     
00001f55  vTimerSetTimerID                 
00001f6b  pvTimerGetTimerID                
000021b9  pcTimerGetTimerName              
000021e1  PinoutSet                        
000023bd  LEDWrite                         
00002433  LEDRead                          
000024d5  ConfigureUART                    
00002511  SetClockFrequency                
00002519  main                             
0000259b  __error__                        
0000259d  Producer                         
00002637  Consumer                         
00002795  SysCtlClockFreqSet               
00002995  GPIOPadConfigSet                 
00002b01  xPortGetFreeHeapSize             
00002b07  vPortInitialiseBlocks            
00002b09  vPortFree                        
00002b69  pvPortMalloc                     
00002c19  xPortSysTickHandler              
00002c3f  vPortSetupTimerInterrupt         
00002c4b  xPortStartScheduler              
00002c83  vPortExitCritical                
00002c95  vPortEnterCritical               
00002cad  vPortEndScheduler                
00002caf  pxPortInitialiseStack            
00002d05  ulPortGetIPSR                    
00002d1d  xPortPendSVHandler               
00002d7d  vPortSVCHandler                  
00002d9d  vPortStartFirstTask              
00002db9  vPortEnableVFP                   
00002dc7  _nop                             
00002dc9  ButtonsPoll                      
00002e3d  ButtonsInit                      
00002e95  __aeabi_memcpy                   
00002e95  __aeabi_memcpy4                  
00002e95  __aeabi_memcpy8                  
00002e95  memcpy                           
00002f31  vListInsertEnd                   
00002f49  vListInsert                      
00002f81  vListInitialiseItem              
00002f87  vListInitialise                  
00002f9d  uxListRemove                     
00002fbd  __aeabi_memclr                   
00002fbd  __aeabi_memclr4                  
00002fbd  __aeabi_memclr8                  
00002fbf  __aeabi_memset                   
00002fbf  __aeabi_memset4                  
00002fbf  __aeabi_memset8                  
00002fc5  memset                           
00003037  __TI_decompress_lzss             
0000309f  __aeabi_idiv                     
0000309f  __aeabi_idivmod                  
000030fd  GPIOPinConfigure                 
00003191  __TI_auto_init_nobinit_nopinit   
000031d5  __aeabi_uidiv                    
000031d5  __aeabi_uidivmod                 
00003215  SysCtlPeripheralEnable           
00003249  _c_int00_noargs                  
0000327d  rand                             
000032b1  GPIODirModeSet                   
000032dd  srand                            
00003321  GPIOPinTypeGPIOOutput            
0000333b  GPIOPinTypeEthernetLED           
00003351  GPIOPinTypeUART                  
00003367  __TI_decompress_none             
00003375  __TI_zero_init                   
00003381  ResetISR                         
0000338d  UARTClockSourceSet               
00003393  _system_pre_init                 
00003397  C$$EXIT                          
00003397  abort                            
0000339b  __aeabi_idiv0                    
0000339b  __aeabi_ldiv0                    
00003698  ulMaxSyscallInterruptPriority    
000036bc  __TI_Handler_Table_Base          
000036c8  __TI_Handler_Table_Limit         
000036d0  __TI_CINIT_Base                  
000036e0  __TI_CINIT_Limit                 
20000000  __start___llvm_prf_cnts          
20000000  __stop___llvm_prf_cnts           
2000c3b4  xQueueRegistry                   
2000c3f4  gData                            
2000c4cc  gConsumerTask                    
2000c4d0  gProducerTask                    
2000c4d4  semEmpty                         
2000c4d8  semFull                          
2000c4dc  semMutex                         
2000c4e0  __stack                          
2000c6e0  __STACK_END                      
2000c6e0  __STACK_TOP                      
2000c6e0  pxCurrentTCB                     
2000c710  _lock                            
2000c714  _unlock                          
ffffffff  __TI_pprof_out_hndl              
ffffffff  __TI_prof_data_size              
ffffffff  __TI_prof_data_start             
ffffffff  __binit__                        
ffffffff  __c_args__                       
ffffffff  binit                            
UNDEFED   __mpu_init                       
UNDEFED   _system_post_cinit               

[180 symbols]
