******************************************************************************
                  TI ARM Linker PC v20.2.4                     
******************************************************************************
>> Linked Tue Oct  3 13:33:31 2023

OUTPUT FILE NAME:   <lab3_DVA454.out>
ENTRY POINT SYMBOL: "_c_int00_noargs"  address: 00001601


MEMORY CONFIGURATION

         name            origin    length      used     unused   attr    fill
----------------------  --------  ---------  --------  --------  ----  --------
  FLASH                 00000000   00100000  00001bf0  000fe410  R  X
  SRAM                  20000000   00040000  00000481  0003fb7f  RW X


SEGMENT ALLOCATION MAP

run origin  load origin   length   init length attrs members
----------  ----------- ---------- ----------- ----- -------
00000000    00000000    00001bf0   00001bf0    r-x
  00000000    00000000    00000208   00000208    r-- .intvecs
  00000208    00000208    00001500   00001500    r-x .text
  00001708    00001708    000004a8   000004a8    r-- .const
  00001bb0    00001bb0    00000040   00000040    r-- .cinit
20000000    20000000    00000485   00000000    rw-
  20000000    20000000    0000026c   00000000    rw- .vtable
  20000270    20000270    00000200   00000000    rw- .stack
  20000470    20000470    00000010   00000000    rw- .bss
  20000480    20000480    00000005   00000000    rw- .data


SECTION ALLOCATION MAP

 output                                  attributes/
section   page    origin      length       input sections
--------  ----  ----------  ----------   ----------------
.intvecs   0    00000000    00000208     
                  00000000    00000208     tm4c129encpdt_startup_ccs.obj (.intvecs)

.text      0    00000208    00001500     
                  00000208    00000368     main.obj (.text)
                  00000570    00000358     uartstdio.obj (.text)
                  000008c8    000002f0     timer.obj (.text)
                  00000bb8    000002a4     interrupt.obj (.text)
                  00000e5c    00000200     driverlib.lib : sysctl.obj (.text:SysCtlClockFreqSet)
                  0000105c    000001b0     stopwatch.obj (.text)
                  0000120c    0000016c     driverlib.lib : gpio.obj (.text:GPIOPadConfigSet)
                  00001378    0000009c     rtsv7M4_T_le_v4SPD16_eabi.lib : memcpy_t2.asm.obj (.text)
                  00001414    00000068                                   : copy_decompress_lzss.c.obj (.text:decompress:lzss:__TI_decompress_lzss)
                  0000147c    0000004c     driverlib.lib : gpio.obj (.text:GPIOPinConfigure)
                  000014c8    00000048                   : sysctl.obj (.text:_SysCtlFrequencyGet)
                  00001510    00000044     rtsv7M4_T_le_v4SPD16_eabi.lib : autoinit.c.obj (.text:__TI_auto_init_nobinit_nopinit:__TI_auto_init_nobinit_nopinit)
                  00001554    00000040                                   : u_divt2.asm.obj (.text)
                  00001594    00000038     driverlib.lib : sysctl.obj (.text:SysCtlPeripheralReady)
                  000015cc    00000034                   : sysctl.obj (.text:SysCtlPeripheralEnable)
                  00001600    00000034     rtsv7M4_T_le_v4SPD16_eabi.lib : boot_cortex_m.c.obj (.text:_c_int00_noargs:_c_int00_noargs)
                  00001634    0000002c     driverlib.lib : gpio.obj (.text:GPIODirModeSet)
                  00001660    00000020                   : sysctl.obj (.text:_SysCtlMemTimingGet)
                  00001680    0000001c     rtsv7M4_T_le_v4SPD16_eabi.lib : copy_zero_init.c.obj (.text:decompress:ZI:__TI_zero_init_nomemset:__TI_zero_init_nomemset)
                  0000169c    00000016     driverlib.lib : gpio.obj (.text:GPIOPinTypeUART)
                  000016b2    0000000e     rtsv7M4_T_le_v4SPD16_eabi.lib : copy_decompress_none.c.obj (.text:decompress:none:__TI_decompress_none)
                  000016c0    0000000c     driverlib.lib : cpu.obj (.text:CPUcpsid)
                  000016cc    0000000c                   : cpu.obj (.text:CPUcpsie)
                  000016d8    0000000c     tm4c129encpdt_startup_ccs.obj (.text)
                  000016e4    0000000a     driverlib.lib : uart.obj (.text:UARTCharGet)
                  000016ee    0000000a                   : uart.obj (.text:UARTCharPut)
                  000016f8    00000006                   : uart.obj (.text:UARTClockSourceSet)
                  000016fe    00000004     rtsv7M4_T_le_v4SPD16_eabi.lib : pre_init.c.obj (.text:_system_pre_init)
                  00001702    00000004                                   : exit.c.obj (.text:abort:abort)
                  00001706    00000002                                   : div0.asm.obj (.text)

.const     0    00001708    000004a8     
                  00001708    000001b0     driverlib.lib : sysctl.obj (.const:g_pppui32XTALtoVCO)
                  000018b8    0000009c     interrupt.obj (.const:g_pui32Regs)
                  00001954    00000090     driverlib.lib : gpio.obj (.const:g_pui32GPIOBaseAddrs)
                  000019e4    0000006c                   : sysctl.obj (.const:g_pui32Xtals)
                  00001a50    00000060     timer.obj (.const:g_ppui32TimerIntMap)
                  00001ab0    00000040     timer.obj (.const:g_ppui32TimerIntMapSnowflake)
                  00001af0    00000030     driverlib.lib : sysctl.obj (.const:g_sXTALtoMEMTIM)
                  00001b20    00000020     interrupt.obj (.const:g_pui32Priority)
                  00001b40    00000014     interrupt.obj (.const:g_pui32Dii16Regs)
                  00001b54    00000014     interrupt.obj (.const:g_pui32EnRegs)
                  00001b68    00000014     interrupt.obj (.const:g_pui32PendRegs)
                  00001b7c    00000014     interrupt.obj (.const:g_pui32UnpendRegs)
                  00001b90    0000000c     uartstdio.obj (.const:g_ui32UARTBase)
                  00001b9c    0000000c     uartstdio.obj (.const:g_ui32UARTPeriph)
                  00001ba8    00000008     driverlib.lib : sysctl.obj (.const:g_pui32VCOFrequencies)

.cinit     0    00001bb0    00000040     
                  00001bb0    0000000c     (__TI_handler_table)
                  00001bbc    00000004     --HOLE-- [fill = 0]
                  00001bc0    00000008     (.cinit..bss.load) [load image, compression = zero_init]
                  00001bc8    00000008     (.cinit..vtable.load) [load image, compression = zero_init]
                  00001bd0    00000007     (.cinit..data.load) [load image, compression = lzss]
                  00001bd7    00000001     --HOLE-- [fill = 0]
                  00001bd8    00000018     (__TI_cinit_table)

.init_array 
*          0    00000000    00000000     UNINITIALIZED

.vtable    0    20000000    0000026c     UNINITIALIZED
                  20000000    0000026c     interrupt.obj (.vtable)

.bss       0    20000470    00000010     UNINITIALIZED
                  20000470    00000010     (.common:global_stopwatch)

.data      0    20000480    00000005     UNINITIALIZED
                  20000480    00000005     uartstdio.obj (.data)

.stack     0    20000270    00000200     UNINITIALIZED
                  20000270    00000004     rtsv7M4_T_le_v4SPD16_eabi.lib : boot_cortex_m.c.obj (.stack)
                  20000274    000001fc     --HOLE--

__llvm_prf_cnts 
*          0    20000000    00000000     UNINITIALIZED

MODULE SUMMARY

       Module                          code   ro data   rw data
       ------                          ----   -------   -------
    .\
       interrupt.obj                   676    268       620    
       timer.obj                       752    160       0      
       uartstdio.obj                   856    24        5      
       main.obj                        872    0         0      
       tm4c129encpdt_startup_ccs.obj   12     520       0      
       stopwatch.obj                   432    0         16     
    +--+-------------------------------+------+---------+---------+
       Total:                          3600   972       641    
                                                               
    C:/ti/TivaWare_C_Series-2.2.0.295/driverlib/ccs/Debug/driverlib.lib
       sysctl.obj                      724    596       0      
       gpio.obj                        506    144       0      
       uart.obj                        26     0         0      
       cpu.obj                         24     0         0      
    +--+-------------------------------+------+---------+---------+
       Total:                          1280   740       0      
                                                               
    C:\ti\ccs1031\ccs\tools\compiler\ti-cgt-arm_20.2.4.LTS\lib\rtsv7M4_T_le_v4SPD16_eabi.lib
       memcpy_t2.asm.obj               156    0         0      
       copy_decompress_lzss.c.obj      104    0         0      
       autoinit.c.obj                  68     0         0      
       u_divt2.asm.obj                 64     0         0      
       boot_cortex_m.c.obj             52     0         0      
       copy_zero_init.c.obj            28     0         0      
       copy_decompress_none.c.obj      14     0         0      
       exit.c.obj                      4      0         0      
       pre_init.c.obj                  4      0         0      
       div0.asm.obj                    2      0         0      
    +--+-------------------------------+------+---------+---------+
       Total:                          496    0         0      
                                                               
       Stack:                          0      0         512    
       Linker Generated:               0      59        0      
    +--+-------------------------------+------+---------+---------+
       Grand Total:                    5376   1771      1153   


LINKER GENERATED COPY TABLES

__TI_cinit_table @ 00001bd8 records: 3, size/record: 8, table size: 24
	.bss: load addr=00001bc0, load size=00000008 bytes, run addr=20000470, run size=00000010 bytes, compression=zero_init
	.vtable: load addr=00001bc8, load size=00000008 bytes, run addr=20000000, run size=0000026c bytes, compression=zero_init
	.data: load addr=00001bd0, load size=00000007 bytes, run addr=20000480, run size=00000005 bytes, compression=lzss


LINKER GENERATED HANDLER TABLE

__TI_handler_table @ 00001bb0 records: 3, size/record: 4, table size: 12
	index: 0, handler: __TI_zero_init
	index: 1, handler: __TI_decompress_lzss
	index: 2, handler: __TI_decompress_none


GLOBAL SYMBOLS: SORTED ALPHABETICALLY BY Name 

address   name                          
-------   ----                          
00001703  C$$EXIT                       
000016c1  CPUcpsid                      
000016cd  CPUcpsie                      
00000279  CharChange                    
00000227  ConfigureUART                 
00001635  GPIODirModeSet                
0000120d  GPIOPadConfigSet              
0000147d  GPIOPinConfigure              
0000169d  GPIOPinTypeUART               
0000027f  InitialTime                   
00000dc7  IntDisable                    
00000d6b  IntEnable                     
00000425  IntHandler                    
00000d13  IntIsEnabled                  
00000d03  IntMasterDisable              
00000cf3  IntMasterEnable               
00000cb5  IntPendClear                  
00000c69  IntPendSet                    
00000c4f  IntPriorityGet                
00000c29  IntPriorityGroupingGet        
00000c17  IntPriorityGroupingSet        
00000bf7  IntPrioritySet                
00000bcd  IntRegister                   
00000bc5  IntTrigger                    
00000bbb  IntUnregister                 
000016d9  ResetISR                      
00000e5d  SysCtlClockFreqSet            
000015cd  SysCtlPeripheralEnable        
00001595  SysCtlPeripheralReady         
00000b9d  TimerADCEventGet              
00000b99  TimerADCEventSet              
00000b93  TimerClockSourceGet           
00000b8d  TimerClockSourceSet           
00000b3f  TimerConfigure                
00000b29  TimerControlEvent             
00000b11  TimerControlLevel             
00000af9  TimerControlStall             
00000aaf  TimerControlTrigger           
00000a7d  TimerControlWaitOnTrigger     
00000a79  TimerDMAEventGet              
00000a75  TimerDMAEventSet              
00000a61  TimerDisable                  
00000a53  TimerEnable                   
00000a4f  TimerIntClear                 
00000a45  TimerIntDisable               
00000a3d  TimerIntEnable                
00000a25  TimerIntRegister              
00000a1b  TimerIntStatus                
00000a07  TimerIntUnregister            
000009c7  TimerLoadGet                  
000009b1  TimerLoadGet64                
0000099f  TimerLoadSet                  
00000999  TimerLoadSet64                
0000098f  TimerMatchGet                 
00000979  TimerMatchGet64               
00000967  TimerMatchSet                 
00000961  TimerMatchSet64               
00000957  TimerPrescaleGet              
0000094d  TimerPrescaleMatchGet         
0000093b  TimerPrescaleMatchSet         
00000929  TimerPrescaleSet              
0000091f  TimerRTCDisable               
00000915  TimerRTCEnable                
00000911  TimerSynchronize              
000008e9  TimerUpdateMode               
000008df  TimerValueGet                 
000008c9  TimerValueGet64               
000016e5  UARTCharGet                   
000016ef  UARTCharPut                   
000016f9  UARTClockSourceSet            
00000263  UARTSendString                
0000083d  UARTStdioConfig               
00000825  UARTgetc                      
000007a1  UARTgets                      
00000787  UARTprintf                    
000005b9  UARTvprintf                   
00000571  UARTwrite                     
20000470  __STACK_END                   
00000200  __STACK_SIZE                  
20000470  __STACK_TOP                   
00001bd8  __TI_CINIT_Base               
00001bf0  __TI_CINIT_Limit              
00001bb0  __TI_Handler_Table_Base       
00001bbc  __TI_Handler_Table_Limit      
00001511  __TI_auto_init_nobinit_nopinit
00001415  __TI_decompress_lzss          
000016b3  __TI_decompress_none          
ffffffff  __TI_pprof_out_hndl           
ffffffff  __TI_prof_data_size           
ffffffff  __TI_prof_data_start          
00000000  __TI_static_base__            
00001681  __TI_zero_init_nomemset       
00001707  __aeabi_idiv0                 
00001707  __aeabi_ldiv0                 
00001379  __aeabi_memcpy                
00001379  __aeabi_memcpy4               
00001379  __aeabi_memcpy8               
00001555  __aeabi_uidiv                 
00001555  __aeabi_uidivmod              
ffffffff  __binit__                     
ffffffff  __c_args__                    
UNDEFED   __mpu_init                    
20000270  __stack                       
20000000  __start___llvm_prf_cnts       
20000000  __stop___llvm_prf_cnts        
00001601  _c_int00_noargs               
UNDEFED   _system_post_cinit            
000016ff  _system_pre_init              
00001703  abort                         
ffffffff  binit                         
000011d3  create_stopwatch              
20000000  g_pfnRAMVectors               
00000000  g_pfnVectors                  
20000470  global_stopwatch              
00001165  initialize_stopwatch          
000003a9  main                          
00001379  memcpy                        
00000209  myAtoi                        
0000105d  reset_stopwatch               
0000115d  start_stopwatch               
00001155  stop_stopwatch                


GLOBAL SYMBOLS: SORTED BY Symbol Address 

address   name                          
-------   ----                          
00000000  __TI_static_base__            
00000000  g_pfnVectors                  
00000200  __STACK_SIZE                  
00000209  myAtoi                        
00000227  ConfigureUART                 
00000263  UARTSendString                
00000279  CharChange                    
0000027f  InitialTime                   
000003a9  main                          
00000425  IntHandler                    
00000571  UARTwrite                     
000005b9  UARTvprintf                   
00000787  UARTprintf                    
000007a1  UARTgets                      
00000825  UARTgetc                      
0000083d  UARTStdioConfig               
000008c9  TimerValueGet64               
000008df  TimerValueGet                 
000008e9  TimerUpdateMode               
00000911  TimerSynchronize              
00000915  TimerRTCEnable                
0000091f  TimerRTCDisable               
00000929  TimerPrescaleSet              
0000093b  TimerPrescaleMatchSet         
0000094d  TimerPrescaleMatchGet         
00000957  TimerPrescaleGet              
00000961  TimerMatchSet64               
00000967  TimerMatchSet                 
00000979  TimerMatchGet64               
0000098f  TimerMatchGet                 
00000999  TimerLoadSet64                
0000099f  TimerLoadSet                  
000009b1  TimerLoadGet64                
000009c7  TimerLoadGet                  
00000a07  TimerIntUnregister            
00000a1b  TimerIntStatus                
00000a25  TimerIntRegister              
00000a3d  TimerIntEnable                
00000a45  TimerIntDisable               
00000a4f  TimerIntClear                 
00000a53  TimerEnable                   
00000a61  TimerDisable                  
00000a75  TimerDMAEventSet              
00000a79  TimerDMAEventGet              
00000a7d  TimerControlWaitOnTrigger     
00000aaf  TimerControlTrigger           
00000af9  TimerControlStall             
00000b11  TimerControlLevel             
00000b29  TimerControlEvent             
00000b3f  TimerConfigure                
00000b8d  TimerClockSourceSet           
00000b93  TimerClockSourceGet           
00000b99  TimerADCEventSet              
00000b9d  TimerADCEventGet              
00000bbb  IntUnregister                 
00000bc5  IntTrigger                    
00000bcd  IntRegister                   
00000bf7  IntPrioritySet                
00000c17  IntPriorityGroupingSet        
00000c29  IntPriorityGroupingGet        
00000c4f  IntPriorityGet                
00000c69  IntPendSet                    
00000cb5  IntPendClear                  
00000cf3  IntMasterEnable               
00000d03  IntMasterDisable              
00000d13  IntIsEnabled                  
00000d6b  IntEnable                     
00000dc7  IntDisable                    
00000e5d  SysCtlClockFreqSet            
0000105d  reset_stopwatch               
00001155  stop_stopwatch                
0000115d  start_stopwatch               
00001165  initialize_stopwatch          
000011d3  create_stopwatch              
0000120d  GPIOPadConfigSet              
00001379  __aeabi_memcpy                
00001379  __aeabi_memcpy4               
00001379  __aeabi_memcpy8               
00001379  memcpy                        
00001415  __TI_decompress_lzss          
0000147d  GPIOPinConfigure              
00001511  __TI_auto_init_nobinit_nopinit
00001555  __aeabi_uidiv                 
00001555  __aeabi_uidivmod              
00001595  SysCtlPeripheralReady         
000015cd  SysCtlPeripheralEnable        
00001601  _c_int00_noargs               
00001635  GPIODirModeSet                
00001681  __TI_zero_init_nomemset       
0000169d  GPIOPinTypeUART               
000016b3  __TI_decompress_none          
000016c1  CPUcpsid                      
000016cd  CPUcpsie                      
000016d9  ResetISR                      
000016e5  UARTCharGet                   
000016ef  UARTCharPut                   
000016f9  UARTClockSourceSet            
000016ff  _system_pre_init              
00001703  C$$EXIT                       
00001703  abort                         
00001707  __aeabi_idiv0                 
00001707  __aeabi_ldiv0                 
00001bb0  __TI_Handler_Table_Base       
00001bbc  __TI_Handler_Table_Limit      
00001bd8  __TI_CINIT_Base               
00001bf0  __TI_CINIT_Limit              
20000000  __start___llvm_prf_cnts       
20000000  __stop___llvm_prf_cnts        
20000000  g_pfnRAMVectors               
20000270  __stack                       
20000470  __STACK_END                   
20000470  __STACK_TOP                   
20000470  global_stopwatch              
ffffffff  __TI_pprof_out_hndl           
ffffffff  __TI_prof_data_size           
ffffffff  __TI_prof_data_start          
ffffffff  __binit__                     
ffffffff  __c_args__                    
ffffffff  binit                         
UNDEFED   __mpu_init                    
UNDEFED   _system_post_cinit            

[121 symbols]
