******************************************************************************
                  TI ARM Linker PC v20.2.4                     
******************************************************************************
>> Linked Tue Sep  5 14:54:39 2023

OUTPUT FILE NAME:   <Labb_1_Optional.out>
ENTRY POINT SYMBOL: "_c_int00_noargs"  address: 00000935


MEMORY CONFIGURATION

         name            origin    length      used     unused   attr    fill
----------------------  --------  ---------  --------  --------  ----  --------
  FLASH                 00000000   00100000  000009e4  000ff61c  R  X
  SRAM                  20000000   00040000  00000203  0003fdfd  RW X


SEGMENT ALLOCATION MAP

run origin  load origin   length   init length attrs members
----------  ----------- ---------- ----------- ----- -------
00000000    00000000    000009e8   000009e8    r-x
  00000000    00000000    00000208   00000208    r-- .intvecs
  00000208    00000208    000007c4   000007c4    r-x .text
  000009d0    000009d0    00000018   00000018    r-- .cinit
20000000    20000000    00000203   00000000    rw-
  20000000    20000000    00000200   00000000    rw- .stack
  20000200    20000200    00000003   00000000    rw- .data


SECTION ALLOCATION MAP

 output                                  attributes/
section   page    origin      length       input sections
--------  ----  ----------  ----------   ----------------
.intvecs   0    00000000    00000208     
                  00000000    00000208     tm4c129encpdt_startup_ccs.obj (.intvecs)

.text      0    00000208    000007c4     
                  00000208    000002f4     pinout.obj (.text)
                  000004fc    0000016c     driverlib.lib : gpio.obj (.text:GPIOPadConfigSet)
                  00000668    000000cc     buttons.obj (.text)
                  00000734    0000009c     rtsv7M4_T_le_v4SPD16_eabi.lib : memcpy_t2.asm.obj (.text)
                  000007d0    00000084     main.obj (.text)
                  00000854    00000068     rtsv7M4_T_le_v4SPD16_eabi.lib : copy_decompress_lzss.c.obj (.text:decompress:lzss:__TI_decompress_lzss)
                  000008bc    00000044                                   : autoinit.c.obj (.text:__TI_auto_init_nobinit_nopinit:__TI_auto_init_nobinit_nopinit)
                  00000900    00000034     driverlib.lib : sysctl.obj (.text:SysCtlPeripheralEnable)
                  00000934    00000034     rtsv7M4_T_le_v4SPD16_eabi.lib : boot_cortex_m.c.obj (.text:_c_int00_noargs:_c_int00_noargs)
                  00000968    0000002c     driverlib.lib : gpio.obj (.text:GPIODirModeSet)
                  00000994    00000016                   : gpio.obj (.text:GPIOPinTypeEthernetLED)
                  000009aa    0000000e     rtsv7M4_T_le_v4SPD16_eabi.lib : copy_decompress_none.c.obj (.text:decompress:none:__TI_decompress_none)
                  000009b8    0000000c     tm4c129encpdt_startup_ccs.obj (.text)
                  000009c4    00000004     rtsv7M4_T_le_v4SPD16_eabi.lib : pre_init.c.obj (.text:_system_pre_init)
                  000009c8    00000004                                   : exit.c.obj (.text:abort:abort)

.cinit     0    000009d0    00000018     
                  000009d0    00000008     (__TI_handler_table)
                  000009d8    00000007     (.cinit..data.load) [load image, compression = lzss]
                  000009df    00000001     --HOLE-- [fill = 0]
                  000009e0    00000008     (__TI_cinit_table)

.init_array 
*          0    00000000    00000000     UNINITIALIZED

.data      0    20000200    00000003     UNINITIALIZED
                  20000200    00000003     buttons.obj (.data)

.stack     0    20000000    00000200     UNINITIALIZED
                  20000000    00000004     rtsv7M4_T_le_v4SPD16_eabi.lib : boot_cortex_m.c.obj (.stack)
                  20000004    000001fc     --HOLE--

__llvm_prf_cnts 
*          0    20000000    00000000     UNINITIALIZED

MODULE SUMMARY

       Module                          code   ro data   rw data
       ------                          ----   -------   -------
    .\
       tm4c129encpdt_startup_ccs.obj   12     520       0      
       main.obj                        132    0         0      
    +--+-------------------------------+------+---------+---------+
       Total:                          144    520       0      
                                                               
    .\drivers\
       pinout.obj                      756    0         0      
       buttons.obj                     204    0         3      
    +--+-------------------------------+------+---------+---------+
       Total:                          960    0         3      
                                                               
    C:/ti/TivaWare_C_Series-2.2.0.295/driverlib/ccs/Debug/driverlib.lib
       gpio.obj                        430    0         0      
       sysctl.obj                      52     0         0      
    +--+-------------------------------+------+---------+---------+
       Total:                          482    0         0      
                                                               
    C:\ti\ccs1031\ccs\tools\compiler\ti-cgt-arm_20.2.4.LTS\lib\rtsv7M4_T_le_v4SPD16_eabi.lib
       memcpy_t2.asm.obj               156    0         0      
       copy_decompress_lzss.c.obj      104    0         0      
       autoinit.c.obj                  68     0         0      
       boot_cortex_m.c.obj             52     0         0      
       copy_decompress_none.c.obj      14     0         0      
       exit.c.obj                      4      0         0      
       pre_init.c.obj                  4      0         0      
    +--+-------------------------------+------+---------+---------+
       Total:                          402    0         0      
                                                               
       Stack:                          0      0         512    
       Linker Generated:               0      23        0      
    +--+-------------------------------+------+---------+---------+
       Grand Total:                    1988   543       515    


LINKER GENERATED COPY TABLES

__TI_cinit_table @ 000009e0 records: 1, size/record: 8, table size: 8
	.data: load addr=000009d8, load size=00000007 bytes, run addr=20000200, run size=00000003 bytes, compression=lzss


LINKER GENERATED HANDLER TABLE

__TI_handler_table @ 000009d0 records: 2, size/record: 4, table size: 8
	index: 0, handler: __TI_decompress_lzss
	index: 1, handler: __TI_decompress_none


GLOBAL SYMBOLS: SORTED ALPHABETICALLY BY Name 

address   name                          
-------   ----                          
000006dd  ButtonsInit                   
00000669  ButtonsPoll                   
000009c9  C$$EXIT                       
00000969  GPIODirModeSet                
000004fd  GPIOPadConfigSet              
00000995  GPIOPinTypeEthernetLED        
0000045b  LEDRead                       
000003e5  LEDWrite                      
00000209  PinoutSet                     
000009b9  ResetISR                      
00000901  SysCtlPeripheralEnable        
20000200  __STACK_END                   
00000200  __STACK_SIZE                  
20000200  __STACK_TOP                   
000009e0  __TI_CINIT_Base               
000009e8  __TI_CINIT_Limit              
000009d0  __TI_Handler_Table_Base       
000009d8  __TI_Handler_Table_Limit      
000008bd  __TI_auto_init_nobinit_nopinit
00000855  __TI_decompress_lzss          
000009ab  __TI_decompress_none          
ffffffff  __TI_pprof_out_hndl           
ffffffff  __TI_prof_data_size           
ffffffff  __TI_prof_data_start          
00000000  __TI_static_base__            
00000735  __aeabi_memcpy                
00000735  __aeabi_memcpy4               
00000735  __aeabi_memcpy8               
ffffffff  __binit__                     
ffffffff  __c_args__                    
UNDEFED   __mpu_init                    
20000000  __stack                       
20000000  __start___llvm_prf_cnts       
20000000  __stop___llvm_prf_cnts        
00000935  _c_int00_noargs               
UNDEFED   _system_post_cinit            
000009c5  _system_pre_init              
000009c9  abort                         
ffffffff  binit                         
00000000  g_pfnVectors                  
000007d1  main                          
00000735  memcpy                        


GLOBAL SYMBOLS: SORTED BY Symbol Address 

address   name                          
-------   ----                          
00000000  __TI_static_base__            
00000000  g_pfnVectors                  
00000200  __STACK_SIZE                  
00000209  PinoutSet                     
000003e5  LEDWrite                      
0000045b  LEDRead                       
000004fd  GPIOPadConfigSet              
00000669  ButtonsPoll                   
000006dd  ButtonsInit                   
00000735  __aeabi_memcpy                
00000735  __aeabi_memcpy4               
00000735  __aeabi_memcpy8               
00000735  memcpy                        
000007d1  main                          
00000855  __TI_decompress_lzss          
000008bd  __TI_auto_init_nobinit_nopinit
00000901  SysCtlPeripheralEnable        
00000935  _c_int00_noargs               
00000969  GPIODirModeSet                
00000995  GPIOPinTypeEthernetLED        
000009ab  __TI_decompress_none          
000009b9  ResetISR                      
000009c5  _system_pre_init              
000009c9  C$$EXIT                       
000009c9  abort                         
000009d0  __TI_Handler_Table_Base       
000009d8  __TI_Handler_Table_Limit      
000009e0  __TI_CINIT_Base               
000009e8  __TI_CINIT_Limit              
20000000  __stack                       
20000000  __start___llvm_prf_cnts       
20000000  __stop___llvm_prf_cnts        
20000200  __STACK_END                   
20000200  __STACK_TOP                   
ffffffff  __TI_pprof_out_hndl           
ffffffff  __TI_prof_data_size           
ffffffff  __TI_prof_data_start          
ffffffff  __binit__                     
ffffffff  __c_args__                    
ffffffff  binit                         
UNDEFED   __mpu_init                    
UNDEFED   _system_post_cinit            

[42 symbols]
