******************************************************************************
                  TI ARM Linker PC v20.2.4                     
******************************************************************************
>> Linked Fri Sep  8 14:20:57 2023

OUTPUT FILE NAME:   <pwm_led.out>
ENTRY POINT SYMBOL: "_c_int00_noargs"  address: 00001769


MEMORY CONFIGURATION

         name            origin    length      used     unused   attr    fill
----------------------  --------  ---------  --------  --------  ----  --------
  FLASH                 00000000   00100000  00001ca4  000fe35c  R  X
  SRAM                  20000000   00040000  00000489  0003fb77  RW X


SEGMENT ALLOCATION MAP

run origin  load origin   length   init length attrs members
----------  ----------- ---------- ----------- ----- -------
00000000    00000000    00001ca8   00001ca8    r-x
  00000000    00000000    00000208   00000208    r-- .intvecs
  00000208    00000208    00001730   00001730    r-x .text
  00001938    00001938    00000324   00000324    r-- .const
  00001c60    00001c60    00000048   00000048    r-- .cinit
20000000    20000000    00000490   00000000    rw-
  20000000    20000000    0000026c   00000000    rw- .vtable
  20000270    20000270    00000200   00000000    rw- .stack
  20000470    20000470    00000011   00000000    rw- .data
  20000484    20000484    0000000c   00000000    rw- .bss


SECTION ALLOCATION MAP

 output                                  attributes/
section   page    origin      length       input sections
--------  ----  ----------  ----------   ----------------
.intvecs   0    00000000    00000208     
                  00000000    00000208     tm4c129encpdt_startup_ccs.obj (.intvecs)

.text      0    00000208    00001730     
                  00000208    00000428     adc.obj (.text)
                  00000630    00000370     main.obj (.text)
                  000009a0    00000358     uartstdio.obj (.text)
                  00000cf8    000002f4     pinout.obj (.text)
                  00000fec    00000200     driverlib.lib : sysctl.obj (.text:SysCtlClockFreqSet)
                  000011ec    0000016c                   : gpio.obj (.text:GPIOPadConfigSet)
                  00001358    0000009c     rtsv7M4_T_le_v4SPD16_eabi.lib : memcpy_t2.asm.obj (.text)
                  000013f4    00000068     driverlib.lib : interrupt.obj (.text:IntDisable)
                  0000145c    00000068                   : interrupt.obj (.text:IntEnable)
                  000014c4    00000068     rtsv7M4_T_le_v4SPD16_eabi.lib : copy_decompress_lzss.c.obj (.text:decompress:lzss:__TI_decompress_lzss)
                  0000152c    00000050     driverlib.lib : sysctl.obj (.text:SysCtlPeripheralReset)
                  0000157c    0000004c                   : gpio.obj (.text:GPIOPinConfigure)
                  000015c8    00000048                   : sysctl.obj (.text:_SysCtlFrequencyGet)
                  00001610    00000044     rtsv7M4_T_le_v4SPD16_eabi.lib : autoinit.c.obj (.text:__TI_auto_init_nobinit_nopinit:__TI_auto_init_nobinit_nopinit)
                  00001654    00000040                                   : u_divt2.asm.obj (.text)
                  00001694    00000038     driverlib.lib : sysctl.obj (.text:SysCtlPeripheralReady)
                  000016cc    00000034                   : interrupt.obj (.text:IntRegister)
                  00001700    00000034                   : sysctl.obj (.text:SysCtlPeripheralDisable)
                  00001734    00000034                   : sysctl.obj (.text:SysCtlPeripheralEnable)
                  00001768    00000034     rtsv7M4_T_le_v4SPD16_eabi.lib : boot_cortex_m.c.obj (.text:_c_int00_noargs:_c_int00_noargs)
                  0000179c    0000002c     driverlib.lib : gpio.obj (.text:GPIODirModeSet)
                  000017c8    00000022                   : pwm.obj (.text:PWMGenConfigure)
                  000017ea    00000002                   : interrupt.obj (.text:_IntDefaultHandler)
                  000017ec    00000020                   : sysctl.obj (.text:_SysCtlMemTimingGet)
                  0000180c    0000001e                   : pwm.obj (.text:PWMPulseWidthSet)
                  0000182a    0000001c     rtsv7M4_T_le_v4SPD16_eabi.lib : copy_zero_init.c.obj (.text:decompress:ZI:__TI_zero_init_nomemset:__TI_zero_init_nomemset)
                  00001846    0000001a     driverlib.lib : gpio.obj (.text:GPIOPinTypeGPIOOutput)
                  00001860    00000016                   : gpio.obj (.text:GPIOPinTypeADC)
                  00001876    00000016                   : gpio.obj (.text:GPIOPinTypeEthernetLED)
                  0000188c    00000016                   : gpio.obj (.text:GPIOPinTypePWM)
                  000018a2    00000016                   : gpio.obj (.text:GPIOPinTypeUART)
                  000018b8    00000014                   : interrupt.obj (.text:IntUnregister)
                  000018cc    00000014                   : sysctl.obj (.text:SysCtlPWMClockSet)
                  000018e0    00000012                   : pwm.obj (.text:PWMOutputState)
                  000018f2    00000010                   : pwm.obj (.text:PWMGenPeriodSet)
                  00001902    0000000e     rtsv7M4_T_le_v4SPD16_eabi.lib : copy_decompress_none.c.obj (.text:decompress:none:__TI_decompress_none)
                  00001910    0000000c     driverlib.lib : pwm.obj (.text:PWMGenEnable)
                  0000191c    0000000c     tm4c129encpdt_startup_ccs.obj (.text)
                  00001928    00000006     driverlib.lib : uart.obj (.text:UARTClockSourceSet)
                  0000192e    00000004     rtsv7M4_T_le_v4SPD16_eabi.lib : pre_init.c.obj (.text:_system_pre_init)
                  00001932    00000004                                   : exit.c.obj (.text:abort:abort)
                  00001936    00000002                                   : div0.asm.obj (.text)

.const     0    00001938    00000324     
                  00001938    000001b0     driverlib.lib : sysctl.obj (.const:g_pppui32XTALtoVCO)
                  00001ae8    00000090                   : gpio.obj (.const:g_pui32GPIOBaseAddrs)
                  00001b78    0000006c                   : sysctl.obj (.const:g_pui32Xtals)
                  00001be4    00000030                   : sysctl.obj (.const:g_sXTALtoMEMTIM)
                  00001c14    00000014                   : interrupt.obj (.const:g_pui32Dii16Regs)
                  00001c28    00000014                   : interrupt.obj (.const:g_pui32EnRegs)
                  00001c3c    0000000c     uartstdio.obj (.const:g_ui32UARTBase)
                  00001c48    0000000c     uartstdio.obj (.const:g_ui32UARTPeriph)
                  00001c54    00000008     driverlib.lib : sysctl.obj (.const:g_pui32VCOFrequencies)

.cinit     0    00001c60    00000048     
                  00001c60    00000011     (.cinit..data.load) [load image, compression = lzss]
                  00001c71    00000003     --HOLE-- [fill = 0]
                  00001c74    0000000c     (__TI_handler_table)
                  00001c80    00000008     (.cinit..bss.load) [load image, compression = zero_init]
                  00001c88    00000008     (.cinit..vtable.load) [load image, compression = zero_init]
                  00001c90    00000018     (__TI_cinit_table)

.init_array 
*          0    00000000    00000000     UNINITIALIZED

.vtable    0    20000000    0000026c     UNINITIALIZED
                  20000000    0000026c     driverlib.lib : interrupt.obj (.vtable)

.data      0    20000470    00000011     UNINITIALIZED
                  20000470    0000000c     main.obj (.data)
                  2000047c    00000005     uartstdio.obj (.data)

.bss       0    20000484    0000000c     UNINITIALIZED
                  20000484    00000008     adc.obj (.bss:g_pui8OversampleFactor)
                  2000048c    00000004     (.common:g_ui32SysClock)

.stack     0    20000270    00000200     UNINITIALIZED
                  20000270    00000004     rtsv7M4_T_le_v4SPD16_eabi.lib : boot_cortex_m.c.obj (.stack)
                  20000274    000001fc     --HOLE--

__llvm_prf_cnts 
*          0    20000000    00000000     UNINITIALIZED

MODULE SUMMARY

       Module                          code   ro data   rw data
       ------                          ----   -------   -------
    .\
       adc.obj                         1064   0         8      
       main.obj                        880    0         16     
       uartstdio.obj                   856    24        5      
       tm4c129encpdt_startup_ccs.obj   12     520       0      
    +--+-------------------------------+------+---------+---------+
       Total:                          2812   544       29     
                                                               
    .\drivers\
       pinout.obj                      756    0         0      
    +--+-------------------------------+------+---------+---------+
       Total:                          756    0         0      
                                                               
    C:/ti/TivaWare_C_Series-2.2.0.295/driverlib/ccs/Debug/driverlib.lib
       sysctl.obj                      876    596       0      
       interrupt.obj                   282    40        620    
       gpio.obj                        598    144       0      
       pwm.obj                         110    0         0      
       uart.obj                        6      0         0      
    +--+-------------------------------+------+---------+---------+
       Total:                          1872   780       620    
                                                               
    C:\ti\ccs1031\ccs\tools\compiler\ti-cgt-arm_20.2.4.LTS\lib\rtsv7M4_T_le_v4SPD16_eabi.lib
       memcpy_t2.asm.obj               156    0         0      
       copy_decompress_lzss.c.obj      104    0         0      
       autoinit.c.obj                  68     0         0      
       u_divt2.asm.obj                 64     0         0      
       boot_cortex_m.c.obj             52     0         0      
       copy_zero_init.c.obj            28     0         0      
       copy_decompress_none.c.obj      14     0         0      
       exit.c.obj                      4      0         0      
       pre_init.c.obj                  4      0         0      
       div0.asm.obj                    2      0         0      
    +--+-------------------------------+------+---------+---------+
       Total:                          496    0         0      
                                                               
       Stack:                          0      0         512    
       Linker Generated:               0      69        0      
    +--+-------------------------------+------+---------+---------+
       Grand Total:                    5936   1393      1161   


LINKER GENERATED COPY TABLES

__TI_cinit_table @ 00001c90 records: 3, size/record: 8, table size: 24
	.data: load addr=00001c60, load size=00000011 bytes, run addr=20000470, run size=00000011 bytes, compression=lzss
	.bss: load addr=00001c80, load size=00000008 bytes, run addr=20000484, run size=0000000c bytes, compression=zero_init
	.vtable: load addr=00001c88, load size=00000008 bytes, run addr=20000000, run size=0000026c bytes, compression=zero_init


LINKER GENERATED HANDLER TABLE

__TI_handler_table @ 00001c74 records: 3, size/record: 4, table size: 12
	index: 0, handler: __TI_zero_init
	index: 1, handler: __TI_decompress_lzss
	index: 2, handler: __TI_decompress_none


GLOBAL SYMBOLS: SORTED ALPHABETICALLY BY Name 

address   name                              
-------   ----                              
00000613  ADCBusy                           
000005f7  ADCClockConfigGet                 
000005df  ADCClockConfigSet                 
000005d5  ADCComparatorConfigure            
000005d1  ADCComparatorIntClear             
000005c1  ADCComparatorIntDisable           
000005b1  ADCComparatorIntEnable            
000005ad  ADCComparatorIntStatus            
0000059f  ADCComparatorRegionSet            
00000579  ADCComparatorReset                
00000561  ADCHardwareOversampleConfigure    
0000068b  ADCInput                          
00000557  ADCIntClear                       
00000553  ADCIntClearEx                     
00000545  ADCIntDisable                     
0000053b  ADCIntDisableEx                   
0000052b  ADCIntEnable                      
00000523  ADCIntEnableEx                    
0000050b  ADCIntRegister                    
000004dd  ADCIntStatus                      
000004c9  ADCIntStatusEx                    
000004b5  ADCIntUnregister                  
00000475  ADCPhaseDelayGet                  
00000471  ADCPhaseDelaySet                  
00000459  ADCProcessorTrigger               
00000451  ADCReferenceGet                   
00000445  ADCReferenceSet                   
000003f9  ADCSequenceConfigure              
000003e9  ADCSequenceDMADisable             
000003d9  ADCSequenceDMAEnable              
000003bb  ADCSequenceDataGet                
000003ad  ADCSequenceDisable                
0000039f  ADCSequenceEnable                 
00000395  ADCSequenceOverflow               
0000038b  ADCSequenceOverflowClear          
00000311  ADCSequenceStepConfigure          
00000307  ADCSequenceUnderflow              
000002fd  ADCSequenceUnderflowClear         
000002db  ADCSoftwareOversampleConfigure    
00000295  ADCSoftwareOversampleDataGet      
00000209  ADCSoftwareOversampleStepConfigure
00001933  C$$EXIT                           
0000064f  ConfigureUART                     
0000179d  GPIODirModeSet                    
000011ed  GPIOPadConfigSet                  
0000157d  GPIOPinConfigure                  
00001861  GPIOPinTypeADC                    
00001877  GPIOPinTypeEthernetLED            
00001847  GPIOPinTypeGPIOOutput             
0000188d  GPIOPinTypePWM                    
000018a3  GPIOPinTypeUART                   
000013f5  IntDisable                        
0000145d  IntEnable                         
000016cd  IntRegister                       
000018b9  IntUnregister                     
00000f4b  LEDRead                           
00000ed5  LEDWrite                          
000017c9  PWMGenConfigure                   
00001911  PWMGenEnable                      
000018f3  PWMGenPeriodSet                   
000018e1  PWMOutputState                    
0000180d  PWMPulseWidthSet                  
00000cf9  PinoutSet                         
0000191d  ResetISR                          
00000fed  SysCtlClockFreqSet                
000018cd  SysCtlPWMClockSet                 
00001701  SysCtlPeripheralDisable           
00001735  SysCtlPeripheralEnable            
00001695  SysCtlPeripheralReady             
0000152d  SysCtlPeripheralReset             
00001929  UARTClockSourceSet                
0000089d  UARTIntHandler                    
00000c6d  UARTStdioConfig                   
00000c55  UARTgetc                          
00000bd1  UARTgets                          
00000bb7  UARTprintf                        
000009e9  UARTvprintf                       
000009a1  UARTwrite                         
20000470  __STACK_END                       
00000200  __STACK_SIZE                      
20000470  __STACK_TOP                       
00001c90  __TI_CINIT_Base                   
00001ca8  __TI_CINIT_Limit                  
00001c74  __TI_Handler_Table_Base           
00001c80  __TI_Handler_Table_Limit          
00001611  __TI_auto_init_nobinit_nopinit    
000014c5  __TI_decompress_lzss              
00001903  __TI_decompress_none              
ffffffff  __TI_pprof_out_hndl               
ffffffff  __TI_prof_data_size               
ffffffff  __TI_prof_data_start              
00000000  __TI_static_base__                
0000182b  __TI_zero_init_nomemset           
00001937  __aeabi_idiv0                     
00001937  __aeabi_ldiv0                     
00001359  __aeabi_memcpy                    
00001359  __aeabi_memcpy4                   
00001359  __aeabi_memcpy8                   
00001655  __aeabi_uidiv                     
00001655  __aeabi_uidivmod                  
ffffffff  __binit__                         
ffffffff  __c_args__                        
UNDEFED   __mpu_init                        
20000270  __stack                           
20000000  __start___llvm_prf_cnts           
20000000  __stop___llvm_prf_cnts            
00001769  _c_int00_noargs                   
UNDEFED   _system_post_cinit                
0000192f  _system_pre_init                  
00001933  abort                             
ffffffff  binit                             
00000875  convert_percentage_to_pulse_width 
20000000  g_pfnRAMVectors                   
00000000  g_pfnVectors                      
2000048c  g_ui32SysClock                    
000006fd  main                              
20000478  max_pulse_width                   
00001359  memcpy                            
20000474  min_pulse_width                   
00000631  myAtoi                            
20000470  pulse_width                       


GLOBAL SYMBOLS: SORTED BY Symbol Address 

address   name                              
-------   ----                              
00000000  __TI_static_base__                
00000000  g_pfnVectors                      
00000200  __STACK_SIZE                      
00000209  ADCSoftwareOversampleStepConfigure
00000295  ADCSoftwareOversampleDataGet      
000002db  ADCSoftwareOversampleConfigure    
000002fd  ADCSequenceUnderflowClear         
00000307  ADCSequenceUnderflow              
00000311  ADCSequenceStepConfigure          
0000038b  ADCSequenceOverflowClear          
00000395  ADCSequenceOverflow               
0000039f  ADCSequenceEnable                 
000003ad  ADCSequenceDisable                
000003bb  ADCSequenceDataGet                
000003d9  ADCSequenceDMAEnable              
000003e9  ADCSequenceDMADisable             
000003f9  ADCSequenceConfigure              
00000445  ADCReferenceSet                   
00000451  ADCReferenceGet                   
00000459  ADCProcessorTrigger               
00000471  ADCPhaseDelaySet                  
00000475  ADCPhaseDelayGet                  
000004b5  ADCIntUnregister                  
000004c9  ADCIntStatusEx                    
000004dd  ADCIntStatus                      
0000050b  ADCIntRegister                    
00000523  ADCIntEnableEx                    
0000052b  ADCIntEnable                      
0000053b  ADCIntDisableEx                   
00000545  ADCIntDisable                     
00000553  ADCIntClearEx                     
00000557  ADCIntClear                       
00000561  ADCHardwareOversampleConfigure    
00000579  ADCComparatorReset                
0000059f  ADCComparatorRegionSet            
000005ad  ADCComparatorIntStatus            
000005b1  ADCComparatorIntEnable            
000005c1  ADCComparatorIntDisable           
000005d1  ADCComparatorIntClear             
000005d5  ADCComparatorConfigure            
000005df  ADCClockConfigSet                 
000005f7  ADCClockConfigGet                 
00000613  ADCBusy                           
00000631  myAtoi                            
0000064f  ConfigureUART                     
0000068b  ADCInput                          
000006fd  main                              
00000875  convert_percentage_to_pulse_width 
0000089d  UARTIntHandler                    
000009a1  UARTwrite                         
000009e9  UARTvprintf                       
00000bb7  UARTprintf                        
00000bd1  UARTgets                          
00000c55  UARTgetc                          
00000c6d  UARTStdioConfig                   
00000cf9  PinoutSet                         
00000ed5  LEDWrite                          
00000f4b  LEDRead                           
00000fed  SysCtlClockFreqSet                
000011ed  GPIOPadConfigSet                  
00001359  __aeabi_memcpy                    
00001359  __aeabi_memcpy4                   
00001359  __aeabi_memcpy8                   
00001359  memcpy                            
000013f5  IntDisable                        
0000145d  IntEnable                         
000014c5  __TI_decompress_lzss              
0000152d  SysCtlPeripheralReset             
0000157d  GPIOPinConfigure                  
00001611  __TI_auto_init_nobinit_nopinit    
00001655  __aeabi_uidiv                     
00001655  __aeabi_uidivmod                  
00001695  SysCtlPeripheralReady             
000016cd  IntRegister                       
00001701  SysCtlPeripheralDisable           
00001735  SysCtlPeripheralEnable            
00001769  _c_int00_noargs                   
0000179d  GPIODirModeSet                    
000017c9  PWMGenConfigure                   
0000180d  PWMPulseWidthSet                  
0000182b  __TI_zero_init_nomemset           
00001847  GPIOPinTypeGPIOOutput             
00001861  GPIOPinTypeADC                    
00001877  GPIOPinTypeEthernetLED            
0000188d  GPIOPinTypePWM                    
000018a3  GPIOPinTypeUART                   
000018b9  IntUnregister                     
000018cd  SysCtlPWMClockSet                 
000018e1  PWMOutputState                    
000018f3  PWMGenPeriodSet                   
00001903  __TI_decompress_none              
00001911  PWMGenEnable                      
0000191d  ResetISR                          
00001929  UARTClockSourceSet                
0000192f  _system_pre_init                  
00001933  C$$EXIT                           
00001933  abort                             
00001937  __aeabi_idiv0                     
00001937  __aeabi_ldiv0                     
00001c74  __TI_Handler_Table_Base           
00001c80  __TI_Handler_Table_Limit          
00001c90  __TI_CINIT_Base                   
00001ca8  __TI_CINIT_Limit                  
20000000  __start___llvm_prf_cnts           
20000000  __stop___llvm_prf_cnts            
20000000  g_pfnRAMVectors                   
20000270  __stack                           
20000470  __STACK_END                       
20000470  __STACK_TOP                       
20000470  pulse_width                       
20000474  min_pulse_width                   
20000478  max_pulse_width                   
2000048c  g_ui32SysClock                    
ffffffff  __TI_pprof_out_hndl               
ffffffff  __TI_prof_data_size               
ffffffff  __TI_prof_data_start              
ffffffff  __binit__                         
ffffffff  __c_args__                        
ffffffff  binit                             
UNDEFED   __mpu_init                        
UNDEFED   _system_post_cinit                

[121 symbols]
