<?xml version="1.0" encoding="ISO-8859-1" ?>
<link_info>
   <banner>TI ARM Linker PC v20.2.4.LTS</banner>
   <copyright>Copyright (c) 1996-2018 Texas Instruments Incorporated</copyright>
   <link_time>0x64fb11a9</link_time>
   <link_errors>0x0</link_errors>
   <output_file>pwm_led.out</output_file>
   <entry_point>
      <name>_c_int00_noargs</name>
      <address>0x1769</address>
   </entry_point>
   <input_file_list>
      <input_file id="fl-2">
         <path>.\</path>
         <kind>object</kind>
         <file>adc.obj</file>
         <name>adc.obj</name>
      </input_file>
      <input_file id="fl-3">
         <path>.\</path>
         <kind>object</kind>
         <file>main.obj</file>
         <name>main.obj</name>
      </input_file>
      <input_file id="fl-4">
         <path>.\</path>
         <kind>object</kind>
         <file>tm4c129encpdt_startup_ccs.obj</file>
         <name>tm4c129encpdt_startup_ccs.obj</name>
      </input_file>
      <input_file id="fl-5">
         <path>.\</path>
         <kind>object</kind>
         <file>uartstdio.obj</file>
         <name>uartstdio.obj</name>
      </input_file>
      <input_file id="fl-6">
         <path>.\drivers\</path>
         <kind>object</kind>
         <file>buttons.obj</file>
         <name>buttons.obj</name>
      </input_file>
      <input_file id="fl-7">
         <path>.\drivers\</path>
         <kind>object</kind>
         <file>pinout.obj</file>
         <name>pinout.obj</name>
      </input_file>
      <input_file id="fl-d">
         <kind>object</kind>
         <file>&lt;internal&gt;</file>
         <name>&lt;internal&gt;</name>
      </input_file>
      <input_file id="fl-c3">
         <path>C:\ti\ccs1031\ccs\tools\compiler\ti-cgt-arm_20.2.4.LTS\lib\</path>
         <kind>archive</kind>
         <file>rtsv7M4_T_le_v4SPD16_eabi.lib</file>
         <name>u_divt2.asm.obj</name>
      </input_file>
      <input_file id="fl-c4">
         <path>C:\ti\ccs1031\ccs\tools\compiler\ti-cgt-arm_20.2.4.LTS\lib\</path>
         <kind>archive</kind>
         <file>rtsv7M4_T_le_v4SPD16_eabi.lib</file>
         <name>copy_zero_init.c.obj</name>
      </input_file>
      <input_file id="fl-c5">
         <path>C:\ti\ccs1031\ccs\tools\compiler\ti-cgt-arm_20.2.4.LTS\lib\</path>
         <kind>archive</kind>
         <file>rtsv7M4_T_le_v4SPD16_eabi.lib</file>
         <name>copy_decompress_none.c.obj</name>
      </input_file>
      <input_file id="fl-c6">
         <path>C:\ti\ccs1031\ccs\tools\compiler\ti-cgt-arm_20.2.4.LTS\lib\</path>
         <kind>archive</kind>
         <file>rtsv7M4_T_le_v4SPD16_eabi.lib</file>
         <name>copy_decompress_lzss.c.obj</name>
      </input_file>
      <input_file id="fl-c7">
         <path>C:\ti\ccs1031\ccs\tools\compiler\ti-cgt-arm_20.2.4.LTS\lib\</path>
         <kind>archive</kind>
         <file>rtsv7M4_T_le_v4SPD16_eabi.lib</file>
         <name>boot_cortex_m.c.obj</name>
      </input_file>
      <input_file id="fl-c8">
         <path>C:\ti\ccs1031\ccs\tools\compiler\ti-cgt-arm_20.2.4.LTS\lib\</path>
         <kind>archive</kind>
         <file>rtsv7M4_T_le_v4SPD16_eabi.lib</file>
         <name>div0.asm.obj</name>
      </input_file>
      <input_file id="fl-c9">
         <path>C:\ti\ccs1031\ccs\tools\compiler\ti-cgt-arm_20.2.4.LTS\lib\</path>
         <kind>archive</kind>
         <file>rtsv7M4_T_le_v4SPD16_eabi.lib</file>
         <name>memset_t2.asm.obj</name>
      </input_file>
      <input_file id="fl-ca">
         <path>C:\ti\ccs1031\ccs\tools\compiler\ti-cgt-arm_20.2.4.LTS\lib\</path>
         <kind>archive</kind>
         <file>rtsv7M4_T_le_v4SPD16_eabi.lib</file>
         <name>memcpy_t2.asm.obj</name>
      </input_file>
      <input_file id="fl-cb">
         <path>C:\ti\ccs1031\ccs\tools\compiler\ti-cgt-arm_20.2.4.LTS\lib\</path>
         <kind>archive</kind>
         <file>rtsv7M4_T_le_v4SPD16_eabi.lib</file>
         <name>autoinit.c.obj</name>
      </input_file>
      <input_file id="fl-cc">
         <path>C:\ti\ccs1031\ccs\tools\compiler\ti-cgt-arm_20.2.4.LTS\lib\</path>
         <kind>archive</kind>
         <file>rtsv7M4_T_le_v4SPD16_eabi.lib</file>
         <name>pre_init.c.obj</name>
      </input_file>
      <input_file id="fl-cd">
         <path>C:\ti\ccs1031\ccs\tools\compiler\ti-cgt-arm_20.2.4.LTS\lib\</path>
         <kind>archive</kind>
         <file>rtsv7M4_T_le_v4SPD16_eabi.lib</file>
         <name>cpy_tbl.c.obj</name>
      </input_file>
      <input_file id="fl-ce">
         <path>C:\ti\ccs1031\ccs\tools\compiler\ti-cgt-arm_20.2.4.LTS\lib\</path>
         <kind>archive</kind>
         <file>rtsv7M4_T_le_v4SPD16_eabi.lib</file>
         <name>exit.c.obj</name>
      </input_file>
      <input_file id="fl-cf">
         <path>C:\ti\ccs1031\ccs\tools\compiler\ti-cgt-arm_20.2.4.LTS\lib\</path>
         <kind>archive</kind>
         <file>rtsv7M4_T_le_v4SPD16_eabi.lib</file>
         <name>_lock.c.obj</name>
      </input_file>
      <input_file id="fl-d0">
         <path>C:\ti\ccs1031\ccs\tools\compiler\ti-cgt-arm_20.2.4.LTS\lib\</path>
         <kind>archive</kind>
         <file>rtsv7M4_T_le_v4SPD16_eabi.lib</file>
         <name>args_main.c.obj</name>
      </input_file>
      <input_file id="fl-d1">
         <path>C:\ti\TivaWare_C_Series-2.2.0.295\driverlib\ccs\Debug\</path>
         <kind>archive</kind>
         <file>driverlib.lib</file>
         <name>gpio.obj</name>
      </input_file>
      <input_file id="fl-d2">
         <path>C:\ti\TivaWare_C_Series-2.2.0.295\driverlib\ccs\Debug\</path>
         <kind>archive</kind>
         <file>driverlib.lib</file>
         <name>interrupt.obj</name>
      </input_file>
      <input_file id="fl-d3">
         <path>C:\ti\TivaWare_C_Series-2.2.0.295\driverlib\ccs\Debug\</path>
         <kind>archive</kind>
         <file>driverlib.lib</file>
         <name>pwm.obj</name>
      </input_file>
      <input_file id="fl-d4">
         <path>C:\ti\TivaWare_C_Series-2.2.0.295\driverlib\ccs\Debug\</path>
         <kind>archive</kind>
         <file>driverlib.lib</file>
         <name>sysctl.obj</name>
      </input_file>
      <input_file id="fl-d5">
         <path>C:\ti\TivaWare_C_Series-2.2.0.295\driverlib\ccs\Debug\</path>
         <kind>archive</kind>
         <file>driverlib.lib</file>
         <name>uart.obj</name>
      </input_file>
      <input_file id="fl-d6">
         <path>C:\ti\TivaWare_C_Series-2.2.0.295\driverlib\ccs\Debug\</path>
         <kind>archive</kind>
         <file>driverlib.lib</file>
         <name>cpu.obj</name>
      </input_file>
   </input_file_list>
   <object_component_list>
      <object_component id="oc-12">
         <name>.intvecs</name>
         <load_address>0x0</load_address>
         <run_address>0x0</run_address>
         <size>0x208</size>
         <input_file_ref idref="fl-4"/>
      </object_component>
      <object_component id="oc-f2">
         <name>.text</name>
         <load_address>0x208</load_address>
         <run_address>0x208</run_address>
         <size>0x428</size>
         <input_file_ref idref="fl-2"/>
      </object_component>
      <object_component id="oc-9b">
         <name>.text</name>
         <load_address>0x630</load_address>
         <run_address>0x630</run_address>
         <size>0x370</size>
         <input_file_ref idref="fl-3"/>
      </object_component>
      <object_component id="oc-e0">
         <name>.text</name>
         <load_address>0x9a0</load_address>
         <run_address>0x9a0</run_address>
         <size>0x358</size>
         <input_file_ref idref="fl-5"/>
      </object_component>
      <object_component id="oc-116">
         <name>.text</name>
         <load_address>0xcf8</load_address>
         <run_address>0xcf8</run_address>
         <size>0x2f4</size>
         <input_file_ref idref="fl-7"/>
      </object_component>
      <object_component id="oc-f8">
         <name>.text:SysCtlClockFreqSet</name>
         <load_address>0xfec</load_address>
         <run_address>0xfec</run_address>
         <size>0x200</size>
         <input_file_ref idref="fl-d4"/>
      </object_component>
      <object_component id="oc-199">
         <name>.text:GPIOPadConfigSet</name>
         <load_address>0x11ec</load_address>
         <run_address>0x11ec</run_address>
         <size>0x16c</size>
         <input_file_ref idref="fl-d1"/>
      </object_component>
      <object_component id="oc-3b">
         <name>.text</name>
         <load_address>0x1358</load_address>
         <run_address>0x1358</run_address>
         <size>0x9c</size>
         <input_file_ref idref="fl-ca"/>
      </object_component>
      <object_component id="oc-1b9">
         <name>.text:IntDisable</name>
         <load_address>0x13f4</load_address>
         <run_address>0x13f4</run_address>
         <size>0x68</size>
         <input_file_ref idref="fl-d2"/>
      </object_component>
      <object_component id="oc-1cb">
         <name>.text:IntEnable</name>
         <load_address>0x145c</load_address>
         <run_address>0x145c</run_address>
         <size>0x68</size>
         <input_file_ref idref="fl-d2"/>
      </object_component>
      <object_component id="oc-15">
         <name>.text:decompress:lzss:__TI_decompress_lzss</name>
         <load_address>0x14c4</load_address>
         <run_address>0x14c4</run_address>
         <size>0x68</size>
         <input_file_ref idref="fl-c6"/>
      </object_component>
      <object_component id="oc-10a">
         <name>.text:SysCtlPeripheralReset</name>
         <load_address>0x152c</load_address>
         <run_address>0x152c</run_address>
         <size>0x50</size>
         <input_file_ref idref="fl-d4"/>
      </object_component>
      <object_component id="oc-ce">
         <name>.text:GPIOPinConfigure</name>
         <load_address>0x157c</load_address>
         <run_address>0x157c</run_address>
         <size>0x4c</size>
         <input_file_ref idref="fl-d1"/>
      </object_component>
      <object_component id="oc-1e0">
         <name>.text:_SysCtlFrequencyGet</name>
         <load_address>0x15c8</load_address>
         <run_address>0x15c8</run_address>
         <size>0x48</size>
         <input_file_ref idref="fl-d4"/>
      </object_component>
      <object_component id="oc-153">
         <name>.text:__TI_auto_init_nobinit_nopinit:__TI_auto_init_nobinit_nopinit</name>
         <load_address>0x1610</load_address>
         <run_address>0x1610</run_address>
         <size>0x44</size>
         <input_file_ref idref="fl-cb"/>
      </object_component>
      <object_component id="oc-1a2">
         <name>.text</name>
         <load_address>0x1654</load_address>
         <run_address>0x1654</run_address>
         <size>0x40</size>
         <input_file_ref idref="fl-c3"/>
      </object_component>
      <object_component id="oc-e6">
         <name>.text:SysCtlPeripheralReady</name>
         <load_address>0x1694</load_address>
         <run_address>0x1694</run_address>
         <size>0x38</size>
         <input_file_ref idref="fl-d4"/>
      </object_component>
      <object_component id="oc-1c5">
         <name>.text:IntRegister</name>
         <load_address>0x16cc</load_address>
         <run_address>0x16cc</run_address>
         <size>0x34</size>
         <input_file_ref idref="fl-d2"/>
      </object_component>
      <object_component id="oc-104">
         <name>.text:SysCtlPeripheralDisable</name>
         <load_address>0x1700</load_address>
         <run_address>0x1700</run_address>
         <size>0x34</size>
         <input_file_ref idref="fl-d4"/>
      </object_component>
      <object_component id="oc-c8">
         <name>.text:SysCtlPeripheralEnable</name>
         <load_address>0x1734</load_address>
         <run_address>0x1734</run_address>
         <size>0x34</size>
         <input_file_ref idref="fl-d4"/>
      </object_component>
      <object_component id="oc-59">
         <name>.text:_c_int00_noargs:_c_int00_noargs</name>
         <load_address>0x1768</load_address>
         <run_address>0x1768</run_address>
         <size>0x34</size>
         <input_file_ref idref="fl-c7"/>
      </object_component>
      <object_component id="oc-193">
         <name>.text:GPIODirModeSet</name>
         <load_address>0x179c</load_address>
         <run_address>0x179c</run_address>
         <size>0x2c</size>
         <input_file_ref idref="fl-d1"/>
      </object_component>
      <object_component id="oc-122">
         <name>.text:PWMGenConfigure</name>
         <load_address>0x17c8</load_address>
         <run_address>0x17c8</run_address>
         <size>0x22</size>
         <input_file_ref idref="fl-d3"/>
      </object_component>
      <object_component id="oc-25f">
         <name>.text:_IntDefaultHandler</name>
         <load_address>0x17ea</load_address>
         <run_address>0x17ea</run_address>
         <size>0x2</size>
         <input_file_ref idref="fl-d2"/>
      </object_component>
      <object_component id="oc-1da">
         <name>.text:_SysCtlMemTimingGet</name>
         <load_address>0x17ec</load_address>
         <run_address>0x17ec</run_address>
         <size>0x20</size>
         <input_file_ref idref="fl-d4"/>
      </object_component>
      <object_component id="oc-12e">
         <name>.text:PWMPulseWidthSet</name>
         <load_address>0x180c</load_address>
         <run_address>0x180c</run_address>
         <size>0x1e</size>
         <input_file_ref idref="fl-d3"/>
      </object_component>
      <object_component id="oc-47">
         <name>.text:decompress:ZI:__TI_zero_init_nomemset:__TI_zero_init_nomemset</name>
         <load_address>0x182a</load_address>
         <run_address>0x182a</run_address>
         <size>0x1c</size>
         <input_file_ref idref="fl-c4"/>
      </object_component>
      <object_component id="oc-11c">
         <name>.text:GPIOPinTypeGPIOOutput</name>
         <load_address>0x1846</load_address>
         <run_address>0x1846</run_address>
         <size>0x1a</size>
         <input_file_ref idref="fl-d1"/>
      </object_component>
      <object_component id="oc-ec">
         <name>.text:GPIOPinTypeADC</name>
         <load_address>0x1860</load_address>
         <run_address>0x1860</run_address>
         <size>0x16</size>
         <input_file_ref idref="fl-d1"/>
      </object_component>
      <object_component id="oc-1f4">
         <name>.text:GPIOPinTypeEthernetLED</name>
         <load_address>0x1876</load_address>
         <run_address>0x1876</run_address>
         <size>0x16</size>
         <input_file_ref idref="fl-d1"/>
      </object_component>
      <object_component id="oc-110">
         <name>.text:GPIOPinTypePWM</name>
         <load_address>0x188c</load_address>
         <run_address>0x188c</run_address>
         <size>0x16</size>
         <input_file_ref idref="fl-d1"/>
      </object_component>
      <object_component id="oc-d4">
         <name>.text:GPIOPinTypeUART</name>
         <load_address>0x18a2</load_address>
         <run_address>0x18a2</run_address>
         <size>0x16</size>
         <input_file_ref idref="fl-d1"/>
      </object_component>
      <object_component id="oc-1bf">
         <name>.text:IntUnregister</name>
         <load_address>0x18b8</load_address>
         <run_address>0x18b8</run_address>
         <size>0x14</size>
         <input_file_ref idref="fl-d2"/>
      </object_component>
      <object_component id="oc-fe">
         <name>.text:SysCtlPWMClockSet</name>
         <load_address>0x18cc</load_address>
         <run_address>0x18cc</run_address>
         <size>0x14</size>
         <input_file_ref idref="fl-d4"/>
      </object_component>
      <object_component id="oc-13a">
         <name>.text:PWMOutputState</name>
         <load_address>0x18e0</load_address>
         <run_address>0x18e0</run_address>
         <size>0x12</size>
         <input_file_ref idref="fl-d3"/>
      </object_component>
      <object_component id="oc-128">
         <name>.text:PWMGenPeriodSet</name>
         <load_address>0x18f2</load_address>
         <run_address>0x18f2</run_address>
         <size>0x10</size>
         <input_file_ref idref="fl-d3"/>
      </object_component>
      <object_component id="oc-1b">
         <name>.text:decompress:none:__TI_decompress_none</name>
         <load_address>0x1902</load_address>
         <run_address>0x1902</run_address>
         <size>0xe</size>
         <input_file_ref idref="fl-c5"/>
      </object_component>
      <object_component id="oc-134">
         <name>.text:PWMGenEnable</name>
         <load_address>0x1910</load_address>
         <run_address>0x1910</run_address>
         <size>0xc</size>
         <input_file_ref idref="fl-d3"/>
      </object_component>
      <object_component id="oc-27">
         <name>.text</name>
         <load_address>0x191c</load_address>
         <run_address>0x191c</run_address>
         <size>0xc</size>
         <input_file_ref idref="fl-4"/>
      </object_component>
      <object_component id="oc-da">
         <name>.text:UARTClockSourceSet</name>
         <load_address>0x1928</load_address>
         <run_address>0x1928</run_address>
         <size>0x6</size>
         <input_file_ref idref="fl-d5"/>
      </object_component>
      <object_component id="oc-95">
         <name>.text:_system_pre_init</name>
         <load_address>0x192e</load_address>
         <run_address>0x192e</run_address>
         <size>0x4</size>
         <input_file_ref idref="fl-cc"/>
      </object_component>
      <object_component id="oc-147">
         <name>.text:abort:abort</name>
         <load_address>0x1932</load_address>
         <run_address>0x1932</run_address>
         <size>0x4</size>
         <input_file_ref idref="fl-ce"/>
      </object_component>
      <object_component id="oc-249">
         <name>.text</name>
         <load_address>0x1936</load_address>
         <run_address>0x1936</run_address>
         <size>0x2</size>
         <input_file_ref idref="fl-c8"/>
      </object_component>
      <object_component id="oc-1e9">
         <name>.const:g_pppui32XTALtoVCO</name>
         <load_address>0x1938</load_address>
         <run_address>0x1938</run_address>
         <size>0x1b0</size>
         <input_file_ref idref="fl-d4"/>
      </object_component>
      <object_component id="oc-18e">
         <name>.const:g_pui32GPIOBaseAddrs</name>
         <load_address>0x1ae8</load_address>
         <run_address>0x1ae8</run_address>
         <size>0x90</size>
         <input_file_ref idref="fl-d1"/>
      </object_component>
      <object_component id="oc-1e6">
         <name>.const:g_pui32Xtals</name>
         <load_address>0x1b78</load_address>
         <run_address>0x1b78</run_address>
         <size>0x6c</size>
         <input_file_ref idref="fl-d4"/>
      </object_component>
      <object_component id="oc-26d">
         <name>.const:g_sXTALtoMEMTIM</name>
         <load_address>0x1be4</load_address>
         <run_address>0x1be4</run_address>
         <size>0x30</size>
         <input_file_ref idref="fl-d4"/>
      </object_component>
      <object_component id="oc-257">
         <name>.const:g_pui32Dii16Regs</name>
         <load_address>0x1c14</load_address>
         <run_address>0x1c14</run_address>
         <size>0x14</size>
         <input_file_ref idref="fl-d2"/>
      </object_component>
      <object_component id="oc-267">
         <name>.const:g_pui32EnRegs</name>
         <load_address>0x1c28</load_address>
         <run_address>0x1c28</run_address>
         <size>0x14</size>
         <input_file_ref idref="fl-d2"/>
      </object_component>
      <object_component id="oc-1ad">
         <name>.const:g_ui32UARTBase</name>
         <load_address>0x1c3c</load_address>
         <run_address>0x1c3c</run_address>
         <size>0xc</size>
         <input_file_ref idref="fl-5"/>
      </object_component>
      <object_component id="oc-1aa">
         <name>.const:g_ui32UARTPeriph</name>
         <load_address>0x1c48</load_address>
         <run_address>0x1c48</run_address>
         <size>0xc</size>
         <input_file_ref idref="fl-5"/>
      </object_component>
      <object_component id="oc-1ec">
         <name>.const:g_pui32VCOFrequencies</name>
         <load_address>0x1c54</load_address>
         <run_address>0x1c54</run_address>
         <size>0x8</size>
         <input_file_ref idref="fl-d4"/>
      </object_component>
      <object_component id="oc-2e5">
         <name>.cinit..data.load</name>
         <load_address>0x1c60</load_address>
         <run_address>0x1c60</run_address>
         <size>0x11</size>
      </object_component>
      <object_component id="oc-2e2">
         <name>__TI_handler_table</name>
         <load_address>0x1c74</load_address>
         <run_address>0x1c74</run_address>
         <size>0xc</size>
      </object_component>
      <object_component id="oc-2e6">
         <name>.cinit..bss.load</name>
         <load_address>0x1c80</load_address>
         <run_address>0x1c80</run_address>
         <size>0x8</size>
      </object_component>
      <object_component id="oc-2e4">
         <name>.cinit..vtable.load</name>
         <load_address>0x1c88</load_address>
         <run_address>0x1c88</run_address>
         <size>0x8</size>
      </object_component>
      <object_component id="oc-2e3">
         <name>__TI_cinit_table</name>
         <load_address>0x1c90</load_address>
         <run_address>0x1c90</run_address>
         <size>0x18</size>
      </object_component>
      <object_component id="oc-25c">
         <name>.vtable</name>
         <uninitialized>true</uninitialized>
         <run_address>0x20000000</run_address>
         <size>0x26c</size>
         <input_file_ref idref="fl-d2"/>
      </object_component>
      <object_component id="oc-143">
         <name>.data</name>
         <load_address>0x20000470</load_address>
         <run_address>0x20000470</run_address>
         <size>0xc</size>
         <input_file_ref idref="fl-3"/>
      </object_component>
      <object_component id="oc-1a7">
         <name>.data</name>
         <load_address>0x2000047c</load_address>
         <run_address>0x2000047c</run_address>
         <size>0x5</size>
         <input_file_ref idref="fl-5"/>
      </object_component>
      <object_component id="oc-1d1">
         <name>.bss:g_pui8OversampleFactor</name>
         <uninitialized>true</uninitialized>
         <run_address>0x20000484</run_address>
         <size>0x8</size>
         <input_file_ref idref="fl-2"/>
      </object_component>
      <object_component id="oc-140">
         <name>.common:g_ui32SysClock</name>
         <uninitialized>true</uninitialized>
         <run_address>0x2000048c</run_address>
         <size>0x4</size>
      </object_component>
      <object_component id="oc-24">
         <name>.stack</name>
         <uninitialized>true</uninitialized>
         <run_address>0x20000270</run_address>
         <size>0x4</size>
         <input_file_ref idref="fl-c7"/>
      </object_component>
      <object_component id="oc-2e8">
         <name>.stack</name>
         <uninitialized>true</uninitialized>
         <run_address>0x20000270</run_address>
         <size>0x0</size>
      </object_component>
      <object_component id="oc-b7">
         <name>.debug_info</name>
         <load_address>0x0</load_address>
         <run_address>0x0</run_address>
         <size>0x358</size>
         <input_file_ref idref="fl-2"/>
      </object_component>
      <object_component id="oc-1d2">
         <name>.debug_info</name>
         <load_address>0x358</load_address>
         <run_address>0x358</run_address>
         <size>0x105</size>
         <input_file_ref idref="fl-2"/>
      </object_component>
      <object_component id="oc-f3">
         <name>.debug_info</name>
         <load_address>0x45d</load_address>
         <run_address>0x45d</run_address>
         <size>0x343e</size>
         <input_file_ref idref="fl-2"/>
      </object_component>
      <object_component id="oc-70">
         <name>.debug_info</name>
         <load_address>0x389b</load_address>
         <run_address>0x389b</run_address>
         <size>0x26b</size>
         <input_file_ref idref="fl-2"/>
      </object_component>
      <object_component id="oc-b2">
         <name>.debug_info</name>
         <load_address>0x3b06</load_address>
         <run_address>0x3b06</run_address>
         <size>0x8b</size>
         <input_file_ref idref="fl-2"/>
      </object_component>
      <object_component id="oc-ad">
         <name>.debug_info</name>
         <load_address>0x3b91</load_address>
         <run_address>0x3b91</run_address>
         <size>0x2a4</size>
         <input_file_ref idref="fl-2"/>
      </object_component>
      <object_component id="oc-1d5">
         <name>.debug_info</name>
         <load_address>0x3e35</load_address>
         <run_address>0x3e35</run_address>
         <size>0xef</size>
         <input_file_ref idref="fl-2"/>
      </object_component>
      <object_component id="oc-75">
         <name>.debug_info</name>
         <load_address>0x3f24</load_address>
         <run_address>0x3f24</run_address>
         <size>0xbb</size>
         <input_file_ref idref="fl-2"/>
      </object_component>
      <object_component id="oc-141">
         <name>.debug_info</name>
         <load_address>0x3fdf</load_address>
         <run_address>0x3fdf</run_address>
         <size>0xb01</size>
         <input_file_ref idref="fl-3"/>
      </object_component>
      <object_component id="oc-144">
         <name>.debug_info</name>
         <load_address>0x4ae0</load_address>
         <run_address>0x4ae0</run_address>
         <size>0x126</size>
         <input_file_ref idref="fl-3"/>
      </object_component>
      <object_component id="oc-9d">
         <name>.debug_info</name>
         <load_address>0x4c06</load_address>
         <run_address>0x4c06</run_address>
         <size>0x925</size>
         <input_file_ref idref="fl-3"/>
      </object_component>
      <object_component id="oc-205">
         <name>.debug_info</name>
         <load_address>0x552b</load_address>
         <run_address>0x552b</run_address>
         <size>0x6bd</size>
         <input_file_ref idref="fl-3"/>
      </object_component>
      <object_component id="oc-1b2">
         <name>.debug_info</name>
         <load_address>0x5be8</load_address>
         <run_address>0x5be8</run_address>
         <size>0x2c</size>
         <input_file_ref idref="fl-3"/>
      </object_component>
      <object_component id="oc-2f">
         <name>.debug_info</name>
         <load_address>0x5c14</load_address>
         <run_address>0x5c14</run_address>
         <size>0x2a0</size>
         <input_file_ref idref="fl-4"/>
      </object_component>
      <object_component id="oc-13">
         <name>.debug_info</name>
         <load_address>0x5eb4</load_address>
         <run_address>0x5eb4</run_address>
         <size>0xdf</size>
         <input_file_ref idref="fl-4"/>
      </object_component>
      <object_component id="oc-2a">
         <name>.debug_info</name>
         <load_address>0x5f93</load_address>
         <run_address>0x5f93</run_address>
         <size>0x25e</size>
         <input_file_ref idref="fl-4"/>
      </object_component>
      <object_component id="oc-36">
         <name>.debug_info</name>
         <load_address>0x61f1</load_address>
         <run_address>0x61f1</run_address>
         <size>0x84</size>
         <input_file_ref idref="fl-4"/>
      </object_component>
      <object_component id="oc-1b1">
         <name>.debug_info</name>
         <load_address>0x6275</load_address>
         <run_address>0x6275</run_address>
         <size>0x2ae</size>
         <input_file_ref idref="fl-5"/>
      </object_component>
      <object_component id="oc-1a8">
         <name>.debug_info</name>
         <load_address>0x6523</load_address>
         <run_address>0x6523</run_address>
         <size>0xef</size>
         <input_file_ref idref="fl-5"/>
      </object_component>
      <object_component id="oc-1ae">
         <name>.debug_info</name>
         <load_address>0x6612</load_address>
         <run_address>0x6612</run_address>
         <size>0xf7</size>
         <input_file_ref idref="fl-5"/>
      </object_component>
      <object_component id="oc-1ab">
         <name>.debug_info</name>
         <load_address>0x6709</load_address>
         <run_address>0x6709</run_address>
         <size>0xfb</size>
         <input_file_ref idref="fl-5"/>
      </object_component>
      <object_component id="oc-e4">
         <name>.debug_info</name>
         <load_address>0x6804</load_address>
         <run_address>0x6804</run_address>
         <size>0x884</size>
         <input_file_ref idref="fl-5"/>
      </object_component>
      <object_component id="oc-1fb">
         <name>.debug_info</name>
         <load_address>0x7088</load_address>
         <run_address>0x7088</run_address>
         <size>0x32d</size>
         <input_file_ref idref="fl-7"/>
      </object_component>
      <object_component id="oc-117">
         <name>.debug_info</name>
         <load_address>0x73b5</load_address>
         <run_address>0x73b5</run_address>
         <size>0x5fc</size>
         <input_file_ref idref="fl-7"/>
      </object_component>
      <object_component id="oc-1a3">
         <name>.debug_info</name>
         <load_address>0x79b1</load_address>
         <run_address>0x79b1</run_address>
         <size>0x142</size>
         <input_file_ref idref="fl-c3"/>
      </object_component>
      <object_component id="oc-8e">
         <name>.debug_info</name>
         <load_address>0x7af3</load_address>
         <run_address>0x7af3</run_address>
         <size>0x2d4</size>
         <input_file_ref idref="fl-c4"/>
      </object_component>
      <object_component id="oc-4a">
         <name>.debug_info</name>
         <load_address>0x7dc7</load_address>
         <run_address>0x7dc7</run_address>
         <size>0x1d2</size>
         <input_file_ref idref="fl-c4"/>
      </object_component>
      <object_component id="oc-89">
         <name>.debug_info</name>
         <load_address>0x7f99</load_address>
         <run_address>0x7f99</run_address>
         <size>0x46</size>
         <input_file_ref idref="fl-c4"/>
      </object_component>
      <object_component id="oc-bf">
         <name>.debug_info</name>
         <load_address>0x7fdf</load_address>
         <run_address>0x7fdf</run_address>
         <size>0x2c</size>
         <input_file_ref idref="fl-c4"/>
      </object_component>
      <object_component id="oc-46">
         <name>.debug_info</name>
         <load_address>0x800b</load_address>
         <run_address>0x800b</run_address>
         <size>0x2a8</size>
         <input_file_ref idref="fl-c5"/>
      </object_component>
      <object_component id="oc-1f">
         <name>.debug_info</name>
         <load_address>0x82b3</load_address>
         <run_address>0x82b3</run_address>
         <size>0x1ea</size>
         <input_file_ref idref="fl-c5"/>
      </object_component>
      <object_component id="oc-41">
         <name>.debug_info</name>
         <load_address>0x849d</load_address>
         <run_address>0x849d</run_address>
         <size>0x46</size>
         <input_file_ref idref="fl-c5"/>
      </object_component>
      <object_component id="oc-81">
         <name>.debug_info</name>
         <load_address>0x84e3</load_address>
         <run_address>0x84e3</run_address>
         <size>0x2c</size>
         <input_file_ref idref="fl-c5"/>
      </object_component>
      <object_component id="oc-7f">
         <name>.debug_info</name>
         <load_address>0x850f</load_address>
         <run_address>0x850f</run_address>
         <size>0x29e</size>
         <input_file_ref idref="fl-c6"/>
      </object_component>
      <object_component id="oc-17">
         <name>.debug_info</name>
         <load_address>0x87ad</load_address>
         <run_address>0x87ad</run_address>
         <size>0x250</size>
         <input_file_ref idref="fl-c6"/>
      </object_component>
      <object_component id="oc-31">
         <name>.debug_info</name>
         <load_address>0x89fd</load_address>
         <run_address>0x89fd</run_address>
         <size>0x60</size>
         <input_file_ref idref="fl-c6"/>
      </object_component>
      <object_component id="oc-b8">
         <name>.debug_info</name>
         <load_address>0x8a5d</load_address>
         <run_address>0x8a5d</run_address>
         <size>0x46</size>
         <input_file_ref idref="fl-c6"/>
      </object_component>
      <object_component id="oc-7a">
         <name>.debug_info</name>
         <load_address>0x8aa3</load_address>
         <run_address>0x8aa3</run_address>
         <size>0x39</size>
         <input_file_ref idref="fl-c6"/>
      </object_component>
      <object_component id="oc-25">
         <name>.debug_info</name>
         <load_address>0x8adc</load_address>
         <run_address>0x8adc</run_address>
         <size>0x10b</size>
         <input_file_ref idref="fl-c7"/>
      </object_component>
      <object_component id="oc-5a">
         <name>.debug_info</name>
         <load_address>0x8be7</load_address>
         <run_address>0x8be7</run_address>
         <size>0x1a9</size>
         <input_file_ref idref="fl-c7"/>
      </object_component>
      <object_component id="oc-24c">
         <name>.debug_info</name>
         <load_address>0x8d90</load_address>
         <run_address>0x8d90</run_address>
         <size>0x115</size>
         <input_file_ref idref="fl-c8"/>
      </object_component>
      <object_component id="oc-3d">
         <name>.debug_info</name>
         <load_address>0x8ea5</load_address>
         <run_address>0x8ea5</run_address>
         <size>0x119</size>
         <input_file_ref idref="fl-ca"/>
      </object_component>
      <object_component id="oc-217">
         <name>.debug_info</name>
         <load_address>0x8fbe</load_address>
         <run_address>0x8fbe</run_address>
         <size>0x4b3</size>
         <input_file_ref idref="fl-cb"/>
      </object_component>
      <object_component id="oc-156">
         <name>.debug_info</name>
         <load_address>0x9471</load_address>
         <run_address>0x9471</run_address>
         <size>0x1a6</size>
         <input_file_ref idref="fl-cb"/>
      </object_component>
      <object_component id="oc-28d">
         <name>.debug_info</name>
         <load_address>0x9617</load_address>
         <run_address>0x9617</run_address>
         <size>0x39</size>
         <input_file_ref idref="fl-cb"/>
      </object_component>
      <object_component id="oc-2ad">
         <name>.debug_info</name>
         <load_address>0x9650</load_address>
         <run_address>0x9650</run_address>
         <size>0x39</size>
         <input_file_ref idref="fl-cb"/>
      </object_component>
      <object_component id="oc-292">
         <name>.debug_info</name>
         <load_address>0x9689</load_address>
         <run_address>0x9689</run_address>
         <size>0x39</size>
         <input_file_ref idref="fl-cb"/>
      </object_component>
      <object_component id="oc-297">
         <name>.debug_info</name>
         <load_address>0x96c2</load_address>
         <run_address>0x96c2</run_address>
         <size>0xcd</size>
         <input_file_ref idref="fl-cb"/>
      </object_component>
      <object_component id="oc-99">
         <name>.debug_info</name>
         <load_address>0x978f</load_address>
         <run_address>0x978f</run_address>
         <size>0x153</size>
         <input_file_ref idref="fl-cc"/>
      </object_component>
      <object_component id="oc-148">
         <name>.debug_info</name>
         <load_address>0x98e2</load_address>
         <run_address>0x98e2</run_address>
         <size>0x122</size>
         <input_file_ref idref="fl-ce"/>
      </object_component>
      <object_component id="oc-192">
         <name>.debug_info</name>
         <load_address>0x9a04</load_address>
         <run_address>0x9a04</run_address>
         <size>0x3e4</size>
         <input_file_ref idref="fl-d1"/>
      </object_component>
      <object_component id="oc-18f">
         <name>.debug_info</name>
         <load_address>0x9de8</load_address>
         <run_address>0x9de8</run_address>
         <size>0x164</size>
         <input_file_ref idref="fl-d1"/>
      </object_component>
      <object_component id="oc-194">
         <name>.debug_info</name>
         <load_address>0x9f4c</load_address>
         <run_address>0x9f4c</run_address>
         <size>0x2bc</size>
         <input_file_ref idref="fl-d1"/>
      </object_component>
      <object_component id="oc-19a">
         <name>.debug_info</name>
         <load_address>0xa208</load_address>
         <run_address>0xa208</run_address>
         <size>0x31f</size>
         <input_file_ref idref="fl-d1"/>
      </object_component>
      <object_component id="oc-d5">
         <name>.debug_info</name>
         <load_address>0xa527</load_address>
         <run_address>0xa527</run_address>
         <size>0x29b</size>
         <input_file_ref idref="fl-d1"/>
      </object_component>
      <object_component id="oc-112">
         <name>.debug_info</name>
         <load_address>0xa7c2</load_address>
         <run_address>0xa7c2</run_address>
         <size>0x299</size>
         <input_file_ref idref="fl-d1"/>
      </object_component>
      <object_component id="oc-11d">
         <name>.debug_info</name>
         <load_address>0xaa5b</load_address>
         <run_address>0xaa5b</run_address>
         <size>0x2c0</size>
         <input_file_ref idref="fl-d1"/>
      </object_component>
      <object_component id="oc-1f5">
         <name>.debug_info</name>
         <load_address>0xad1b</load_address>
         <run_address>0xad1b</run_address>
         <size>0x2a9</size>
         <input_file_ref idref="fl-d1"/>
      </object_component>
      <object_component id="oc-ed">
         <name>.debug_info</name>
         <load_address>0xafc4</load_address>
         <run_address>0xafc4</run_address>
         <size>0x299</size>
         <input_file_ref idref="fl-d1"/>
      </object_component>
      <object_component id="oc-cf">
         <name>.debug_info</name>
         <load_address>0xb25d</load_address>
         <run_address>0xb25d</run_address>
         <size>0x289</size>
         <input_file_ref idref="fl-d1"/>
      </object_component>
      <object_component id="oc-23c">
         <name>.debug_info</name>
         <load_address>0xb4e6</load_address>
         <run_address>0xb4e6</run_address>
         <size>0x26b</size>
         <input_file_ref idref="fl-d1"/>
      </object_component>
      <object_component id="oc-22c">
         <name>.debug_info</name>
         <load_address>0xb751</load_address>
         <run_address>0xb751</run_address>
         <size>0x297</size>
         <input_file_ref idref="fl-d1"/>
      </object_component>
      <object_component id="oc-237">
         <name>.debug_info</name>
         <load_address>0xb9e8</load_address>
         <run_address>0xb9e8</run_address>
         <size>0xef</size>
         <input_file_ref idref="fl-d1"/>
      </object_component>
      <object_component id="oc-188">
         <name>.debug_info</name>
         <load_address>0xbad7</load_address>
         <run_address>0xbad7</run_address>
         <size>0xbb</size>
         <input_file_ref idref="fl-d1"/>
      </object_component>
      <object_component id="oc-25b">
         <name>.debug_info</name>
         <load_address>0xbb92</load_address>
         <run_address>0xbb92</run_address>
         <size>0x3b7</size>
         <input_file_ref idref="fl-d2"/>
      </object_component>
      <object_component id="oc-268">
         <name>.debug_info</name>
         <load_address>0xbf49</load_address>
         <run_address>0xbf49</run_address>
         <size>0x15b</size>
         <input_file_ref idref="fl-d2"/>
      </object_component>
      <object_component id="oc-258">
         <name>.debug_info</name>
         <load_address>0xc0a4</load_address>
         <run_address>0xc0a4</run_address>
         <size>0x161</size>
         <input_file_ref idref="fl-d2"/>
      </object_component>
      <object_component id="oc-25d">
         <name>.debug_info</name>
         <load_address>0xc205</load_address>
         <run_address>0xc205</run_address>
         <size>0x160</size>
         <input_file_ref idref="fl-d2"/>
      </object_component>
      <object_component id="oc-261">
         <name>.debug_info</name>
         <load_address>0xc365</load_address>
         <run_address>0xc365</run_address>
         <size>0x22e</size>
         <input_file_ref idref="fl-d2"/>
      </object_component>
      <object_component id="oc-1c1">
         <name>.debug_info</name>
         <load_address>0xc593</load_address>
         <run_address>0xc593</run_address>
         <size>0x279</size>
         <input_file_ref idref="fl-d2"/>
      </object_component>
      <object_component id="oc-1c8">
         <name>.debug_info</name>
         <load_address>0xc80c</load_address>
         <run_address>0xc80c</run_address>
         <size>0x2ca</size>
         <input_file_ref idref="fl-d2"/>
      </object_component>
      <object_component id="oc-1ce">
         <name>.debug_info</name>
         <load_address>0xcad6</load_address>
         <run_address>0xcad6</run_address>
         <size>0x271</size>
         <input_file_ref idref="fl-d2"/>
      </object_component>
      <object_component id="oc-1bc">
         <name>.debug_info</name>
         <load_address>0xcd47</load_address>
         <run_address>0xcd47</run_address>
         <size>0x273</size>
         <input_file_ref idref="fl-d2"/>
      </object_component>
      <object_component id="oc-1fe">
         <name>.debug_info</name>
         <load_address>0xcfba</load_address>
         <run_address>0xcfba</run_address>
         <size>0x396</size>
         <input_file_ref idref="fl-d3"/>
      </object_component>
      <object_component id="oc-132">
         <name>.debug_info</name>
         <load_address>0xd350</load_address>
         <run_address>0xd350</run_address>
         <size>0x2ff</size>
         <input_file_ref idref="fl-d3"/>
      </object_component>
      <object_component id="oc-13e">
         <name>.debug_info</name>
         <load_address>0xd64f</load_address>
         <run_address>0xd64f</run_address>
         <size>0x2cd</size>
         <input_file_ref idref="fl-d3"/>
      </object_component>
      <object_component id="oc-12c">
         <name>.debug_info</name>
         <load_address>0xd91c</load_address>
         <run_address>0xd91c</run_address>
         <size>0x2bf</size>
         <input_file_ref idref="fl-d3"/>
      </object_component>
      <object_component id="oc-138">
         <name>.debug_info</name>
         <load_address>0xdbdb</load_address>
         <run_address>0xdbdb</run_address>
         <size>0x27f</size>
         <input_file_ref idref="fl-d3"/>
      </object_component>
      <object_component id="oc-126">
         <name>.debug_info</name>
         <load_address>0xde5a</load_address>
         <run_address>0xde5a</run_address>
         <size>0x2bc</size>
         <input_file_ref idref="fl-d3"/>
      </object_component>
      <object_component id="oc-18d">
         <name>.debug_info</name>
         <load_address>0xe116</load_address>
         <run_address>0xe116</run_address>
         <size>0x441</size>
         <input_file_ref idref="fl-d4"/>
      </object_component>
      <object_component id="oc-1e7">
         <name>.debug_info</name>
         <load_address>0xe557</load_address>
         <run_address>0xe557</run_address>
         <size>0x156</size>
         <input_file_ref idref="fl-d4"/>
      </object_component>
      <object_component id="oc-1ea">
         <name>.debug_info</name>
         <load_address>0xe6ad</load_address>
         <run_address>0xe6ad</run_address>
         <size>0x162</size>
         <input_file_ref idref="fl-d4"/>
      </object_component>
      <object_component id="oc-26e">
         <name>.debug_info</name>
         <load_address>0xe80f</load_address>
         <run_address>0xe80f</run_address>
         <size>0x15c</size>
         <input_file_ref idref="fl-d4"/>
      </object_component>
      <object_component id="oc-1ed">
         <name>.debug_info</name>
         <load_address>0xe96b</load_address>
         <run_address>0xe96b</run_address>
         <size>0x169</size>
         <input_file_ref idref="fl-d4"/>
      </object_component>
      <object_component id="oc-10b">
         <name>.debug_info</name>
         <load_address>0xead4</load_address>
         <run_address>0xead4</run_address>
         <size>0x29e</size>
         <input_file_ref idref="fl-d4"/>
      </object_component>
      <object_component id="oc-e7">
         <name>.debug_info</name>
         <load_address>0xed72</load_address>
         <run_address>0xed72</run_address>
         <size>0x288</size>
         <input_file_ref idref="fl-d4"/>
      </object_component>
      <object_component id="oc-c9">
         <name>.debug_info</name>
         <load_address>0xeffa</load_address>
         <run_address>0xeffa</run_address>
         <size>0x286</size>
         <input_file_ref idref="fl-d4"/>
      </object_component>
      <object_component id="oc-105">
         <name>.debug_info</name>
         <load_address>0xf280</load_address>
         <run_address>0xf280</run_address>
         <size>0x288</size>
         <input_file_ref idref="fl-d4"/>
      </object_component>
      <object_component id="oc-ff">
         <name>.debug_info</name>
         <load_address>0xf508</load_address>
         <run_address>0xf508</run_address>
         <size>0x26c</size>
         <input_file_ref idref="fl-d4"/>
      </object_component>
      <object_component id="oc-1db">
         <name>.debug_info</name>
         <load_address>0xf774</load_address>
         <run_address>0xf774</run_address>
         <size>0x279</size>
         <input_file_ref idref="fl-d4"/>
      </object_component>
      <object_component id="oc-1e1">
         <name>.debug_info</name>
         <load_address>0xf9ed</load_address>
         <run_address>0xf9ed</run_address>
         <size>0x2c3</size>
         <input_file_ref idref="fl-d4"/>
      </object_component>
      <object_component id="oc-f9">
         <name>.debug_info</name>
         <load_address>0xfcb0</load_address>
         <run_address>0xfcb0</run_address>
         <size>0x4a3</size>
         <input_file_ref idref="fl-d4"/>
      </object_component>
      <object_component id="oc-233">
         <name>.debug_info</name>
         <load_address>0x10153</load_address>
         <run_address>0x10153</run_address>
         <size>0x51</size>
         <input_file_ref idref="fl-d4"/>
      </object_component>
      <object_component id="oc-1a1">
         <name>.debug_info</name>
         <load_address>0x101a4</load_address>
         <run_address>0x101a4</run_address>
         <size>0x3cb</size>
         <input_file_ref idref="fl-d5"/>
      </object_component>
      <object_component id="oc-db">
         <name>.debug_info</name>
         <load_address>0x1056f</load_address>
         <run_address>0x1056f</run_address>
         <size>0x29a</size>
         <input_file_ref idref="fl-d5"/>
      </object_component>
      <object_component id="oc-2e9">
         <name>.debug_info</name>
         <load_address>0x10809</load_address>
         <run_address>0x10809</run_address>
         <size>0x91</size>
      </object_component>
      <object_component id="oc-186">
         <name>.debug_line</name>
         <load_address>0x0</load_address>
         <run_address>0x0</run_address>
         <size>0x5b</size>
         <input_file_ref idref="fl-2"/>
      </object_component>
      <object_component id="oc-26c">
         <name>.debug_line</name>
         <load_address>0x5b</load_address>
         <run_address>0x5b</run_address>
         <size>0x55</size>
         <input_file_ref idref="fl-2"/>
      </object_component>
      <object_component id="oc-f6">
         <name>.debug_line</name>
         <load_address>0xb0</load_address>
         <run_address>0xb0</run_address>
         <size>0x56e</size>
         <input_file_ref idref="fl-2"/>
      </object_component>
      <object_component id="oc-73">
         <name>.debug_line</name>
         <load_address>0x61e</load_address>
         <run_address>0x61e</run_address>
         <size>0x6f</size>
         <input_file_ref idref="fl-2"/>
      </object_component>
      <object_component id="oc-b5">
         <name>.debug_line</name>
         <load_address>0x68d</load_address>
         <run_address>0x68d</run_address>
         <size>0x20</size>
         <input_file_ref idref="fl-2"/>
      </object_component>
      <object_component id="oc-b0">
         <name>.debug_line</name>
         <load_address>0x6ad</load_address>
         <run_address>0x6ad</run_address>
         <size>0x73</size>
         <input_file_ref idref="fl-2"/>
      </object_component>
      <object_component id="oc-1d8">
         <name>.debug_line</name>
         <load_address>0x720</load_address>
         <run_address>0x720</run_address>
         <size>0x6f</size>
         <input_file_ref idref="fl-2"/>
      </object_component>
      <object_component id="oc-78">
         <name>.debug_line</name>
         <load_address>0x78f</load_address>
         <run_address>0x78f</run_address>
         <size>0x70</size>
         <input_file_ref idref="fl-2"/>
      </object_component>
      <object_component id="oc-204">
         <name>.debug_line</name>
         <load_address>0x7ff</load_address>
         <run_address>0x7ff</run_address>
         <size>0x1c6</size>
         <input_file_ref idref="fl-3"/>
      </object_component>
      <object_component id="oc-20b">
         <name>.debug_line</name>
         <load_address>0x9c5</load_address>
         <run_address>0x9c5</run_address>
         <size>0x2d</size>
         <input_file_ref idref="fl-3"/>
      </object_component>
      <object_component id="oc-9c">
         <name>.debug_line</name>
         <load_address>0x9f2</load_address>
         <run_address>0x9f2</run_address>
         <size>0x1e8</size>
         <input_file_ref idref="fl-3"/>
      </object_component>
      <object_component id="oc-208">
         <name>.debug_line</name>
         <load_address>0xbda</load_address>
         <run_address>0xbda</run_address>
         <size>0x53</size>
         <input_file_ref idref="fl-3"/>
      </object_component>
      <object_component id="oc-1b5">
         <name>.debug_line</name>
         <load_address>0xc2d</load_address>
         <run_address>0xc2d</run_address>
         <size>0x6b</size>
         <input_file_ref idref="fl-3"/>
      </object_component>
      <object_component id="oc-6f">
         <name>.debug_line</name>
         <load_address>0xc98</load_address>
         <run_address>0xc98</run_address>
         <size>0x42</size>
         <input_file_ref idref="fl-4"/>
      </object_component>
      <object_component id="oc-2e">
         <name>.debug_line</name>
         <load_address>0xcda</load_address>
         <run_address>0xcda</run_address>
         <size>0x42</size>
         <input_file_ref idref="fl-4"/>
      </object_component>
      <object_component id="oc-2c">
         <name>.debug_line</name>
         <load_address>0xd1c</load_address>
         <run_address>0xd1c</run_address>
         <size>0x9c</size>
         <input_file_ref idref="fl-4"/>
      </object_component>
      <object_component id="oc-39">
         <name>.debug_line</name>
         <load_address>0xdb8</load_address>
         <run_address>0xdb8</run_address>
         <size>0x20</size>
         <input_file_ref idref="fl-4"/>
      </object_component>
      <object_component id="oc-256">
         <name>.debug_line</name>
         <load_address>0xdd8</load_address>
         <run_address>0xdd8</run_address>
         <size>0x20</size>
         <input_file_ref idref="fl-5"/>
      </object_component>
      <object_component id="oc-250">
         <name>.debug_line</name>
         <load_address>0xdf8</load_address>
         <run_address>0xdf8</run_address>
         <size>0x57</size>
         <input_file_ref idref="fl-5"/>
      </object_component>
      <object_component id="oc-254">
         <name>.debug_line</name>
         <load_address>0xe4f</load_address>
         <run_address>0xe4f</run_address>
         <size>0x57</size>
         <input_file_ref idref="fl-5"/>
      </object_component>
      <object_component id="oc-252">
         <name>.debug_line</name>
         <load_address>0xea6</load_address>
         <run_address>0xea6</run_address>
         <size>0x57</size>
         <input_file_ref idref="fl-5"/>
      </object_component>
      <object_component id="oc-e2">
         <name>.debug_line</name>
         <load_address>0xefd</load_address>
         <run_address>0xefd</run_address>
         <size>0x289</size>
         <input_file_ref idref="fl-5"/>
      </object_component>
      <object_component id="oc-27a">
         <name>.debug_line</name>
         <load_address>0x1186</load_address>
         <run_address>0x1186</run_address>
         <size>0x56</size>
         <input_file_ref idref="fl-7"/>
      </object_component>
      <object_component id="oc-11a">
         <name>.debug_line</name>
         <load_address>0x11dc</load_address>
         <run_address>0x11dc</run_address>
         <size>0x17e</size>
         <input_file_ref idref="fl-7"/>
      </object_component>
      <object_component id="oc-1a6">
         <name>.debug_line</name>
         <load_address>0x135a</load_address>
         <run_address>0x135a</run_address>
         <size>0x5b</size>
         <input_file_ref idref="fl-c3"/>
      </object_component>
      <object_component id="oc-c5">
         <name>.debug_line</name>
         <load_address>0x13b5</load_address>
         <run_address>0x13b5</run_address>
         <size>0x92</size>
         <input_file_ref idref="fl-c4"/>
      </object_component>
      <object_component id="oc-49">
         <name>.debug_line</name>
         <load_address>0x1447</load_address>
         <run_address>0x1447</run_address>
         <size>0x56</size>
         <input_file_ref idref="fl-c4"/>
      </object_component>
      <object_component id="oc-8c">
         <name>.debug_line</name>
         <load_address>0x149d</load_address>
         <run_address>0x149d</run_address>
         <size>0x34</size>
         <input_file_ref idref="fl-c4"/>
      </object_component>
      <object_component id="oc-c2">
         <name>.debug_line</name>
         <load_address>0x14d1</load_address>
         <run_address>0x14d1</run_address>
         <size>0x92</size>
         <input_file_ref idref="fl-c4"/>
      </object_component>
      <object_component id="oc-87">
         <name>.debug_line</name>
         <load_address>0x1563</load_address>
         <run_address>0x1563</run_address>
         <size>0x20</size>
         <input_file_ref idref="fl-c5"/>
      </object_component>
      <object_component id="oc-1d">
         <name>.debug_line</name>
         <load_address>0x1583</load_address>
         <run_address>0x1583</run_address>
         <size>0x55</size>
         <input_file_ref idref="fl-c5"/>
      </object_component>
      <object_component id="oc-44">
         <name>.debug_line</name>
         <load_address>0x15d8</load_address>
         <run_address>0x15d8</run_address>
         <size>0x3a</size>
         <input_file_ref idref="fl-c5"/>
      </object_component>
      <object_component id="oc-84">
         <name>.debug_line</name>
         <load_address>0x1612</load_address>
         <run_address>0x1612</run_address>
         <size>0x92</size>
         <input_file_ref idref="fl-c5"/>
      </object_component>
      <object_component id="oc-be">
         <name>.debug_line</name>
         <load_address>0x16a4</load_address>
         <run_address>0x16a4</run_address>
         <size>0x20</size>
         <input_file_ref idref="fl-c6"/>
      </object_component>
      <object_component id="oc-16">
         <name>.debug_line</name>
         <load_address>0x16c4</load_address>
         <run_address>0x16c4</run_address>
         <size>0xa9</size>
         <input_file_ref idref="fl-c6"/>
      </object_component>
      <object_component id="oc-34">
         <name>.debug_line</name>
         <load_address>0x176d</load_address>
         <run_address>0x176d</run_address>
         <size>0x3a</size>
         <input_file_ref idref="fl-c6"/>
      </object_component>
      <object_component id="oc-bb">
         <name>.debug_line</name>
         <load_address>0x17a7</load_address>
         <run_address>0x17a7</run_address>
         <size>0x9a</size>
         <input_file_ref idref="fl-c6"/>
      </object_component>
      <object_component id="oc-7d">
         <name>.debug_line</name>
         <load_address>0x1841</load_address>
         <run_address>0x1841</run_address>
         <size>0x96</size>
         <input_file_ref idref="fl-c6"/>
      </object_component>
      <object_component id="oc-6c">
         <name>.debug_line</name>
         <load_address>0x18d7</load_address>
         <run_address>0x18d7</run_address>
         <size>0x33</size>
         <input_file_ref idref="fl-c7"/>
      </object_component>
      <object_component id="oc-5e">
         <name>.debug_line</name>
         <load_address>0x190a</load_address>
         <run_address>0x190a</run_address>
         <size>0x45</size>
         <input_file_ref idref="fl-c7"/>
      </object_component>
      <object_component id="oc-24a">
         <name>.debug_line</name>
         <load_address>0x194f</load_address>
         <run_address>0x194f</run_address>
         <size>0x37</size>
         <input_file_ref idref="fl-c8"/>
      </object_component>
      <object_component id="oc-3f">
         <name>.debug_line</name>
         <load_address>0x1986</load_address>
         <run_address>0x1986</run_address>
         <size>0x88</size>
         <input_file_ref idref="fl-ca"/>
      </object_component>
      <object_component id="oc-28c">
         <name>.debug_line</name>
         <load_address>0x1a0e</load_address>
         <run_address>0x1a0e</run_address>
         <size>0xbf</size>
         <input_file_ref idref="fl-cb"/>
      </object_component>
      <object_component id="oc-154">
         <name>.debug_line</name>
         <load_address>0x1acd</load_address>
         <run_address>0x1acd</run_address>
         <size>0x6f</size>
         <input_file_ref idref="fl-cb"/>
      </object_component>
      <object_component id="oc-290">
         <name>.debug_line</name>
         <load_address>0x1b3c</load_address>
         <run_address>0x1b3c</run_address>
         <size>0x2e</size>
         <input_file_ref idref="fl-cb"/>
      </object_component>
      <object_component id="oc-2b0">
         <name>.debug_line</name>
         <load_address>0x1b6a</load_address>
         <run_address>0x1b6a</run_address>
         <size>0x9a</size>
         <input_file_ref idref="fl-cb"/>
      </object_component>
      <object_component id="oc-295">
         <name>.debug_line</name>
         <load_address>0x1c04</load_address>
         <run_address>0x1c04</run_address>
         <size>0x97</size>
         <input_file_ref idref="fl-cb"/>
      </object_component>
      <object_component id="oc-29a">
         <name>.debug_line</name>
         <load_address>0x1c9b</load_address>
         <run_address>0x1c9b</run_address>
         <size>0x93</size>
         <input_file_ref idref="fl-cb"/>
      </object_component>
      <object_component id="oc-97">
         <name>.debug_line</name>
         <load_address>0x1d2e</load_address>
         <run_address>0x1d2e</run_address>
         <size>0x40</size>
         <input_file_ref idref="fl-cc"/>
      </object_component>
      <object_component id="oc-14b">
         <name>.debug_line</name>
         <load_address>0x1d6e</load_address>
         <run_address>0x1d6e</run_address>
         <size>0x3c</size>
         <input_file_ref idref="fl-ce"/>
      </object_component>
      <object_component id="oc-244">
         <name>.debug_line</name>
         <load_address>0x1daa</load_address>
         <run_address>0x1daa</run_address>
         <size>0x82</size>
         <input_file_ref idref="fl-d1"/>
      </object_component>
      <object_component id="oc-242">
         <name>.debug_line</name>
         <load_address>0x1e2c</load_address>
         <run_address>0x1e2c</run_address>
         <size>0x7d</size>
         <input_file_ref idref="fl-d1"/>
      </object_component>
      <object_component id="oc-197">
         <name>.debug_line</name>
         <load_address>0x1ea9</load_address>
         <run_address>0x1ea9</run_address>
         <size>0x95</size>
         <input_file_ref idref="fl-d1"/>
      </object_component>
      <object_component id="oc-19d">
         <name>.debug_line</name>
         <load_address>0x1f3e</load_address>
         <run_address>0x1f3e</run_address>
         <size>0xc4</size>
         <input_file_ref idref="fl-d1"/>
      </object_component>
      <object_component id="oc-d8">
         <name>.debug_line</name>
         <load_address>0x2002</load_address>
         <run_address>0x2002</run_address>
         <size>0x99</size>
         <input_file_ref idref="fl-d1"/>
      </object_component>
      <object_component id="oc-111">
         <name>.debug_line</name>
         <load_address>0x209b</load_address>
         <run_address>0x209b</run_address>
         <size>0x99</size>
         <input_file_ref idref="fl-d1"/>
      </object_component>
      <object_component id="oc-121">
         <name>.debug_line</name>
         <load_address>0x2134</load_address>
         <run_address>0x2134</run_address>
         <size>0x99</size>
         <input_file_ref idref="fl-d1"/>
      </object_component>
      <object_component id="oc-1f9">
         <name>.debug_line</name>
         <load_address>0x21cd</load_address>
         <run_address>0x21cd</run_address>
         <size>0x99</size>
         <input_file_ref idref="fl-d1"/>
      </object_component>
      <object_component id="oc-f0">
         <name>.debug_line</name>
         <load_address>0x2266</load_address>
         <run_address>0x2266</run_address>
         <size>0x99</size>
         <input_file_ref idref="fl-d1"/>
      </object_component>
      <object_component id="oc-d2">
         <name>.debug_line</name>
         <load_address>0x22ff</load_address>
         <run_address>0x22ff</run_address>
         <size>0xa7</size>
         <input_file_ref idref="fl-d1"/>
      </object_component>
      <object_component id="oc-23f">
         <name>.debug_line</name>
         <load_address>0x23a6</load_address>
         <run_address>0x23a6</run_address>
         <size>0x71</size>
         <input_file_ref idref="fl-d1"/>
      </object_component>
      <object_component id="oc-22f">
         <name>.debug_line</name>
         <load_address>0x2417</load_address>
         <run_address>0x2417</run_address>
         <size>0x75</size>
         <input_file_ref idref="fl-d1"/>
      </object_component>
      <object_component id="oc-23a">
         <name>.debug_line</name>
         <load_address>0x248c</load_address>
         <run_address>0x248c</run_address>
         <size>0x71</size>
         <input_file_ref idref="fl-d1"/>
      </object_component>
      <object_component id="oc-18b">
         <name>.debug_line</name>
         <load_address>0x24fd</load_address>
         <run_address>0x24fd</run_address>
         <size>0x72</size>
         <input_file_ref idref="fl-d1"/>
      </object_component>
      <object_component id="oc-2a2">
         <name>.debug_line</name>
         <load_address>0x256f</load_address>
         <run_address>0x256f</run_address>
         <size>0x7c</size>
         <input_file_ref idref="fl-d2"/>
      </object_component>
      <object_component id="oc-2a7">
         <name>.debug_line</name>
         <load_address>0x25eb</load_address>
         <run_address>0x25eb</run_address>
         <size>0x82</size>
         <input_file_ref idref="fl-d2"/>
      </object_component>
      <object_component id="oc-2a0">
         <name>.debug_line</name>
         <load_address>0x266d</load_address>
         <run_address>0x266d</run_address>
         <size>0x82</size>
         <input_file_ref idref="fl-d2"/>
      </object_component>
      <object_component id="oc-2a4">
         <name>.debug_line</name>
         <load_address>0x26ef</load_address>
         <run_address>0x26ef</run_address>
         <size>0x82</size>
         <input_file_ref idref="fl-d2"/>
      </object_component>
      <object_component id="oc-264">
         <name>.debug_line</name>
         <load_address>0x2771</load_address>
         <run_address>0x2771</run_address>
         <size>0x97</size>
         <input_file_ref idref="fl-d2"/>
      </object_component>
      <object_component id="oc-1c4">
         <name>.debug_line</name>
         <load_address>0x2808</load_address>
         <run_address>0x2808</run_address>
         <size>0x97</size>
         <input_file_ref idref="fl-d2"/>
      </object_component>
      <object_component id="oc-1c7">
         <name>.debug_line</name>
         <load_address>0x289f</load_address>
         <run_address>0x289f</run_address>
         <size>0xaf</size>
         <input_file_ref idref="fl-d2"/>
      </object_component>
      <object_component id="oc-1cc">
         <name>.debug_line</name>
         <load_address>0x294e</load_address>
         <run_address>0x294e</run_address>
         <size>0xc2</size>
         <input_file_ref idref="fl-d2"/>
      </object_component>
      <object_component id="oc-1bb">
         <name>.debug_line</name>
         <load_address>0x2a10</load_address>
         <run_address>0x2a10</run_address>
         <size>0xc2</size>
         <input_file_ref idref="fl-d2"/>
      </object_component>
      <object_component id="oc-27c">
         <name>.debug_line</name>
         <load_address>0x2ad2</load_address>
         <run_address>0x2ad2</run_address>
         <size>0x82</size>
         <input_file_ref idref="fl-d3"/>
      </object_component>
      <object_component id="oc-131">
         <name>.debug_line</name>
         <load_address>0x2b54</load_address>
         <run_address>0x2b54</run_address>
         <size>0x9e</size>
         <input_file_ref idref="fl-d3"/>
      </object_component>
      <object_component id="oc-13d">
         <name>.debug_line</name>
         <load_address>0x2bf2</load_address>
         <run_address>0x2bf2</run_address>
         <size>0x95</size>
         <input_file_ref idref="fl-d3"/>
      </object_component>
      <object_component id="oc-12b">
         <name>.debug_line</name>
         <load_address>0x2c87</load_address>
         <run_address>0x2c87</run_address>
         <size>0x96</size>
         <input_file_ref idref="fl-d3"/>
      </object_component>
      <object_component id="oc-137">
         <name>.debug_line</name>
         <load_address>0x2d1d</load_address>
         <run_address>0x2d1d</run_address>
         <size>0x91</size>
         <input_file_ref idref="fl-d3"/>
      </object_component>
      <object_component id="oc-124">
         <name>.debug_line</name>
         <load_address>0x2dae</load_address>
         <run_address>0x2dae</run_address>
         <size>0x9b</size>
         <input_file_ref idref="fl-d3"/>
      </object_component>
      <object_component id="oc-232">
         <name>.debug_line</name>
         <load_address>0x2e49</load_address>
         <run_address>0x2e49</run_address>
         <size>0x13d</size>
         <input_file_ref idref="fl-d4"/>
      </object_component>
      <object_component id="oc-273">
         <name>.debug_line</name>
         <load_address>0x2f86</load_address>
         <run_address>0x2f86</run_address>
         <size>0x7f</size>
         <input_file_ref idref="fl-d4"/>
      </object_component>
      <object_component id="oc-275">
         <name>.debug_line</name>
         <load_address>0x3005</load_address>
         <run_address>0x3005</run_address>
         <size>0x7f</size>
         <input_file_ref idref="fl-d4"/>
      </object_component>
      <object_component id="oc-2a9">
         <name>.debug_line</name>
         <load_address>0x3084</load_address>
         <run_address>0x3084</run_address>
         <size>0x7f</size>
         <input_file_ref idref="fl-d4"/>
      </object_component>
      <object_component id="oc-277">
         <name>.debug_line</name>
         <load_address>0x3103</load_address>
         <run_address>0x3103</run_address>
         <size>0x7f</size>
         <input_file_ref idref="fl-d4"/>
      </object_component>
      <object_component id="oc-10e">
         <name>.debug_line</name>
         <load_address>0x3182</load_address>
         <run_address>0x3182</run_address>
         <size>0xa7</size>
         <input_file_ref idref="fl-d4"/>
      </object_component>
      <object_component id="oc-eb">
         <name>.debug_line</name>
         <load_address>0x3229</load_address>
         <run_address>0x3229</run_address>
         <size>0x94</size>
         <input_file_ref idref="fl-d4"/>
      </object_component>
      <object_component id="oc-cc">
         <name>.debug_line</name>
         <load_address>0x32bd</load_address>
         <run_address>0x32bd</run_address>
         <size>0x94</size>
         <input_file_ref idref="fl-d4"/>
      </object_component>
      <object_component id="oc-108">
         <name>.debug_line</name>
         <load_address>0x3351</load_address>
         <run_address>0x3351</run_address>
         <size>0x94</size>
         <input_file_ref idref="fl-d4"/>
      </object_component>
      <object_component id="oc-102">
         <name>.debug_line</name>
         <load_address>0x33e5</load_address>
         <run_address>0x33e5</run_address>
         <size>0x94</size>
         <input_file_ref idref="fl-d4"/>
      </object_component>
      <object_component id="oc-1de">
         <name>.debug_line</name>
         <load_address>0x3479</load_address>
         <run_address>0x3479</run_address>
         <size>0x9e</size>
         <input_file_ref idref="fl-d4"/>
      </object_component>
      <object_component id="oc-1e4">
         <name>.debug_line</name>
         <load_address>0x3517</load_address>
         <run_address>0x3517</run_address>
         <size>0xae</size>
         <input_file_ref idref="fl-d4"/>
      </object_component>
      <object_component id="oc-fc">
         <name>.debug_line</name>
         <load_address>0x35c5</load_address>
         <run_address>0x35c5</run_address>
         <size>0x192</size>
         <input_file_ref idref="fl-d4"/>
      </object_component>
      <object_component id="oc-235">
         <name>.debug_line</name>
         <load_address>0x3757</load_address>
         <run_address>0x3757</run_address>
         <size>0x7f</size>
         <input_file_ref idref="fl-d4"/>
      </object_component>
      <object_component id="oc-248">
         <name>.debug_line</name>
         <load_address>0x37d6</load_address>
         <run_address>0x37d6</run_address>
         <size>0x82</size>
         <input_file_ref idref="fl-d5"/>
      </object_component>
      <object_component id="oc-df">
         <name>.debug_line</name>
         <load_address>0x3858</load_address>
         <run_address>0x3858</run_address>
         <size>0x92</size>
         <input_file_ref idref="fl-d5"/>
      </object_component>
      <object_component id="oc-f7">
         <name>.debug_frame</name>
         <load_address>0x0</load_address>
         <run_address>0x0</run_address>
         <size>0x3d0</size>
         <input_file_ref idref="fl-2"/>
      </object_component>
      <object_component id="oc-a0">
         <name>.debug_frame</name>
         <load_address>0x3d0</load_address>
         <run_address>0x3d0</run_address>
         <size>0xf0</size>
         <input_file_ref idref="fl-3"/>
      </object_component>
      <object_component id="oc-29">
         <name>.debug_frame</name>
         <load_address>0x4c0</load_address>
         <run_address>0x4c0</run_address>
         <size>0x90</size>
         <input_file_ref idref="fl-4"/>
      </object_component>
      <object_component id="oc-e3">
         <name>.debug_frame</name>
         <load_address>0x550</load_address>
         <run_address>0x550</run_address>
         <size>0x11c</size>
         <input_file_ref idref="fl-5"/>
      </object_component>
      <object_component id="oc-11b">
         <name>.debug_frame</name>
         <load_address>0x66c</load_address>
         <run_address>0x66c</run_address>
         <size>0xa0</size>
         <input_file_ref idref="fl-7"/>
      </object_component>
      <object_component id="oc-4c">
         <name>.debug_frame</name>
         <load_address>0x70c</load_address>
         <run_address>0x70c</run_address>
         <size>0x54</size>
         <input_file_ref idref="fl-c4"/>
      </object_component>
      <object_component id="oc-1e">
         <name>.debug_frame</name>
         <load_address>0x760</load_address>
         <run_address>0x760</run_address>
         <size>0x54</size>
         <input_file_ref idref="fl-c5"/>
      </object_component>
      <object_component id="oc-1a">
         <name>.debug_frame</name>
         <load_address>0x7b4</load_address>
         <run_address>0x7b4</run_address>
         <size>0x60</size>
         <input_file_ref idref="fl-c6"/>
      </object_component>
      <object_component id="oc-5d">
         <name>.debug_frame</name>
         <load_address>0x814</load_address>
         <run_address>0x814</run_address>
         <size>0x50</size>
         <input_file_ref idref="fl-c7"/>
      </object_component>
      <object_component id="oc-155">
         <name>.debug_frame</name>
         <load_address>0x864</load_address>
         <run_address>0x864</run_address>
         <size>0x5c</size>
         <input_file_ref idref="fl-cb"/>
      </object_component>
      <object_component id="oc-96">
         <name>.debug_frame</name>
         <load_address>0x8c0</load_address>
         <run_address>0x8c0</run_address>
         <size>0x54</size>
         <input_file_ref idref="fl-cc"/>
      </object_component>
      <object_component id="oc-14c">
         <name>.debug_frame</name>
         <load_address>0x914</load_address>
         <run_address>0x914</run_address>
         <size>0x54</size>
         <input_file_ref idref="fl-ce"/>
      </object_component>
      <object_component id="oc-198">
         <name>.debug_frame</name>
         <load_address>0x968</load_address>
         <run_address>0x968</run_address>
         <size>0x54</size>
         <input_file_ref idref="fl-d1"/>
      </object_component>
      <object_component id="oc-19e">
         <name>.debug_frame</name>
         <load_address>0x9bc</load_address>
         <run_address>0x9bc</run_address>
         <size>0x68</size>
         <input_file_ref idref="fl-d1"/>
      </object_component>
      <object_component id="oc-d9">
         <name>.debug_frame</name>
         <load_address>0xa24</load_address>
         <run_address>0xa24</run_address>
         <size>0x58</size>
         <input_file_ref idref="fl-d1"/>
      </object_component>
      <object_component id="oc-115">
         <name>.debug_frame</name>
         <load_address>0xa7c</load_address>
         <run_address>0xa7c</run_address>
         <size>0x58</size>
         <input_file_ref idref="fl-d1"/>
      </object_component>
      <object_component id="oc-120">
         <name>.debug_frame</name>
         <load_address>0xad4</load_address>
         <run_address>0xad4</run_address>
         <size>0x5c</size>
         <input_file_ref idref="fl-d1"/>
      </object_component>
      <object_component id="oc-1f8">
         <name>.debug_frame</name>
         <load_address>0xb30</load_address>
         <run_address>0xb30</run_address>
         <size>0x58</size>
         <input_file_ref idref="fl-d1"/>
      </object_component>
      <object_component id="oc-f1">
         <name>.debug_frame</name>
         <load_address>0xb88</load_address>
         <run_address>0xb88</run_address>
         <size>0x58</size>
         <input_file_ref idref="fl-d1"/>
      </object_component>
      <object_component id="oc-d3">
         <name>.debug_frame</name>
         <load_address>0xbe0</load_address>
         <run_address>0xbe0</run_address>
         <size>0x58</size>
         <input_file_ref idref="fl-d1"/>
      </object_component>
      <object_component id="oc-260">
         <name>.debug_frame</name>
         <load_address>0xc38</load_address>
         <run_address>0xc38</run_address>
         <size>0x54</size>
         <input_file_ref idref="fl-d2"/>
      </object_component>
      <object_component id="oc-1c0">
         <name>.debug_frame</name>
         <load_address>0xc8c</load_address>
         <run_address>0xc8c</run_address>
         <size>0x54</size>
         <input_file_ref idref="fl-d2"/>
      </object_component>
      <object_component id="oc-1c6">
         <name>.debug_frame</name>
         <load_address>0xce0</load_address>
         <run_address>0xce0</run_address>
         <size>0x60</size>
         <input_file_ref idref="fl-d2"/>
      </object_component>
      <object_component id="oc-1cd">
         <name>.debug_frame</name>
         <load_address>0xd40</load_address>
         <run_address>0xd40</run_address>
         <size>0x54</size>
         <input_file_ref idref="fl-d2"/>
      </object_component>
      <object_component id="oc-1ba">
         <name>.debug_frame</name>
         <load_address>0xd94</load_address>
         <run_address>0xd94</run_address>
         <size>0x54</size>
         <input_file_ref idref="fl-d2"/>
      </object_component>
      <object_component id="oc-12f">
         <name>.debug_frame</name>
         <load_address>0xde8</load_address>
         <run_address>0xde8</run_address>
         <size>0x54</size>
         <input_file_ref idref="fl-d3"/>
      </object_component>
      <object_component id="oc-13b">
         <name>.debug_frame</name>
         <load_address>0xe3c</load_address>
         <run_address>0xe3c</run_address>
         <size>0x54</size>
         <input_file_ref idref="fl-d3"/>
      </object_component>
      <object_component id="oc-129">
         <name>.debug_frame</name>
         <load_address>0xe90</load_address>
         <run_address>0xe90</run_address>
         <size>0x54</size>
         <input_file_ref idref="fl-d3"/>
      </object_component>
      <object_component id="oc-135">
         <name>.debug_frame</name>
         <load_address>0xee4</load_address>
         <run_address>0xee4</run_address>
         <size>0x54</size>
         <input_file_ref idref="fl-d3"/>
      </object_component>
      <object_component id="oc-123">
         <name>.debug_frame</name>
         <load_address>0xf38</load_address>
         <run_address>0xf38</run_address>
         <size>0x54</size>
         <input_file_ref idref="fl-d3"/>
      </object_component>
      <object_component id="oc-10f">
         <name>.debug_frame</name>
         <load_address>0xf8c</load_address>
         <run_address>0xf8c</run_address>
         <size>0x58</size>
         <input_file_ref idref="fl-d4"/>
      </object_component>
      <object_component id="oc-ea">
         <name>.debug_frame</name>
         <load_address>0xfe4</load_address>
         <run_address>0xfe4</run_address>
         <size>0x54</size>
         <input_file_ref idref="fl-d4"/>
      </object_component>
      <object_component id="oc-cd">
         <name>.debug_frame</name>
         <load_address>0x1038</load_address>
         <run_address>0x1038</run_address>
         <size>0x54</size>
         <input_file_ref idref="fl-d4"/>
      </object_component>
      <object_component id="oc-109">
         <name>.debug_frame</name>
         <load_address>0x108c</load_address>
         <run_address>0x108c</run_address>
         <size>0x54</size>
         <input_file_ref idref="fl-d4"/>
      </object_component>
      <object_component id="oc-103">
         <name>.debug_frame</name>
         <load_address>0x10e0</load_address>
         <run_address>0x10e0</run_address>
[...]
            </available_space>
         </usage_details>
      </memory_area>
   </placement_map>
   <cptbl_list>
      <cptbl>
         <name>__TI_cinit_table</name>
         <cprec>
            <name>.data</name>
            <load_address>0x1c60</load_address>
            <load_size>0x11</load_size>
            <run_address>0x20000470</run_address>
            <run_size>0x11</run_size>
            <compression>lzss</compression>
         </cprec>
         <cprec>
            <name>.bss</name>
            <load_address>0x1c80</load_address>
            <load_size>0x8</load_size>
            <run_address>0x20000484</run_address>
            <run_size>0xc</run_size>
            <compression>zero_init</compression>
         </cprec>
         <cprec>
            <name>.vtable</name>
            <load_address>0x1c88</load_address>
            <load_size>0x8</load_size>
            <run_address>0x20000000</run_address>
            <run_size>0x26c</run_size>
            <compression>zero_init</compression>
         </cprec>
      </cptbl>
   </cptbl_list>
   <handler_table>
      <handler_table_name>__TI_handler_table</handler_table_name>
      <handler>
         <index>0x0</index>
         <name>__TI_zero_init</name>
      </handler>
      <handler>
         <index>0x1</index>
         <name>__TI_decompress_lzss</name>
      </handler>
      <handler>
         <index>0x2</index>
         <name>__TI_decompress_none</name>
      </handler>
   </handler_table>
   <symbol_table>
      <symbol id="sm-1">
         <name>__STACK_TOP</name>
         <value>0x20000470</value>
      </symbol>
      <symbol id="sm-2">
         <name>__start___llvm_prf_cnts</name>
         <value>0x20000000</value>
      </symbol>
      <symbol id="sm-3">
         <name>__stop___llvm_prf_cnts</name>
         <value>0x20000000</value>
      </symbol>
      <symbol id="sm-4">
         <name>__TI_CINIT_Base</name>
         <value>0x1c90</value>
      </symbol>
      <symbol id="sm-5">
         <name>__TI_CINIT_Limit</name>
         <value>0x1ca8</value>
      </symbol>
      <symbol id="sm-6">
         <name>__TI_Handler_Table_Base</name>
         <value>0x1c74</value>
      </symbol>
      <symbol id="sm-7">
         <name>__TI_Handler_Table_Limit</name>
         <value>0x1c80</value>
      </symbol>
      <symbol id="sm-8">
         <name>binit</name>
         <value>0xffffffff</value>
      </symbol>
      <symbol id="sm-9">
         <name>__binit__</name>
         <value>0xffffffff</value>
      </symbol>
      <symbol id="sm-a">
         <name>__STACK_SIZE</name>
         <value>0x200</value>
      </symbol>
      <symbol id="sm-b">
         <name>__STACK_END</name>
         <value>0x20000470</value>
      </symbol>
      <symbol id="sm-c">
         <name>__c_args__</name>
         <value>0xffffffff</value>
      </symbol>
      <symbol id="sm-d">
         <name>__TI_pprof_out_hndl</name>
         <value>0xffffffff</value>
      </symbol>
      <symbol id="sm-e">
         <name>__TI_prof_data_start</name>
         <value>0xffffffff</value>
      </symbol>
      <symbol id="sm-f">
         <name>__TI_prof_data_size</name>
         <value>0xffffffff</value>
      </symbol>
      <symbol id="sm-9f">
         <name>ADCIntEnableEx</name>
         <value>0x523</value>
         <object_component_ref idref="oc-f2"/>
      </symbol>
      <symbol id="sm-a0">
         <name>ADCIntDisableEx</name>
         <value>0x53b</value>
         <object_component_ref idref="oc-f2"/>
      </symbol>
      <symbol id="sm-a1">
         <name>ADCComparatorIntEnable</name>
         <value>0x5b1</value>
         <object_component_ref idref="oc-f2"/>
      </symbol>
      <symbol id="sm-a2">
         <name>ADCProcessorTrigger</name>
         <value>0x459</value>
         <object_component_ref idref="oc-f2"/>
      </symbol>
      <symbol id="sm-a3">
         <name>ADCComparatorIntClear</name>
         <value>0x5d1</value>
         <object_component_ref idref="oc-f2"/>
      </symbol>
      <symbol id="sm-a4">
         <name>ADCComparatorConfigure</name>
         <value>0x5d5</value>
         <object_component_ref idref="oc-f2"/>
      </symbol>
      <symbol id="sm-a5">
         <name>ADCSequenceDMAEnable</name>
         <value>0x3d9</value>
         <object_component_ref idref="oc-f2"/>
      </symbol>
      <symbol id="sm-a6">
         <name>ADCComparatorIntStatus</name>
         <value>0x5ad</value>
         <object_component_ref idref="oc-f2"/>
      </symbol>
      <symbol id="sm-a7">
         <name>ADCSequenceUnderflow</name>
         <value>0x307</value>
         <object_component_ref idref="oc-f2"/>
      </symbol>
      <symbol id="sm-a8">
         <name>ADCSequenceUnderflowClear</name>
         <value>0x2fd</value>
         <object_component_ref idref="oc-f2"/>
      </symbol>
      <symbol id="sm-a9">
         <name>ADCSoftwareOversampleStepConfigure</name>
         <value>0x209</value>
         <object_component_ref idref="oc-f2"/>
      </symbol>
      <symbol id="sm-aa">
         <name>ADCPhaseDelaySet</name>
         <value>0x471</value>
         <object_component_ref idref="oc-f2"/>
      </symbol>
      <symbol id="sm-ab">
         <name>ADCComparatorRegionSet</name>
         <value>0x59f</value>
         <object_component_ref idref="oc-f2"/>
      </symbol>
      <symbol id="sm-ac">
         <name>ADCSoftwareOversampleConfigure</name>
         <value>0x2db</value>
         <object_component_ref idref="oc-f2"/>
      </symbol>
      <symbol id="sm-ad">
         <name>ADCSequenceEnable</name>
         <value>0x39f</value>
         <object_component_ref idref="oc-f2"/>
      </symbol>
      <symbol id="sm-ae">
         <name>ADCClockConfigGet</name>
         <value>0x5f7</value>
         <object_component_ref idref="oc-f2"/>
      </symbol>
      <symbol id="sm-af">
         <name>ADCReferenceGet</name>
         <value>0x451</value>
         <object_component_ref idref="oc-f2"/>
      </symbol>
      <symbol id="sm-b0">
         <name>ADCSequenceOverflowClear</name>
         <value>0x38b</value>
         <object_component_ref idref="oc-f2"/>
      </symbol>
      <symbol id="sm-b1">
         <name>ADCIntDisable</name>
         <value>0x545</value>
         <object_component_ref idref="oc-f2"/>
      </symbol>
      <symbol id="sm-b2">
         <name>ADCIntStatusEx</name>
         <value>0x4c9</value>
         <object_component_ref idref="oc-f2"/>
      </symbol>
      <symbol id="sm-b3">
         <name>ADCIntClearEx</name>
         <value>0x553</value>
         <object_component_ref idref="oc-f2"/>
      </symbol>
      <symbol id="sm-b4">
         <name>ADCIntUnregister</name>
         <value>0x4b5</value>
         <object_component_ref idref="oc-f2"/>
      </symbol>
      <symbol id="sm-b5">
         <name>ADCSequenceOverflow</name>
         <value>0x395</value>
         <object_component_ref idref="oc-f2"/>
      </symbol>
      <symbol id="sm-b6">
         <name>ADCSequenceConfigure</name>
         <value>0x3f9</value>
         <object_component_ref idref="oc-f2"/>
      </symbol>
      <symbol id="sm-b7">
         <name>ADCIntEnable</name>
         <value>0x52b</value>
         <object_component_ref idref="oc-f2"/>
      </symbol>
      <symbol id="sm-b8">
         <name>ADCComparatorIntDisable</name>
         <value>0x5c1</value>
         <object_component_ref idref="oc-f2"/>
      </symbol>
      <symbol id="sm-b9">
         <name>ADCBusy</name>
         <value>0x613</value>
         <object_component_ref idref="oc-f2"/>
      </symbol>
      <symbol id="sm-ba">
         <name>ADCComparatorReset</name>
         <value>0x579</value>
         <object_component_ref idref="oc-f2"/>
      </symbol>
      <symbol id="sm-bb">
         <name>ADCReferenceSet</name>
         <value>0x445</value>
         <object_component_ref idref="oc-f2"/>
      </symbol>
      <symbol id="sm-bc">
         <name>ADCPhaseDelayGet</name>
         <value>0x475</value>
         <object_component_ref idref="oc-f2"/>
      </symbol>
      <symbol id="sm-bd">
         <name>ADCSequenceStepConfigure</name>
         <value>0x311</value>
         <object_component_ref idref="oc-f2"/>
      </symbol>
      <symbol id="sm-be">
         <name>ADCSequenceDMADisable</name>
         <value>0x3e9</value>
         <object_component_ref idref="oc-f2"/>
      </symbol>
      <symbol id="sm-bf">
         <name>ADCIntClear</name>
         <value>0x557</value>
         <object_component_ref idref="oc-f2"/>
      </symbol>
      <symbol id="sm-c0">
         <name>ADCHardwareOversampleConfigure</name>
         <value>0x561</value>
         <object_component_ref idref="oc-f2"/>
      </symbol>
      <symbol id="sm-c1">
         <name>ADCIntStatus</name>
         <value>0x4dd</value>
         <object_component_ref idref="oc-f2"/>
      </symbol>
      <symbol id="sm-c2">
         <name>ADCIntRegister</name>
         <value>0x50b</value>
         <object_component_ref idref="oc-f2"/>
      </symbol>
      <symbol id="sm-c3">
         <name>ADCSequenceDisable</name>
         <value>0x3ad</value>
         <object_component_ref idref="oc-f2"/>
      </symbol>
      <symbol id="sm-c4">
         <name>ADCClockConfigSet</name>
         <value>0x5df</value>
         <object_component_ref idref="oc-f2"/>
      </symbol>
      <symbol id="sm-c5">
         <name>ADCSoftwareOversampleDataGet</name>
         <value>0x295</value>
         <object_component_ref idref="oc-f2"/>
      </symbol>
      <symbol id="sm-c6">
         <name>ADCSequenceDataGet</name>
         <value>0x3bb</value>
         <object_component_ref idref="oc-f2"/>
      </symbol>
      <symbol id="sm-111">
         <name>g_ui32SysClock</name>
         <value>0x2000048c</value>
      </symbol>
      <symbol id="sm-112">
         <name>myAtoi</name>
         <value>0x631</value>
         <object_component_ref idref="oc-9b"/>
      </symbol>
      <symbol id="sm-113">
         <name>ADCInput</name>
         <value>0x68b</value>
         <object_component_ref idref="oc-9b"/>
      </symbol>
      <symbol id="sm-114">
         <name>UARTIntHandler</name>
         <value>0x89d</value>
         <object_component_ref idref="oc-9b"/>
      </symbol>
      <symbol id="sm-115">
         <name>main</name>
         <value>0x6fd</value>
         <object_component_ref idref="oc-9b"/>
      </symbol>
      <symbol id="sm-116">
         <name>ConfigureUART</name>
         <value>0x64f</value>
         <object_component_ref idref="oc-9b"/>
      </symbol>
      <symbol id="sm-117">
         <name>max_pulse_width</name>
         <value>0x20000478</value>
         <object_component_ref idref="oc-143"/>
      </symbol>
      <symbol id="sm-118">
         <name>pulse_width</name>
         <value>0x20000470</value>
         <object_component_ref idref="oc-143"/>
      </symbol>
      <symbol id="sm-119">
         <name>min_pulse_width</name>
         <value>0x20000474</value>
         <object_component_ref idref="oc-143"/>
      </symbol>
      <symbol id="sm-11a">
         <name>convert_percentage_to_pulse_width</name>
         <value>0x875</value>
         <object_component_ref idref="oc-9b"/>
      </symbol>
      <symbol id="sm-13b">
         <name>ResetISR</name>
         <value>0x191d</value>
         <object_component_ref idref="oc-27"/>
      </symbol>
      <symbol id="sm-13c">
         <name>g_pfnVectors</name>
         <value>0x0</value>
         <object_component_ref idref="oc-12"/>
      </symbol>
      <symbol id="sm-19e">
         <name>UARTgetc</name>
         <value>0xc55</value>
         <object_component_ref idref="oc-e0"/>
      </symbol>
      <symbol id="sm-19f">
         <name>UARTgets</name>
         <value>0xbd1</value>
         <object_component_ref idref="oc-e0"/>
      </symbol>
      <symbol id="sm-1a0">
         <name>UARTStdioConfig</name>
         <value>0xc6d</value>
         <object_component_ref idref="oc-e0"/>
      </symbol>
      <symbol id="sm-1a1">
         <name>UARTwrite</name>
         <value>0x9a1</value>
         <object_component_ref idref="oc-e0"/>
      </symbol>
      <symbol id="sm-1a2">
         <name>UARTprintf</name>
         <value>0xbb7</value>
         <object_component_ref idref="oc-e0"/>
      </symbol>
      <symbol id="sm-1a3">
         <name>UARTvprintf</name>
         <value>0x9e9</value>
         <object_component_ref idref="oc-e0"/>
      </symbol>
      <symbol id="sm-1cd">
         <name>LEDWrite</name>
         <value>0xed5</value>
         <object_component_ref idref="oc-116"/>
      </symbol>
      <symbol id="sm-1ce">
         <name>LEDRead</name>
         <value>0xf4b</value>
         <object_component_ref idref="oc-116"/>
      </symbol>
      <symbol id="sm-1cf">
         <name>PinoutSet</name>
         <value>0xcf9</value>
         <object_component_ref idref="oc-116"/>
      </symbol>
      <symbol id="sm-1de">
         <name>__aeabi_uidivmod</name>
         <value>0x1655</value>
         <object_component_ref idref="oc-1a2"/>
      </symbol>
      <symbol id="sm-1df">
         <name>__aeabi_uidiv</name>
         <value>0x1655</value>
         <object_component_ref idref="oc-1a2"/>
      </symbol>
      <symbol id="sm-1f8">
         <name>__TI_zero_init_nomemset</name>
         <value>0x182b</value>
         <object_component_ref idref="oc-47"/>
      </symbol>
      <symbol id="sm-20f">
         <name>__TI_decompress_none</name>
         <value>0x1903</value>
         <object_component_ref idref="oc-1b"/>
      </symbol>
      <symbol id="sm-232">
         <name>__TI_decompress_lzss</name>
         <value>0x14c5</value>
         <object_component_ref idref="oc-15"/>
      </symbol>
      <symbol id="sm-245">
         <name>__stack</name>
         <value>0x20000270</value>
         <object_component_ref idref="oc-24"/>
      </symbol>
      <symbol id="sm-246">
         <name>_c_int00_noargs</name>
         <value>0x1769</value>
         <object_component_ref idref="oc-59"/>
      </symbol>
      <symbol id="sm-250">
         <name>__aeabi_idiv0</name>
         <value>0x1937</value>
         <object_component_ref idref="oc-249"/>
      </symbol>
      <symbol id="sm-251">
         <name>__aeabi_ldiv0</name>
         <value>0x1937</value>
         <object_component_ref idref="oc-249"/>
      </symbol>
      <symbol id="sm-26d">
         <name>memcpy</name>
         <value>0x1359</value>
         <object_component_ref idref="oc-3b"/>
      </symbol>
      <symbol id="sm-26e">
         <name>__aeabi_memcpy</name>
         <value>0x1359</value>
         <object_component_ref idref="oc-3b"/>
      </symbol>
      <symbol id="sm-26f">
         <name>__aeabi_memcpy8</name>
         <value>0x1359</value>
         <object_component_ref idref="oc-3b"/>
      </symbol>
      <symbol id="sm-270">
         <name>__aeabi_memcpy4</name>
         <value>0x1359</value>
         <object_component_ref idref="oc-3b"/>
      </symbol>
      <symbol id="sm-298">
         <name>__TI_auto_init_nobinit_nopinit</name>
         <value>0x1611</value>
         <object_component_ref idref="oc-153"/>
      </symbol>
      <symbol id="sm-2a2">
         <name>_system_pre_init</name>
         <value>0x192f</value>
         <object_component_ref idref="oc-95"/>
      </symbol>
      <symbol id="sm-2ae">
         <name>C$$EXIT</name>
         <value>0x1933</value>
         <object_component_ref idref="oc-147"/>
      </symbol>
      <symbol id="sm-2af">
         <name>abort</name>
         <value>0x1933</value>
         <object_component_ref idref="oc-147"/>
      </symbol>
      <symbol id="sm-31f">
         <name>GPIOPinTypePWM</name>
         <value>0x188d</value>
         <object_component_ref idref="oc-110"/>
      </symbol>
      <symbol id="sm-320">
         <name>GPIOPinConfigure</name>
         <value>0x157d</value>
         <object_component_ref idref="oc-ce"/>
      </symbol>
      <symbol id="sm-321">
         <name>GPIOPinTypeADC</name>
         <value>0x1861</value>
         <object_component_ref idref="oc-ec"/>
      </symbol>
      <symbol id="sm-322">
         <name>GPIOPinTypeUART</name>
         <value>0x18a3</value>
         <object_component_ref idref="oc-d4"/>
      </symbol>
      <symbol id="sm-323">
         <name>GPIOPinTypeGPIOOutput</name>
         <value>0x1847</value>
         <object_component_ref idref="oc-11c"/>
      </symbol>
      <symbol id="sm-324">
         <name>GPIODirModeSet</name>
         <value>0x179d</value>
         <object_component_ref idref="oc-193"/>
      </symbol>
      <symbol id="sm-325">
         <name>GPIOPadConfigSet</name>
         <value>0x11ed</value>
         <object_component_ref idref="oc-199"/>
      </symbol>
      <symbol id="sm-326">
         <name>GPIOPinTypeEthernetLED</name>
         <value>0x1877</value>
         <object_component_ref idref="oc-1f4"/>
      </symbol>
      <symbol id="sm-386">
         <name>IntEnable</name>
         <value>0x145d</value>
         <object_component_ref idref="oc-1cb"/>
      </symbol>
      <symbol id="sm-387">
         <name>IntDisable</name>
         <value>0x13f5</value>
         <object_component_ref idref="oc-1b9"/>
      </symbol>
      <symbol id="sm-388">
         <name>IntRegister</name>
         <value>0x16cd</value>
         <object_component_ref idref="oc-1c5"/>
      </symbol>
      <symbol id="sm-389">
         <name>IntUnregister</name>
         <value>0x18b9</value>
         <object_component_ref idref="oc-1bf"/>
      </symbol>
      <symbol id="sm-38a">
         <name>g_pfnRAMVectors</name>
         <value>0x20000000</value>
         <object_component_ref idref="oc-25c"/>
      </symbol>
      <symbol id="sm-3b7">
         <name>PWMGenPeriodSet</name>
         <value>0x18f3</value>
         <object_component_ref idref="oc-128"/>
      </symbol>
      <symbol id="sm-3b8">
         <name>PWMPulseWidthSet</name>
         <value>0x180d</value>
         <object_component_ref idref="oc-12e"/>
      </symbol>
      <symbol id="sm-3b9">
         <name>PWMOutputState</name>
         <value>0x18e1</value>
         <object_component_ref idref="oc-13a"/>
      </symbol>
      <symbol id="sm-3ba">
         <name>PWMGenEnable</name>
         <value>0x1911</value>
         <object_component_ref idref="oc-134"/>
      </symbol>
      <symbol id="sm-3bb">
         <name>PWMGenConfigure</name>
         <value>0x17c9</value>
         <object_component_ref idref="oc-122"/>
      </symbol>
      <symbol id="sm-454">
         <name>SysCtlPeripheralEnable</name>
         <value>0x1735</value>
         <object_component_ref idref="oc-c8"/>
      </symbol>
      <symbol id="sm-455">
         <name>SysCtlPeripheralDisable</name>
         <value>0x1701</value>
         <object_component_ref idref="oc-104"/>
      </symbol>
      <symbol id="sm-456">
         <name>SysCtlPWMClockSet</name>
         <value>0x18cd</value>
         <object_component_ref idref="oc-fe"/>
      </symbol>
      <symbol id="sm-457">
         <name>SysCtlPeripheralReady</name>
         <value>0x1695</value>
         <object_component_ref idref="oc-e6"/>
      </symbol>
      <symbol id="sm-458">
         <name>SysCtlClockFreqSet</name>
         <value>0xfed</value>
         <object_component_ref idref="oc-f8"/>
      </symbol>
      <symbol id="sm-459">
         <name>SysCtlPeripheralReset</name>
         <value>0x152d</value>
         <object_component_ref idref="oc-10a"/>
      </symbol>
      <symbol id="sm-466">
         <name>UARTClockSourceSet</name>
         <value>0x1929</value>
         <object_component_ref idref="oc-da"/>
      </symbol>
      <symbol id="sm-468">
         <name>__TI_static_base__</name>
         <value>0x0</value>
      </symbol>
      <symbol id="sm-46b">
         <name>__mpu_init</name>
         <value>0x0</value>
      </symbol>
      <symbol id="sm-46c">
         <name>_system_post_cinit</name>
         <value>0x0</value>
      </symbol>
   </symbol_table>
   <title>Link successful</title>
</link_info>
